Component: ARM Compiler 5.06 update 7 (build 960) Tool: armlink [4d3601]

==============================================================================

Section Cross References

    startup_stm32g474xx.o(STACK) refers (Special) to heapauxi.o(.text) for __use_two_region_memory
    startup_stm32g474xx.o(HEAP) refers (Special) to heapauxi.o(.text) for __use_two_region_memory
    startup_stm32g474xx.o(RESET) refers (Special) to heapauxi.o(.text) for __use_two_region_memory
    startup_stm32g474xx.o(RESET) refers to startup_stm32g474xx.o(STACK) for __initial_sp
    startup_stm32g474xx.o(RESET) refers to startup_stm32g474xx.o(.text) for Reset_Handler
    startup_stm32g474xx.o(RESET) refers to stm32g4xx_it.o(i.NMI_Handler) for NMI_Handler
    startup_stm32g474xx.o(RESET) refers to stm32g4xx_it.o(i.HardFault_Handler) for HardFault_Handler
    startup_stm32g474xx.o(RESET) refers to stm32g4xx_it.o(i.MemManage_Handler) for MemManage_Handler
    startup_stm32g474xx.o(RESET) refers to stm32g4xx_it.o(i.BusFault_Handler) for BusFault_Handler
    startup_stm32g474xx.o(RESET) refers to stm32g4xx_it.o(i.UsageFault_Handler) for UsageFault_Handler
    startup_stm32g474xx.o(RESET) refers to stm32g4xx_it.o(i.SVC_Handler) for SVC_Handler
    startup_stm32g474xx.o(RESET) refers to stm32g4xx_it.o(i.DebugMon_Handler) for DebugMon_Handler
    startup_stm32g474xx.o(RESET) refers to stm32g4xx_it.o(i.PendSV_Handler) for PendSV_Handler
    startup_stm32g474xx.o(RESET) refers to stm32g4xx_it.o(i.SysTick_Handler) for SysTick_Handler
    startup_stm32g474xx.o(RESET) refers to stm32g4xx_it.o(i.DMA1_Channel1_IRQHandler) for DMA1_Channel1_IRQHandler
    startup_stm32g474xx.o(RESET) refers to stm32g4xx_it.o(i.DMA1_Channel2_IRQHandler) for DMA1_Channel2_IRQHandler
    startup_stm32g474xx.o(RESET) refers to stm32g4xx_it.o(i.TIM2_IRQHandler) for TIM2_IRQHandler
    startup_stm32g474xx.o(RESET) refers to stm32g4xx_it.o(i.USART2_IRQHandler) for USART2_IRQHandler
    startup_stm32g474xx.o(.text) refers (Special) to heapauxi.o(.text) for __use_two_region_memory
    startup_stm32g474xx.o(.text) refers to system_stm32g4xx.o(i.SystemInit) for SystemInit
    startup_stm32g474xx.o(.text) refers to __main.o(!!!main) for __main
    startup_stm32g474xx.o(.text) refers to startup_stm32g474xx.o(HEAP) for Heap_Mem
    startup_stm32g474xx.o(.text) refers to startup_stm32g474xx.o(STACK) for Stack_Mem
    oled.o(i.Draw_Logo1) refers to oled.o(i.OLED_SetPos) for OLED_SetPos
    oled.o(i.Draw_Logo1) refers to oled.o(i.WriteDat) for WriteDat
    oled.o(i.Draw_Logo1) refers to stm32g4xx_hal.o(i.HAL_Delay) for HAL_Delay
    oled.o(i.Draw_Logo1) refers to oled.o(i.OLED_CLS) for OLED_CLS
    oled.o(i.Draw_Logo1) refers to oled.o(.constdata) for .constdata
    oled.o(i.OLEDShowData) refers to oled.o(i.OLED_ShowStr) for OLED_ShowStr
    oled.o(i.OLED_CLS) refers to oled.o(i.OLED_Fill) for OLED_Fill
    oled.o(i.OLED_CLS) refers to stm32g4xx_hal.o(i.HAL_Delay) for HAL_Delay
    oled.o(i.OLED_DrawBMP) refers to oled.o(i.OLED_SetPos) for OLED_SetPos
    oled.o(i.OLED_DrawBMP) refers to oled.o(i.WriteDat) for WriteDat
    oled.o(i.OLED_Fill) refers to oled.o(i.WriteCmd) for WriteCmd
    oled.o(i.OLED_Fill) refers to oled.o(i.WriteDat) for WriteDat
    oled.o(i.OLED_Init) refers to stm32g4xx_hal.o(i.HAL_Delay) for HAL_Delay
    oled.o(i.OLED_Init) refers to oled.o(i.WriteCmd) for WriteCmd
    oled.o(i.OLED_OFF) refers to oled.o(i.WriteCmd) for WriteCmd
    oled.o(i.OLED_ON) refers to oled.o(i.WriteCmd) for WriteCmd
    oled.o(i.OLED_SHOW) refers to oled.o(i.OLED_ShowStr) for OLED_ShowStr
    oled.o(i.OLED_SHOW) refers to oled.o(i.OLEDShowData) for OLEDShowData
    oled.o(i.OLED_SHOW) refers to signalgen.o(.data) for freq
    oled.o(i.OLED_SHOW) refers to main.o(.data) for ADC_ConvertedValue
    oled.o(i.OLED_SetPos) refers to oled.o(i.WriteCmd) for WriteCmd
    oled.o(i.OLED_ShowCN) refers to oled.o(i.OLED_SetPos) for OLED_SetPos
    oled.o(i.OLED_ShowCN) refers to oled.o(i.WriteDat) for WriteDat
    oled.o(i.OLED_ShowCN) refers to oled.o(.data) for .data
    oled.o(i.OLED_ShowChar) refers to oled.o(i.OLED_SetPos) for OLED_SetPos
    oled.o(i.OLED_ShowChar) refers to oled.o(i.WriteDat) for WriteDat
    oled.o(i.OLED_ShowChar) refers to oled.o(.constdata) for .constdata
    oled.o(i.OLED_ShowNum) refers to oled.o(i.oled_pow) for oled_pow
    oled.o(i.OLED_ShowNum) refers to oled.o(i.OLED_ShowChar) for OLED_ShowChar
    oled.o(i.OLED_ShowStr) refers to oled.o(i.OLED_SetPos) for OLED_SetPos
    oled.o(i.OLED_ShowStr) refers to oled.o(i.WriteDat) for WriteDat
    oled.o(i.OLED_ShowStr) refers to oled.o(.constdata) for .constdata
    oled.o(i.WriteCmd) refers to stm32g4xx_hal_i2c.o(i.HAL_I2C_Mem_Write) for HAL_I2C_Mem_Write
    oled.o(i.WriteCmd) refers to i2c.o(.bss) for hi2c1
    oled.o(i.WriteDat) refers to stm32g4xx_hal_i2c.o(i.HAL_I2C_Mem_Write) for HAL_I2C_Mem_Write
    oled.o(i.WriteDat) refers to i2c.o(.bss) for hi2c1
[...]
    i.MX_DAC3_Init                           0x080044cc   Section        0  dac.o(i.MX_DAC3_Init)
    i.MX_DMA_Init                            0x08004578   Section        0  dma.o(i.MX_DMA_Init)
    i.MX_GPIO_Init                           0x080045c4   Section        0  gpio.o(i.MX_GPIO_Init)
    i.MX_HRTIM1_Init                         0x08004654   Section        0  hrtim.o(i.MX_HRTIM1_Init)
    i.MX_I2C1_Init                           0x080049bc   Section        0  i2c.o(i.MX_I2C1_Init)
    i.MX_TIM2_Init                           0x08004a14   Section        0  tim.o(i.MX_TIM2_Init)
    i.MX_USART2_UART_Init                    0x08004a7c   Section        0  usart.o(i.MX_USART2_UART_Init)
    i.MemManage_Handler                      0x08004ae4   Section        0  stm32g4xx_it.o(i.MemManage_Handler)
    i.NMI_Handler                            0x08004ae6   Section        0  stm32g4xx_it.o(i.NMI_Handler)
    i.OLEDShowData                           0x08004ae8   Section        0  oled.o(i.OLEDShowData)
    i.OLED_CLS                               0x08004b64   Section        0  oled.o(i.OLED_CLS)
    i.OLED_Fill                              0x08004b78   Section        0  oled.o(i.OLED_Fill)
    i.OLED_Init                              0x08004bb0   Section        0  oled.o(i.OLED_Init)
    i.OLED_ON                                0x08004c6a   Section        0  oled.o(i.OLED_ON)
    i.OLED_SHOW                              0x08004c84   Section        0  oled.o(i.OLED_SHOW)
    i.OLED_SetPos                            0x0800513e   Section        0  oled.o(i.OLED_SetPos)
    i.OLED_ShowStr                           0x08005164   Section        0  oled.o(i.OLED_ShowStr)
    i.PendSV_Handler                         0x0800523c   Section        0  stm32g4xx_it.o(i.PendSV_Handler)
    i.SVC_Handler                            0x0800523e   Section        0  stm32g4xx_it.o(i.SVC_Handler)
    i.SysTick_Handler                        0x08005240   Section        0  stm32g4xx_it.o(i.SysTick_Handler)
    i.SystemClock_Config                     0x08005244   Section        0  main.o(i.SystemClock_Config)
    i.SystemInit                             0x080052a8   Section        0  system_stm32g4xx.o(i.SystemInit)
    i.TIM2_IRQHandler                        0x080052b8   Section        0  stm32g4xx_it.o(i.TIM2_IRQHandler)
    i.TIM_Base_SetConfig                     0x08005324   Section        0  stm32g4xx_hal_tim.o(i.TIM_Base_SetConfig)
    i.TIM_ETR_SetConfig                      0x080053f8   Section        0  stm32g4xx_hal_tim.o(i.TIM_ETR_SetConfig)
    i.TIM_ITRx_SetConfig                     0x0800540c   Section        0  stm32g4xx_hal_tim.o(i.TIM_ITRx_SetConfig)
    TIM_ITRx_SetConfig                       0x0800540d   Thumb Code    16  stm32g4xx_hal_tim.o(i.TIM_ITRx_SetConfig)
    i.TIM_TI1_ConfigInputStage               0x08005420   Section        0  stm32g4xx_hal_tim.o(i.TIM_TI1_ConfigInputStage)
    TIM_TI1_ConfigInputStage                 0x08005421   Thumb Code    34  stm32g4xx_hal_tim.o(i.TIM_TI1_ConfigInputStage)
    i.TIM_TI2_ConfigInputStage               0x08005442   Section        0  stm32g4xx_hal_tim.o(i.TIM_TI2_ConfigInputStage)
    TIM_TI2_ConfigInputStage                 0x08005443   Thumb Code    36  stm32g4xx_hal_tim.o(i.TIM_TI2_ConfigInputStage)
    i.UARTEx_SetNbDataToProcess              0x08005468   Section        0  stm32g4xx_hal_uart_ex.o(i.UARTEx_SetNbDataToProcess)
    UARTEx_SetNbDataToProcess                0x08005469   Thumb Code    62  stm32g4xx_hal_uart_ex.o(i.UARTEx_SetNbDataToProcess)
    i.UART_AdvFeatureConfig                  0x080054ac   Section        0  stm32g4xx_hal_uart.o(i.UART_AdvFeatureConfig)
    i.UART_CheckIdleState                    0x08005574   Section        0  stm32g4xx_hal_uart.o(i.UART_CheckIdleState)
    i.UART_DMAAbortOnError                   0x080055d4   Section        0  stm32g4xx_hal_uart.o(i.UART_DMAAbortOnError)
    UART_DMAAbortOnError                     0x080055d5   Thumb Code    20  stm32g4xx_hal_uart.o(i.UART_DMAAbortOnError)
    i.UART_EndRxTransfer                     0x080055e8   Section        0  stm32g4xx_hal_uart.o(i.UART_EndRxTransfer)
    UART_EndRxTransfer                       0x080055e9   Thumb Code    78  stm32g4xx_hal_uart.o(i.UART_EndRxTransfer)
    i.UART_SetConfig                         0x0800563c   Section        0  stm32g4xx_hal_uart.o(i.UART_SetConfig)
    i.UART_WaitOnFlagUntilTimeout            0x080058d4   Section        0  stm32g4xx_hal_uart.o(i.UART_WaitOnFlagUntilTimeout)
    i.USART2_IRQHandler                      0x0800599c   Section        0  stm32g4xx_it.o(i.USART2_IRQHandler)
    i.UsageFault_Handler                     0x080059a8   Section        0  stm32g4xx_it.o(i.UsageFault_Handler)
    i.WriteCmd                               0x080059ac   Section        0  oled.o(i.WriteCmd)
    i.WriteDat                               0x080059d0   Section        0  oled.o(i.WriteDat)
    i.__NVIC_SetPriority                     0x080059f4   Section        0  stm32g4xx_hal_cortex.o(i.__NVIC_SetPriority)
    __NVIC_SetPriority                       0x080059f5   Thumb Code    32  stm32g4xx_hal_cortex.o(i.__NVIC_SetPriority)
    i.act0                                   0x08005a14   Section        0  key.o(i.act0)
    i.act1                                   0x08005a1c   Section        0  key.o(i.act1)
    i.act2                                   0x08005a3c   Section        0  key.o(i.act2)
    i.act3                                   0x08005a50   Section        0  key.o(i.act3)
    i.callback10                             0x08005a7a   Section        0  key.o(i.callback10)
    i.callback11                             0x08005a7c   Section        0  key.o(i.callback11)
    i.callback12                             0x08005a98   Section        0  key.o(i.callback12)
    i.callback13                             0x08005aa4   Section        0  key.o(i.callback13)
    i.callback20                             0x08005ab0   Section        0  key.o(i.callback20)
    i.callback21                             0x08005ab4   Section        0  key.o(i.callback21)
    i.callback22                             0x08005ad0   Section        0  key.o(i.callback22)
    i.callback23                             0x08005adc   Section        0  key.o(i.callback23)
    i.callback30                             0x08005ae8   Section        0  key.o(i.callback30)
    i.callback31                             0x08005aec   Section        0  key.o(i.callback31)
    i.callback32                             0x08005b94   Section        0  key.o(i.callback32)
    i.callback33                             0x08005ba0   Section        0  key.o(i.callback33)
    i.callback40                             0x08005c44   Section        0  key.o(i.callback40)
    i.callback41                             0x08005c48   Section        0  key.o(i.callback41)
    i.callback42                             0x08005ce0   Section        0  key.o(i.callback42)
    i.callback43                             0x08005cec   Section        0  key.o(i.callback43)
    i.main                                   0x08005d8c   Section        0  main.o(i.main)
    i.signalCal                              0x08005e48   Section        0  signalgen.o(i.signalCal)
    i.signalGen                              0x08005f50   Section        0  signalgen.o(i.signalGen)
    i.signal_init                            0x08005fac   Section        0  signalgen.o(i.signal_init)
    x$fpl$fpinit                             0x08005fe0   Section       10  fpinit.o(x$fpl$fpinit)
    $v0                                      0x08005fe0   Number         0  fpinit.o(x$fpl$fpinit)
    .constdata                               0x08005fea   Section     3096  oled.o(.constdata)
    .constdata                               0x08006c02   Section       24  stm32g4xx_hal_uart.o(.constdata)
    .constdata                               0x08006c1a   Section       16  stm32g4xx_hal_uart_ex.o(.constdata)
    numerator                                0x08006c1a   Data           8  stm32g4xx_hal_uart_ex.o(.constdata)
    denominator                              0x08006c22   Data           8  stm32g4xx_hal_uart_ex.o(.constdata)
    .constdata                               0x08006c2a   Section       16  system_stm32g4xx.o(.constdata)
    .constdata                               0x08006c3a   Section        8  system_stm32g4xx.o(.constdata)
    .data                                    0x20000000   Section      200  key.o(.data)
    .data                                    0x200000c8   Section       52  signalgen.o(.data)
    .data                                    0x200000fc   Section        6  main.o(.data)
    .data                                    0x20000104   Section        4  main.o(.data)
    .data                                    0x20000108   Section        4  adc.o(.data)
    HAL_RCC_ADC12_CLK_ENABLED                0x20000108   Data           4  adc.o(.data)
    .data                                    0x2000010c   Section       12  stm32g4xx_hal.o(.data)
    .data                                    0x20000118   Section        4  system_stm32g4xx.o(.data)
    .bss                                     0x2000011c   Section      312  adc.o(.bss)
    .bss                                     0x20000254   Section       72  comp.o(.bss)
    .bss                                     0x2000029c   Section       20  dac.o(.bss)
    .bss                                     0x200002b0   Section      252  hrtim.o(.bss)
    .bss                                     0x200003ac   Section       76  i2c.o(.bss)
    .bss                                     0x200003f8   Section       76  tim.o(.bss)
    .bss                                     0x20000444   Section      240  usart.o(.bss)
    .bss                                     0x20000534   Section       96  libspace.o(.bss)
    HEAP                                     0x20000598   Section      512  startup_stm32g474xx.o(HEAP)
    Heap_Mem                                 0x20000598   Data         512  startup_stm32g474xx.o(HEAP)
    STACK                                    0x20000798   Section     1024  startup_stm32g474xx.o(STACK)
    Stack_Mem                                0x20000798   Data        1024  startup_stm32g474xx.o(STACK)
    __initial_sp                             0x20000b98   Data           0  startup_stm32g474xx.o(STACK)

    Global Symbols

    Symbol Name                              Value     Ov Type        Size  Object(Section)

    BuildAttributes$$THM_ISAv4$E$P$D$K$B$S$7EM$VFPi3$EXTD16$VFPS$VFMA$PE$A:L22UL41UL21$X:L11$S22US41US21$IEEE1$IW$USESV6$~STKCKD$USESV7$~SHL$OSPACE$ROPI$EBA8$UX$STANDARDLIB$REQ8$PRES8$EABIv2 0x00000000   Number         0  anon$$obj.o ABSOLUTE
    __ARM_use_no_argv                        0x00000000   Number         0  main.o ABSOLUTE
    __ARM_exceptions_init                     - Undefined Weak Reference
    __alloca_initialize                       - Undefined Weak Reference
    __arm_fini_                               - Undefined Weak Reference
    __arm_preinit_                            - Undefined Weak Reference
    __cpp_initialize__aeabi_                  - Undefined Weak Reference
    __cxa_finalize                            - Undefined Weak Reference
    __rt_locale                               - Undefined Weak Reference
    __sigvec_lookup                           - Undefined Weak Reference
    _atexit_init                              - Undefined Weak Reference
    _call_atexit_fns                          - Undefined Weak Reference
    _clock_init                               - Undefined Weak Reference
    _fp_trap_init                             - Undefined Weak Reference
    _fp_trap_shutdown                         - Undefined Weak Reference
    _get_lc_collate                           - Undefined Weak Reference
    _get_lc_ctype                             - Undefined Weak Reference
    _get_lc_monetary                          - Undefined Weak Reference
    _get_lc_numeric                           - Undefined Weak Reference
    _get_lc_time                              - Undefined Weak Reference
    _getenv_init                              - Undefined Weak Reference
    _handle_redirection                       - Undefined Weak Reference
    _init_alloc                               - Undefined Weak Reference
    _init_user_alloc                          - Undefined Weak Reference
    _initio                                   - Undefined Weak Reference
    _rand_init                                - Undefined Weak Reference
    _signal_finish                            - Undefined Weak Reference
    _signal_init                              - Undefined Weak Reference
    _terminate_alloc                          - Undefined Weak Reference
    _terminate_user_alloc                     - Undefined Weak Reference
    _terminateio                              - Undefined Weak Reference
    __Vectors_Size                           0x000001d8   Number         0  startup_stm32g474xx.o ABSOLUTE
    __Vectors                                0x08000000   Data           4  startup_stm32g474xx.o(RESET)
    __Vectors_End                            0x080001d8   Data           0  startup_stm32g474xx.o(RESET)
    __main                                   0x080001d9   Thumb Code     8  __main.o(!!!main)
    __scatterload                            0x080001e1   Thumb Code     0  __scatter.o(!!!scatter)
    __scatterload_rt2                        0x080001e1   Thumb Code    44  __scatter.o(!!!scatter)
    __scatterload_rt2_thumb_only             0x080001e1   Thumb Code     0  __scatter.o(!!!scatter)
    __scatterload_null                       0x080001ef   Thumb Code     0  __scatter.o(!!!scatter)
    __scatterload_copy                       0x08000215   Thumb Code    26  __scatter_copy.o(!!handler_copy)
    __scatterload_zeroinit                   0x08000231   Thumb Code    28  __scatter_zi.o(!!handler_zi)
    __rt_lib_init                            0x0800024d   Thumb Code     0  libinit.o(.ARM.Collect$$libinit$$00000000)
    __rt_lib_init_fp_1                       0x0800024f   Thumb Code     0  libinit2.o(.ARM.Collect$$libinit$$00000001)
    __rt_lib_init_alloca_1                   0x08000253   Thumb Code     0  libinit2.o(.ARM.Collect$$libinit$$0000002E)
    __rt_lib_init_argv_1                     0x08000253   Thumb Code     0  libinit2.o(.ARM.Collect$$libinit$$0000002C)
    __rt_lib_init_atexit_1                   0x08000253   Thumb Code     0  libinit2.o(.ARM.Collect$$libinit$$0000001B)
    __rt_lib_init_clock_1                    0x08000253   Thumb Code     0  libinit2.o(.ARM.Collect$$libinit$$00000021)
    __rt_lib_init_cpp_1                      0x08000253   Thumb Code     0  libinit2.o(.ARM.Collect$$libinit$$00000032)
    __rt_lib_init_exceptions_1               0x08000253   Thumb Code     0  libinit2.o(.ARM.Collect$$libinit$$00000030)
    __rt_lib_init_fp_trap_1                  0x08000253   Thumb Code     0  libinit2.o(.ARM.Collect$$libinit$$0000001F)
    __rt_lib_init_getenv_1                   0x08000253   Thumb Code     0  libinit2.o(.ARM.Collect$$libinit$$00000023)
    __rt_lib_init_heap_1                     0x08000253   Thumb Code     0  libinit2.o(.ARM.Collect$$libinit$$0000000A)
    __rt_lib_init_lc_collate_1               0x08000253   Thumb Code     0  libinit2.o(.ARM.Collect$$libinit$$00000011)
    __rt_lib_init_lc_ctype_1                 0x08000253   Thumb Code     0  libinit2.o(.ARM.Collect$$libinit$$00000013)
    __rt_lib_init_lc_monetary_1              0x08000253   Thumb Code     0  libinit2.o(.ARM.Collect$$libinit$$00000015)
    __rt_lib_init_lc_numeric_1               0x08000253   Thumb Code     0  libinit2.o(.ARM.Collect$$libinit$$00000017)
    __rt_lib_init_lc_time_1                  0x08000253   Thumb Code     0  libinit2.o(.ARM.Collect$$libinit$$00000019)
    __rt_lib_init_preinit_1                  0x08000253   Thumb Code     0  libinit2.o(.ARM.Collect$$libinit$$00000004)
    __rt_lib_init_rand_1                     0x08000253   Thumb Code     0  libinit2.o(.ARM.Collect$$libinit$$0000000E)
    __rt_lib_init_return                     0x08000253   Thumb Code     0  libinit2.o(.ARM.Collect$$libinit$$00000033)
    __rt_lib_init_signal_1                   0x08000253   Thumb Code     0  libinit2.o(.ARM.Collect$$libinit$$0000001D)
    __rt_lib_init_stdio_1                    0x08000253   Thumb Code     0  libinit2.o(.ARM.Collect$$libinit$$00000025)
    __rt_lib_init_user_alloc_1               0x08000253   Thumb Code     0  libinit2.o(.ARM.Collect$$libinit$$0000000C)
    __rt_lib_shutdown                        0x08000255   Thumb Code     0  libshutdown.o(.ARM.Collect$$libshutdown$$00000000)
    __rt_lib_shutdown_cpp_1                  0x08000257   Thumb Code     0  libshutdown2.o(.ARM.Collect$$libshutdown$$00000004)
    __rt_lib_shutdown_fini_1                 0x08000257   Thumb Code     0  libshutdown2.o(.ARM.Collect$$libshutdown$$00000002)
    __rt_lib_shutdown_fp_trap_1              0x08000257   Thumb Code     0  libshutdown2.o(.ARM.Collect$$libshutdown$$00000009)
    __rt_lib_shutdown_heap_1                 0x08000257   Thumb Code     0  libshutdown2.o(.ARM.Collect$$libshutdown$$00000011)
    __rt_lib_shutdown_return                 0x08000257   Thumb Code     0  libshutdown2.o(.ARM.Collect$$libshutdown$$00000012)
    __rt_lib_shutdown_signal_1               0x08000257   Thumb Code     0  libshutdown2.o(.ARM.Collect$$libshutdown$$0000000C)
    __rt_lib_shutdown_stdio_1                0x08000257   Thumb Code     0  libshutdown2.o(.ARM.Collect$$libshutdown$$00000006)
    __rt_lib_shutdown_user_alloc_1           0x08000257   Thumb Code     0  libshutdown2.o(.ARM.Collect$$libshutdown$$0000000E)
    __rt_entry                               0x08000259   Thumb Code     0  __rtentry.o(.ARM.Collect$$rtentry$$00000000)
    __rt_entry_presh_1                       0x08000259   Thumb Code     0  __rtentry2.o(.ARM.Collect$$rtentry$$00000002)
    __rt_entry_sh                            0x08000259   Thumb Code     0  __rtentry4.o(.ARM.Collect$$rtentry$$00000004)
    __rt_entry_li                            0x0800025f   Thumb Code     0  __rtentry2.o(.ARM.Collect$$rtentry$$0000000A)
    __rt_entry_postsh_1                      0x0800025f   Thumb Code     0  __rtentry2.o(.ARM.Collect$$rtentry$$00000009)
    __rt_entry_main                          0x08000263   Thumb Code     0  __rtentry2.o(.ARM.Collect$$rtentry$$0000000D)
    __rt_entry_postli_1                      0x08000263   Thumb Code     0  __rtentry2.o(.ARM.Collect$$rtentry$$0000000C)
    __rt_exit                                0x0800026b   Thumb Code     0  rtexit.o(.ARM.Collect$$rtexit$$00000000)
    __rt_exit_ls                             0x0800026d   Thumb Code     0  rtexit2.o(.ARM.Collect$$rtexit$$00000003)
    __rt_exit_prels_1                        0x0800026d   Thumb Code     0  rtexit2.o(.ARM.Collect$$rtexit$$00000002)
    __rt_exit_exit                           0x08000271   Thumb Code     0  rtexit2.o(.ARM.Collect$$rtexit$$00000004)
    Reset_Handler                            0x08000279   Thumb Code     8  startup_stm32g474xx.o(.text)
    ADC1_2_IRQHandler                        0x08000293   Thumb Code     0  startup_stm32g474xx.o(.text)
    ADC3_IRQHandler                          0x08000293   Thumb Code     0  startup_stm32g474xx.o(.text)
    ADC4_IRQHandler                          0x08000293   Thumb Code     0  startup_stm32g474xx.o(.text)
    ADC5_IRQHandler                          0x08000293   Thumb Code     0  startup_stm32g474xx.o(.text)
    COMP1_2_3_IRQHandler                     0x08000293   Thumb Code     0  startup_stm32g474xx.o(.text)
    COMP4_5_6_IRQHandler                     0x08000293   Thumb Code     0  startup_stm32g474xx.o(.text)
    COMP7_IRQHandler                         0x08000293   Thumb Code     0  startup_stm32g474xx.o(.text)
    CORDIC_IRQHandler                        0x08000293   Thumb Code     0  startup_stm32g474xx.o(.text)
    CRS_IRQHandler                           0x08000293   Thumb Code     0  startup_stm32g474xx.o(.text)
    DMA1_Channel3_IRQHandler                 0x08000293   Thumb Code     0  startup_stm32g474xx.o(.text)
    DMA1_Channel4_IRQHandler                 0x08000293   Thumb Code     0  startup_stm32g474xx.o(.text)
    DMA1_Channel5_IRQHandler                 0x08000293   Thumb Code     0  startup_stm32g474xx.o(.text)
    DMA1_Channel6_IRQHandler                 0x08000293   Thumb Code     0  startup_stm32g474xx.o(.text)
    DMA1_Channel7_IRQHandler                 0x08000293   Thumb Code     0  startup_stm32g474xx.o(.text)
    DMA1_Channel8_IRQHandler                 0x08000293   Thumb Code     0  startup_stm32g474xx.o(.text)
    DMA2_Channel1_IRQHandler                 0x08000293   Thumb Code     0  startup_stm32g474xx.o(.text)
    DMA2_Channel2_IRQHandler                 0x08000293   Thumb Code     0  startup_stm32g474xx.o(.text)
    DMA2_Channel3_IRQHandler                 0x08000293   Thumb Code     0  startup_stm32g474xx.o(.text)
    DMA2_Channel4_IRQHandler                 0x08000293   Thumb Code     0  startup_stm32g474xx.o(.text)
    DMA2_Channel5_IRQHandler                 0x08000293   Thumb Code     0  startup_stm32g474xx.o(.text)
    DMA2_Channel6_IRQHandler                 0x08000293   Thumb Code     0  startup_stm32g474xx.o(.text)
    DMA2_Channel7_IRQHandler                 0x08000293   Thumb Code     0  startup_stm32g474xx.o(.text)
    DMA2_Channel8_IRQHandler                 0x08000293   Thumb Code     0  startup_stm32g474xx.o(.text)
    DMAMUX_OVR_IRQHandler                    0x08000293   Thumb Code     0  startup_stm32g474xx.o(.text)
    EXTI0_IRQHandler                         0x08000293   Thumb Code     0  startup_stm32g474xx.o(.text)
    EXTI15_10_IRQHandler                     0x08000293   Thumb Code     0  startup_stm32g474xx.o(.text)
    EXTI1_IRQHandler                         0x08000293   Thumb Code     0  startup_stm32g474xx.o(.text)
    EXTI2_IRQHandler                         0x08000293   Thumb Code     0  startup_stm32g474xx.o(.text)
    EXTI3_IRQHandler                         0x08000293   Thumb Code     0  startup_stm32g474xx.o(.text)
    EXTI4_IRQHandler                         0x08000293   Thumb Code     0  startup_stm32g474xx.o(.text)
    EXTI9_5_IRQHandler                       0x08000293   Thumb Code     0  startup_stm32g474xx.o(.text)
    FDCAN1_IT0_IRQHandler                    0x08000293   Thumb Code     0  startup_stm32g474xx.o(.text)
    FDCAN1_IT1_IRQHandler                    0x08000293   Thumb Code     0  startup_stm32g474xx.o(.text)
    FDCAN2_IT0_IRQHandler                    0x08000293   Thumb Code     0  startup_stm32g474xx.o(.text)
    FDCAN2_IT1_IRQHandler                    0x08000293   Thumb Code     0  startup_stm32g474xx.o(.text)
    FDCAN3_IT0_IRQHandler                    0x08000293   Thumb Code     0  startup_stm32g474xx.o(.text)
    FDCAN3_IT1_IRQHandler                    0x08000293   Thumb Code     0  startup_stm32g474xx.o(.text)
    FLASH_IRQHandler                         0x08000293   Thumb Code     0  startup_stm32g474xx.o(.text)
    FMAC_IRQHandler                          0x08000293   Thumb Code     0  startup_stm32g474xx.o(.text)
    FMC_IRQHandler                           0x08000293   Thumb Code     0  startup_stm32g474xx.o(.text)
    FPU_IRQHandler                           0x08000293   Thumb Code     0  startup_stm32g474xx.o(.text)
    HRTIM1_FLT_IRQHandler                    0x08000293   Thumb Code     0  startup_stm32g474xx.o(.text)
    HRTIM1_Master_IRQHandler                 0x08000293   Thumb Code     0  startup_stm32g474xx.o(.text)
    HRTIM1_TIMA_IRQHandler                   0x08000293   Thumb Code     0  startup_stm32g474xx.o(.text)
    HRTIM1_TIMB_IRQHandler                   0x08000293   Thumb Code     0  startup_stm32g474xx.o(.text)
    HRTIM1_TIMC_IRQHandler                   0x08000293   Thumb Code     0  startup_stm32g474xx.o(.text)
    HRTIM1_TIMD_IRQHandler                   0x08000293   Thumb Code     0  startup_stm32g474xx.o(.text)
    HRTIM1_TIME_IRQHandler                   0x08000293   Thumb Code     0  startup_stm32g474xx.o(.text)
    HRTIM1_TIMF_IRQHandler                   0x08000293   Thumb Code     0  startup_stm32g474xx.o(.text)
    I2C1_ER_IRQHandler                       0x08000293   Thumb Code     0  startup_stm32g474xx.o(.text)
    I2C1_EV_IRQHandler                       0x08000293   Thumb Code     0  startup_stm32g474xx.o(.text)
    I2C2_ER_IRQHandler                       0x08000293   Thumb Code     0  startup_stm32g474xx.o(.text)
    I2C2_EV_IRQHandler                       0x08000293   Thumb Code     0  startup_stm32g474xx.o(.text)
    I2C3_ER_IRQHandler                       0x08000293   Thumb Code     0  startup_stm32g474xx.o(.text)
    I2C3_EV_IRQHandler                       0x08000293   Thumb Code     0  startup_stm32g474xx.o(.text)
    I2C4_ER_IRQHandler                       0x08000293   Thumb Code     0  startup_stm32g474xx.o(.text)
    I2C4_EV_IRQHandler                       0x08000293   Thumb Code     0  startup_stm32g474xx.o(.text)
    LPTIM1_IRQHandler                        0x08000293   Thumb Code     0  startup_stm32g474xx.o(.text)
    LPUART1_IRQHandler                       0x08000293   Thumb Code     0  startup_stm32g474xx.o(.text)
    PVD_PVM_IRQHandler                       0x08000293   Thumb Code     0  startup_stm32g474xx.o(.text)
    QUADSPI_IRQHandler                       0x08000293   Thumb Code     0  startup_stm32g474xx.o(.text)
    RCC_IRQHandler                           0x08000293   Thumb Code     0  startup_stm32g474xx.o(.text)
    RNG_IRQHandler                           0x08000293   Thumb Code     0  startup_stm32g474xx.o(.text)
    RTC_Alarm_IRQHandler                     0x08000293   Thumb Code     0  startup_stm32g474xx.o(.text)
    RTC_TAMP_LSECSS_IRQHandler               0x08000293   Thumb Code     0  startup_stm32g474xx.o(.text)
    RTC_WKUP_IRQHandler                      0x08000293   Thumb Code     0  startup_stm32g474xx.o(.text)
    SAI1_IRQHandler                          0x08000293   Thumb Code     0  startup_stm32g474xx.o(.text)
    SPI1_IRQHandler                          0x08000293   Thumb Code     0  startup_stm32g474xx.o(.text)
    SPI2_IRQHandler                          0x08000293   Thumb Code     0  startup_stm32g474xx.o(.text)
    SPI3_IRQHandler                          0x08000293   Thumb Code     0  startup_stm32g474xx.o(.text)
    SPI4_IRQHandler                          0x08000293   Thumb Code     0  startup_stm32g474xx.o(.text)
    TIM1_BRK_TIM15_IRQHandler                0x08000293   Thumb Code     0  startup_stm32g474xx.o(.text)
    TIM1_CC_IRQHandler                       0x08000293   Thumb Code     0  startup_stm32g474xx.o(.text)
    TIM1_TRG_COM_TIM17_IRQHandler            0x08000293   Thumb Code     0  startup_stm32g474xx.o(.text)
    TIM1_UP_TIM16_IRQHandler                 0x08000293   Thumb Code     0  startup_stm32g474xx.o(.text)
    TIM20_BRK_IRQHandler                     0x08000293   Thumb Code     0  startup_stm32g474xx.o(.text)
    TIM20_CC_IRQHandler                      0x08000293   Thumb Code     0  startup_stm32g474xx.o(.text)
    TIM20_TRG_COM_IRQHandler                 0x08000293   Thumb Code     0  startup_stm32g474xx.o(.text)
    TIM20_UP_IRQHandler                      0x08000293   Thumb Code     0  startup_stm32g474xx.o(.text)
    TIM3_IRQHandler                          0x08000293   Thumb Code     0  startup_stm32g474xx.o(.text)
    TIM4_IRQHandler                          0x08000293   Thumb Code     0  startup_stm32g474xx.o(.text)
    TIM5_IRQHandler                          0x08000293   Thumb Code     0  startup_stm32g474xx.o(.text)
    TIM6_DAC_IRQHandler                      0x08000293   Thumb Code     0  startup_stm32g474xx.o(.text)
    TIM7_DAC_IRQHandler                      0x08000293   Thumb Code     0  startup_stm32g474xx.o(.text)
    TIM8_BRK_IRQHandler                      0x08000293   Thumb Code     0  startup_stm32g474xx.o(.text)
    TIM8_CC_IRQHandler                       0x08000293   Thumb Code     0  startup_stm32g474xx.o(.text)
    TIM8_TRG_COM_IRQHandler                  0x08000293   Thumb Code     0  startup_stm32g474xx.o(.text)
    TIM8_UP_IRQHandler                       0x08000293   Thumb Code     0  startup_stm32g474xx.o(.text)
    UART4_IRQHandler                         0x08000293   Thumb Code     0  startup_stm32g474xx.o(.text)
    UART5_IRQHandler                         0x08000293   Thumb Code     0  startup_stm32g474xx.o(.text)
    UCPD1_IRQHandler                         0x08000293   Thumb Code     0  startup_stm32g474xx.o(.text)
    USART1_IRQHandler                        0x08000293   Thumb Code     0  startup_stm32g474xx.o(.text)
    USART3_IRQHandler                        0x08000293   Thumb Code     0  startup_stm32g474xx.o(.text)
    USBWakeUp_IRQHandler                     0x08000293   Thumb Code     0  startup_stm32g474xx.o(.text)
    USB_HP_IRQHandler                        0x08000293   Thumb Code     0  startup_stm32g474xx.o(.text)
    USB_LP_IRQHandler                        0x08000293   Thumb Code     0  startup_stm32g474xx.o(.text)
    WWDG_IRQHandler                          0x08000293   Thumb Code     0  startup_stm32g474xx.o(.text)
    __user_initial_stackheap                 0x08000295   Thumb Code     0  startup_stm32g474xx.o(.text)
    __aeabi_uldivmod                         0x080002b9   Thumb Code     0  lludivv7m.o(.text)
    _ll_udiv                                 0x080002b9   Thumb Code   238  lludivv7m.o(.text)
    __aeabi_memclr4                          0x080003a7   Thumb Code     0  rt_memclr_w.o(.text)
    __aeabi_memclr8                          0x080003a7   Thumb Code     0  rt_memclr_w.o(.text)
    __rt_memclr_w                            0x080003a7   Thumb Code    78  rt_memclr_w.o(.text)
    _memset_w                                0x080003ab   Thumb Code     0  rt_memclr_w.o(.text)
    __use_two_region_memory                  0x080003f5   Thumb Code     2  heapauxi.o(.text)
    __rt_heap_escrow$2region                 0x080003f7   Thumb Code     2  heapauxi.o(.text)
    __rt_heap_expand$2region                 0x080003f9   Thumb Code     2  heapauxi.o(.text)
    __user_setup_stackheap                   0x080003fb   Thumb Code    74  sys_stackheap_outer.o(.text)
    exit                                     0x08000445   Thumb Code    18  exit.o(.text)
    __user_libspace                          0x08000459   Thumb Code     8  libspace.o(.text)
    __user_perproc_libspace                  0x08000459   Thumb Code     0  libspace.o(.text)
    __user_perthread_libspace                0x08000459   Thumb Code     0  libspace.o(.text)
    _sys_exit                                0x08000461   Thumb Code     8  sys_exit.o(.text)
    __I$use$semihosting                      0x0800046d   Thumb Code     0  use_no_semi.o(.text)
    __use_no_semihosting_swi                 0x0800046d   Thumb Code     2  use_no_semi.o(.text)
    ADC_DMAConvCplt                          0x0800046f   Thumb Code   104  stm32g4xx_hal_adc.o(i.ADC_DMAConvCplt)
    __semihosting_library_function           0x0800046f   Thumb Code     0  indicate_semi.o(.text)
    ADC_DMAError                             0x080004d7   Thumb Code    26  stm32g4xx_hal_adc.o(i.ADC_DMAError)
    ADC_DMAHalfConvCplt                      0x080004f1   Thumb Code    10  stm32g4xx_hal_adc.o(i.ADC_DMAHalfConvCplt)
    ADC_Disable                              0x080004fd   Thumb Code   106  stm32g4xx_hal_adc.o(i.ADC_Disable)
    ADC_Enable                               0x0800056d   Thumb Code   110  stm32g4xx_hal_adc.o(i.ADC_Enable)
    Botton_Process                           0x080005e1   Thumb Code    36  key.o(i.Botton_Process)
    BusFault_Handler                         0x08000609   Thumb Code     2  stm32g4xx_it.o(i.BusFault_Handler)
    DMA1_Channel1_IRQHandler                 0x0800060d   Thumb Code     6  stm32g4xx_it.o(i.DMA1_Channel1_IRQHandler)
    DMA1_Channel2_IRQHandler                 0x08000619   Thumb Code     6  stm32g4xx_it.o(i.DMA1_Channel2_IRQHandler)
    DebugMon_Handler                         0x080006c7   Thumb Code     2  stm32g4xx_it.o(i.DebugMon_Handler)
    Error_Handler                            0x080006c9   Thumb Code     4  main.o(i.Error_Handler)
    HAL_ADCEx_Calibration_Start              0x080006cd   Thumb Code   138  stm32g4xx_hal_adc_ex.o(i.HAL_ADCEx_Calibration_Start)
    HAL_ADCEx_MultiModeConfigChannel         0x08000761   Thumb Code   326  stm32g4xx_hal_adc_ex.o(i.HAL_ADCEx_MultiModeConfigChannel)
    HAL_ADC_ConfigChannel                    0x080008c1   Thumb Code  1058  stm32g4xx_hal_adc.o(i.HAL_ADC_ConfigChannel)
    HAL_ADC_ConvCpltCallback                 0x08000d21   Thumb Code     2  stm32g4xx_hal_adc.o(i.HAL_ADC_ConvCpltCallback)
    HAL_ADC_ConvHalfCpltCallback             0x08000d23   Thumb Code     2  stm32g4xx_hal_adc.o(i.HAL_ADC_ConvHalfCpltCallback)
    HAL_ADC_ErrorCallback                    0x08000d25   Thumb Code     2  stm32g4xx_hal_adc.o(i.HAL_ADC_ErrorCallback)
    HAL_ADC_Init                             0x08000d29   Thumb Code   520  stm32g4xx_hal_adc.o(i.HAL_ADC_Init)
    HAL_ADC_MspInit                          0x08000f61   Thumb Code   296  adc.o(i.HAL_ADC_MspInit)
    HAL_ADC_Start_DMA                        0x080010a1   Thumb Code   260  stm32g4xx_hal_adc.o(i.HAL_ADC_Start_DMA)
    HAL_COMP_Init                            0x080011cd   Thumb Code   540  stm32g4xx_hal_comp.o(i.HAL_COMP_Init)
    HAL_COMP_MspInit                         0x0800140d   Thumb Code   122  comp.o(i.HAL_COMP_MspInit)
    HAL_DAC_ConfigChannel                    0x08001495   Thumb Code   428  stm32g4xx_hal_dac.o(i.HAL_DAC_ConfigChannel)
    HAL_DAC_Init                             0x08001649   Thumb Code    40  stm32g4xx_hal_dac.o(i.HAL_DAC_Init)
    HAL_DAC_MspInit                          0x08001671   Thumb Code    30  dac.o(i.HAL_DAC_MspInit)
    HAL_DAC_SetValue                         0x08001699   Thumb Code    26  stm32g4xx_hal_dac.o(i.HAL_DAC_SetValue)
    HAL_DAC_Start                            0x080016b3   Thumb Code   104  stm32g4xx_hal_dac.o(i.HAL_DAC_Start)
    HAL_DMA_Abort                            0x0800171b   Thumb Code   106  stm32g4xx_hal_dma.o(i.HAL_DMA_Abort)
    HAL_DMA_Abort_IT                         0x08001785   Thumb Code   120  stm32g4xx_hal_dma.o(i.HAL_DMA_Abort_IT)
    HAL_DMA_IRQHandler                       0x080017fd   Thumb Code   186  stm32g4xx_hal_dma.o(i.HAL_DMA_IRQHandler)
    HAL_DMA_Init                             0x080018b9   Thumb Code   178  stm32g4xx_hal_dma.o(i.HAL_DMA_Init)
    HAL_DMA_Start_IT                         0x08001979   Thumb Code   140  stm32g4xx_hal_dma.o(i.HAL_DMA_Start_IT)
    HAL_Delay                                0x08001a05   Thumb Code    32  stm32g4xx_hal.o(i.HAL_Delay)
    HAL_GPIO_Init                            0x08001a29   Thumb Code   550  stm32g4xx_hal_gpio.o(i.HAL_GPIO_Init)
    HAL_GPIO_ReadPin                         0x08001c71   Thumb Code    10  stm32g4xx_hal_gpio.o(i.HAL_GPIO_ReadPin)
    HAL_GPIO_TogglePin                       0x08001c7b   Thumb Code    16  stm32g4xx_hal_gpio.o(i.HAL_GPIO_TogglePin)
    HAL_GPIO_WritePin                        0x08001c8b   Thumb Code    10  stm32g4xx_hal_gpio.o(i.HAL_GPIO_WritePin)
    HAL_GetTick                              0x08001c95   Thumb Code     6  stm32g4xx_hal.o(i.HAL_GetTick)
    HAL_HRTIM_DLLCalibrationStart            0x08001ca1   Thumb Code    98  stm32g4xx_hal_hrtim.o(i.HAL_HRTIM_DLLCalibrationStart)
    HAL_HRTIM_DeadTimeConfig                 0x08001d05   Thumb Code   136  stm32g4xx_hal_hrtim.o(i.HAL_HRTIM_DeadTimeConfig)
    HAL_HRTIM_Init                           0x08001d91   Thumb Code   184  stm32g4xx_hal_hrtim.o(i.HAL_HRTIM_Init)
    HAL_HRTIM_MspInit                        0x08001e51   Thumb Code    30  hrtim.o(i.HAL_HRTIM_MspInit)
    HAL_HRTIM_MspPostInit                    0x08001e79   Thumb Code   136  hrtim.o(i.HAL_HRTIM_MspPostInit)
    HAL_HRTIM_PollForDLLCalibration          0x08001f0d   Thumb Code    66  stm32g4xx_hal_hrtim.o(i.HAL_HRTIM_PollForDLLCalibration)
    HAL_HRTIM_TimeBaseConfig                 0x08001f4f   Thumb Code   122  stm32g4xx_hal_hrtim.o(i.HAL_HRTIM_TimeBaseConfig)
    HAL_HRTIM_WaveformCompareConfig          0x08001fc9   Thumb Code   308  stm32g4xx_hal_hrtim.o(i.HAL_HRTIM_WaveformCompareConfig)
    HAL_HRTIM_WaveformCountStart             0x080020fd   Thumb Code    44  stm32g4xx_hal_hrtim.o(i.HAL_HRTIM_WaveformCountStart)
    HAL_HRTIM_WaveformOutputConfig           0x08002129   Thumb Code    54  stm32g4xx_hal_hrtim.o(i.HAL_HRTIM_WaveformOutputConfig)
    HAL_HRTIM_WaveformOutputStart            0x0800215f   Thumb Code    48  stm32g4xx_hal_hrtim.o(i.HAL_HRTIM_WaveformOutputStart)
    HAL_HRTIM_WaveformTimerConfig            0x0800218f   Thumb Code   144  stm32g4xx_hal_hrtim.o(i.HAL_HRTIM_WaveformTimerConfig)
    HAL_HRTIM_WaveformTimerControl           0x0800221f   Thumb Code   132  stm32g4xx_hal_hrtim.o(i.HAL_HRTIM_WaveformTimerControl)
    HAL_I2CEx_ConfigAnalogFilter             0x080022a3   Thumb Code    86  stm32g4xx_hal_i2c_ex.o(i.HAL_I2CEx_ConfigAnalogFilter)
    HAL_I2CEx_ConfigDigitalFilter            0x080022f9   Thumb Code    82  stm32g4xx_hal_i2c_ex.o(i.HAL_I2CEx_ConfigDigitalFilter)
    HAL_I2C_Init                             0x0800234d   Thumb Code   178  stm32g4xx_hal_i2c.o(i.HAL_I2C_Init)
    HAL_I2C_Mem_Write                        0x08002405   Thumb Code   340  stm32g4xx_hal_i2c.o(i.HAL_I2C_Mem_Write)
    HAL_I2C_MspInit                          0x0800255d   Thumb Code   150  i2c.o(i.HAL_I2C_MspInit)
    HAL_IncTick                              0x08002601   Thumb Code    12  stm32g4xx_hal.o(i.HAL_IncTick)
    HAL_Init                                 0x08002611   Thumb Code    30  stm32g4xx_hal.o(i.HAL_Init)
    HAL_InitTick                             0x08002631   Thumb Code    58  stm32g4xx_hal.o(i.HAL_InitTick)
    HAL_MspInit                              0x08002675   Thumb Code    42  stm32g4xx_hal_msp.o(i.HAL_MspInit)
    HAL_NVIC_EnableIRQ                       0x080026a5   Thumb Code    26  stm32g4xx_hal_cortex.o(i.HAL_NVIC_EnableIRQ)
    HAL_NVIC_SetPriority                     0x080026c1   Thumb Code    60  stm32g4xx_hal_cortex.o(i.HAL_NVIC_SetPriority)
    HAL_NVIC_SetPriorityGrouping             0x08002701   Thumb Code    26  stm32g4xx_hal_cortex.o(i.HAL_NVIC_SetPriorityGrouping)
    HAL_PWREx_ControlVoltageScaling          0x08002725   Thumb Code   174  stm32g4xx_hal_pwr_ex.o(i.HAL_PWREx_ControlVoltageScaling)
    HAL_PWREx_DisableUCPDDeadBattery         0x080027e1   Thumb Code    12  stm32g4xx_hal_pwr_ex.o(i.HAL_PWREx_DisableUCPDDeadBattery)
    HAL_RCCEx_PeriphCLKConfig                0x080027f1   Thumb Code   758  stm32g4xx_hal_rcc_ex.o(i.HAL_RCCEx_PeriphCLKConfig)
    HAL_RCC_ClockConfig                      0x08002af1   Thumb Code   444  stm32g4xx_hal_rcc.o(i.HAL_RCC_ClockConfig)
    HAL_RCC_GetHCLKFreq                      0x08002ccd   Thumb Code     6  stm32g4xx_hal_rcc.o(i.HAL_RCC_GetHCLKFreq)
    HAL_RCC_GetPCLK1Freq                     0x08002cd9   Thumb Code    24  stm32g4xx_hal_rcc.o(i.HAL_RCC_GetPCLK1Freq)
    HAL_RCC_GetPCLK2Freq                     0x08002cfd   Thumb Code    24  stm32g4xx_hal_rcc.o(i.HAL_RCC_GetPCLK2Freq)
    HAL_RCC_GetSysClockFreq                  0x08002d21   Thumb Code    98  stm32g4xx_hal_rcc.o(i.HAL_RCC_GetSysClockFreq)
    HAL_RCC_OscConfig                        0x08002d91   Thumb Code  1036  stm32g4xx_hal_rcc.o(i.HAL_RCC_OscConfig)
    HAL_SYSTICK_Config                       0x0800319d   Thumb Code    40  stm32g4xx_hal_cortex.o(i.HAL_SYSTICK_Config)
    HAL_TIMEx_Break2Callback                 0x080031c5   Thumb Code     2  stm32g4xx_hal_tim_ex.o(i.HAL_TIMEx_Break2Callback)
    HAL_TIMEx_BreakCallback                  0x080031c7   Thumb Code     2  stm32g4xx_hal_tim_ex.o(i.HAL_TIMEx_BreakCallback)
    HAL_TIMEx_CommutCallback                 0x080031c9   Thumb Code     2  stm32g4xx_hal_tim_ex.o(i.HAL_TIMEx_CommutCallback)
    HAL_TIMEx_DirectionChangeCallback        0x080031cb   Thumb Code     2  stm32g4xx_hal_tim_ex.o(i.HAL_TIMEx_DirectionChangeCallback)
    HAL_TIMEx_EncoderIndexCallback           0x080031cd   Thumb Code     2  stm32g4xx_hal_tim_ex.o(i.HAL_TIMEx_EncoderIndexCallback)
    HAL_TIMEx_IndexErrorCallback             0x080031cf   Thumb Code     2  stm32g4xx_hal_tim_ex.o(i.HAL_TIMEx_IndexErrorCallback)
    HAL_TIMEx_MasterConfigSynchronization    0x080031d1   Thumb Code   150  stm32g4xx_hal_tim_ex.o(i.HAL_TIMEx_MasterConfigSynchronization)
    HAL_TIMEx_TransitionErrorCallback        0x08003289   Thumb Code     2  stm32g4xx_hal_tim_ex.o(i.HAL_TIMEx_TransitionErrorCallback)
    HAL_TIM_Base_Init                        0x0800328b   Thumb Code    98  stm32g4xx_hal_tim.o(i.HAL_TIM_Base_Init)
    HAL_TIM_Base_MspInit                     0x080032ed   Thumb Code    50  tim.o(i.HAL_TIM_Base_MspInit)
    HAL_TIM_Base_Start_IT                    0x08003325   Thumb Code   106  stm32g4xx_hal_tim.o(i.HAL_TIM_Base_Start_IT)
    HAL_TIM_ConfigClockSource                0x080033b1   Thumb Code   234  stm32g4xx_hal_tim.o(i.HAL_TIM_ConfigClockSource)
    HAL_TIM_IC_CaptureCallback               0x080034a1   Thumb Code     2  stm32g4xx_hal_tim.o(i.HAL_TIM_IC_CaptureCallback)
    HAL_TIM_IRQHandler                       0x080034a3   Thumb Code   508  stm32g4xx_hal_tim.o(i.HAL_TIM_IRQHandler)
    HAL_TIM_OC_DelayElapsedCallback          0x0800369f   Thumb Code     2  stm32g4xx_hal_tim.o(i.HAL_TIM_OC_DelayElapsedCallback)
    HAL_TIM_PWM_PulseFinishedCallback        0x080036a1   Thumb Code     2  stm32g4xx_hal_tim.o(i.HAL_TIM_PWM_PulseFinishedCallback)
    HAL_TIM_PeriodElapsedCallback            0x080036a3   Thumb Code     2  stm32g4xx_hal_tim.o(i.HAL_TIM_PeriodElapsedCallback)
    HAL_TIM_TriggerCallback                  0x080036a5   Thumb Code     2  stm32g4xx_hal_tim.o(i.HAL_TIM_TriggerCallback)
    HAL_UARTEx_DisableFifoMode               0x080036a7   Thumb Code    62  stm32g4xx_hal_uart_ex.o(i.HAL_UARTEx_DisableFifoMode)
    HAL_UARTEx_RxEventCallback               0x080036e5   Thumb Code     2  stm32g4xx_hal_uart.o(i.HAL_UARTEx_RxEventCallback)
    HAL_UARTEx_RxFifoFullCallback            0x080036e7   Thumb Code     2  stm32g4xx_hal_uart_ex.o(i.HAL_UARTEx_RxFifoFullCallback)
    HAL_UARTEx_SetRxFifoThreshold            0x080036e9   Thumb Code    76  stm32g4xx_hal_uart_ex.o(i.HAL_UARTEx_SetRxFifoThreshold)
    HAL_UARTEx_SetTxFifoThreshold            0x08003735   Thumb Code    76  stm32g4xx_hal_uart_ex.o(i.HAL_UARTEx_SetTxFifoThreshold)
    HAL_UARTEx_TxFifoEmptyCallback           0x08003781   Thumb Code     2  stm32g4xx_hal_uart_ex.o(i.HAL_UARTEx_TxFifoEmptyCallback)
    HAL_UARTEx_WakeupCallback                0x08003783   Thumb Code     2  stm32g4xx_hal_uart_ex.o(i.HAL_UARTEx_WakeupCallback)
    HAL_UART_ErrorCallback                   0x08003785   Thumb Code     2  stm32g4xx_hal_uart.o(i.HAL_UART_ErrorCallback)
    HAL_UART_IRQHandler                      0x08003789   Thumb Code   722  stm32g4xx_hal_uart.o(i.HAL_UART_IRQHandler)
    HAL_UART_Init                            0x08003a69   Thumb Code   106  stm32g4xx_hal_uart.o(i.HAL_UART_Init)
    HAL_UART_MspInit                         0x08003ad5   Thumb Code   168  usart.o(i.HAL_UART_MspInit)
    HAL_UART_TxCpltCallback                  0x08003b91   Thumb Code     2  stm32g4xx_hal_uart.o(i.HAL_UART_TxCpltCallback)
    HardFault_Handler                        0x08003f09   Thumb Code     2  stm32g4xx_it.o(i.HardFault_Handler)
    KEY_GPIO_DEAL                            0x080041d5   Thumb Code    40  key.o(i.KEY_GPIO_DEAL)
    KEY_GPIO_Init                            0x08004201   Thumb Code    12  key.o(i.KEY_GPIO_Init)
    KEY_Init                                 0x0800420d   Thumb Code   100  key.o(i.KEY_Init)
    MX_ADC1_Init                             0x08004319   Thumb Code   136  adc.o(i.MX_ADC1_Init)
    MX_ADC2_Init                             0x080043a9   Thumb Code   164  adc.o(i.MX_ADC2_Init)
    MX_COMP1_Init                            0x08004461   Thumb Code    48  comp.o(i.MX_COMP1_Init)
    MX_COMP4_Init                            0x08004499   Thumb Code    42  comp.o(i.MX_COMP4_Init)
    MX_DAC3_Init                             0x080044cd   Thumb Code   162  dac.o(i.MX_DAC3_Init)
    MX_DMA_Init                              0x08004579   Thumb Code    72  dma.o(i.MX_DMA_Init)
    MX_GPIO_Init                             0x080045c5   Thumb Code   134  gpio.o(i.MX_GPIO_Init)
    MX_HRTIM1_Init                           0x08004655   Thumb Code   864  hrtim.o(i.MX_HRTIM1_Init)
    MX_I2C1_Init                             0x080049bd   Thumb Code    76  i2c.o(i.MX_I2C1_Init)
    MX_TIM2_Init                             0x08004a15   Thumb Code   100  tim.o(i.MX_TIM2_Init)
    MX_USART2_UART_Init                      0x08004a7d   Thumb Code    94  usart.o(i.MX_USART2_UART_Init)
    MemManage_Handler                        0x08004ae5   Thumb Code     2  stm32g4xx_it.o(i.MemManage_Handler)
    NMI_Handler                              0x08004ae7   Thumb Code     2  stm32g4xx_it.o(i.NMI_Handler)
    OLEDShowData                             0x08004ae9   Thumb Code    82  oled.o(i.OLEDShowData)
    OLED_CLS                                 0x08004b65   Thumb Code    18  oled.o(i.OLED_CLS)
    OLED_Fill                                0x08004b79   Thumb Code    56  oled.o(i.OLED_Fill)
    OLED_Init                                0x08004bb1   Thumb Code   186  oled.o(i.OLED_Init)
    OLED_ON                                  0x08004c6b   Thumb Code    24  oled.o(i.OLED_ON)
    OLED_SHOW                                0x08004c85   Thumb Code  1210  oled.o(i.OLED_SHOW)
    OLED_SetPos                              0x0800513f   Thumb Code    38  oled.o(i.OLED_SetPos)
    OLED_ShowStr                             0x08005165   Thumb Code   208  oled.o(i.OLED_ShowStr)
    PendSV_Handler                           0x0800523d   Thumb Code     2  stm32g4xx_it.o(i.PendSV_Handler)
    SVC_Handler                              0x0800523f   Thumb Code     2  stm32g4xx_it.o(i.SVC_Handler)
    SysTick_Handler                          0x08005241   Thumb Code     4  stm32g4xx_it.o(i.SysTick_Handler)
    SystemClock_Config                       0x08005245   Thumb Code   100  main.o(i.SystemClock_Config)
    SystemInit                               0x080052a9   Thumb Code    12  system_stm32g4xx.o(i.SystemInit)
    TIM2_IRQHandler                          0x080052b9   Thumb Code    66  stm32g4xx_it.o(i.TIM2_IRQHandler)
    TIM_Base_SetConfig                       0x08005325   Thumb Code   176  stm32g4xx_hal_tim.o(i.TIM_Base_SetConfig)
    TIM_ETR_SetConfig                        0x080053f9   Thumb Code    20  stm32g4xx_hal_tim.o(i.TIM_ETR_SetConfig)
    UART_AdvFeatureConfig                    0x080054ad   Thumb Code   200  stm32g4xx_hal_uart.o(i.UART_AdvFeatureConfig)
    UART_CheckIdleState                      0x08005575   Thumb Code    96  stm32g4xx_hal_uart.o(i.UART_CheckIdleState)
    UART_SetConfig                           0x0800563d   Thumb Code   614  stm32g4xx_hal_uart.o(i.UART_SetConfig)
    UART_WaitOnFlagUntilTimeout              0x080058d5   Thumb Code   198  stm32g4xx_hal_uart.o(i.UART_WaitOnFlagUntilTimeout)
    USART2_IRQHandler                        0x0800599d   Thumb Code     6  stm32g4xx_it.o(i.USART2_IRQHandler)
    UsageFault_Handler                       0x080059a9   Thumb Code     2  stm32g4xx_it.o(i.UsageFault_Handler)
    WriteCmd                                 0x080059ad   Thumb Code    30  oled.o(i.WriteCmd)
    WriteDat                                 0x080059d1   Thumb Code    30  oled.o(i.WriteDat)
    act0                                     0x08005a15   Thumb Code     6  key.o(i.act0)
    act1                                     0x08005a1d   Thumb Code    28  key.o(i.act1)
    act2                                     0x08005a3d   Thumb Code    20  key.o(i.act2)
    act3                                     0x08005a51   Thumb Code    42  key.o(i.act3)
    callback10                               0x08005a7b   Thumb Code     2  key.o(i.callback10)
    callback11                               0x08005a7d   Thumb Code    24  key.o(i.callback11)
    callback12                               0x08005a99   Thumb Code    10  key.o(i.callback12)
    callback13                               0x08005aa5   Thumb Code     8  key.o(i.callback13)
    callback20                               0x08005ab1   Thumb Code     2  key.o(i.callback20)
    callback21                               0x08005ab5   Thumb Code    22  key.o(i.callback21)
    callback22                               0x08005ad1   Thumb Code     8  key.o(i.callback22)
    callback23                               0x08005add   Thumb Code     8  key.o(i.callback23)
    callback30                               0x08005ae9   Thumb Code     2  key.o(i.callback30)
    callback31                               0x08005aed   Thumb Code   130  key.o(i.callback31)
    callback32                               0x08005b95   Thumb Code     8  key.o(i.callback32)
    callback33                               0x08005ba1   Thumb Code   126  key.o(i.callback33)
    callback40                               0x08005c45   Thumb Code     2  key.o(i.callback40)
    callback41                               0x08005c49   Thumb Code   114  key.o(i.callback41)
    callback42                               0x08005ce1   Thumb Code     8  key.o(i.callback42)
    callback43                               0x08005ced   Thumb Code   122  key.o(i.callback43)
    main                                     0x08005d8d   Thumb Code   170  main.o(i.main)
    signalCal                                0x08005e49   Thumb Code   252  signalgen.o(i.signalCal)
    signalGen                                0x08005f51   Thumb Code    82  signalgen.o(i.signalGen)
    signal_init                              0x08005fad   Thumb Code    48  signalgen.o(i.signal_init)
    _fp_init                                 0x08005fe1   Thumb Code    10  fpinit.o(x$fpl$fpinit)
    __fplib_config_fpu_vfp                   0x08005fe9   Thumb Code     0  fpinit.o(x$fpl$fpinit)
    __fplib_config_pureend_doubles           0x08005fe9   Thumb Code     0  fpinit.o(x$fpl$fpinit)
    F6x8                                     0x08005fea   Data         552  oled.o(.constdata)
    F8X16                                    0x08006212   Data        1520  oled.o(.constdata)
    NC_Logo                                  0x08006802   Data        1024  oled.o(.constdata)
    UARTPrescTable                           0x08006c02   Data          24  stm32g4xx_hal_uart.o(.constdata)
    AHBPrescTable                            0x08006c2a   Data          16  system_stm32g4xx.o(.constdata)
    APBPrescTable                            0x08006c3a   Data           8  system_stm32g4xx.o(.constdata)
    Region$$Table$$Base                      0x08006c44   Number         0  anon$$obj.o(Region$$Table)
    Region$$Table$$Limit                     0x08006c64   Number         0  anon$$obj.o(Region$$Table)
    currentMode                              0x20000000   Data           1  key.o(.data)
    addCount                                 0x20000004   Data           4  key.o(.data)
    modeCounter                              0x20000008   Data           4  key.o(.data)
    angUpdateFlag                            0x2000000c   Data           4  key.o(.data)
    angMode                                  0x20000010   Data           8  key.o(.data)
    MYKEY1                                   0x20000018   Data          40  key.o(.data)
    MYKEY2                                   0x20000040   Data          40  key.o(.data)
    MYKEY3                                   0x20000068   Data          40  key.o(.data)
    MYKEY4                                   0x20000090   Data          40  key.o(.data)
    transition_table                         0x200000b8   Data          16  key.o(.data)
    fullperiod                               0x200000c8   Data           4  signalgen.o(.data)
    halfperiod                               0x200000cc   Data           4  signalgen.o(.data)
    freq                                     0x200000d0   Data           4  signalgen.o(.data)
    sita1Deg                                 0x200000d4   Data           4  signalgen.o(.data)
    sita2Deg                                 0x200000d8   Data           4  signalgen.o(.data)
    phiDeg                                   0x200000dc   Data           4  signalgen.o(.data)
    sita1Cmp                                 0x200000e0   Data           4  signalgen.o(.data)
    sita2Cmp                                 0x200000e4   Data           4  signalgen.o(.data)
    phiCmp                                   0x200000e8   Data           4  signalgen.o(.data)
    dt1                                      0x200000ec   Data           4  signalgen.o(.data)
    dt2                                      0x200000f0   Data           4  signalgen.o(.data)
    dt3                                      0x200000f4   Data           4  signalgen.o(.data)
    dt4                                      0x200000f8   Data           4  signalgen.o(.data)
    ADC_ConvertedValue                       0x200000fc   Data           6  main.o(.data)
    oledFlag                                 0x20000104   Data           4  main.o(.data)
    uwTickPrio                               0x2000010c   Data           4  stm32g4xx_hal.o(.data)
    uwTickFreq                               0x20000110   Data           4  stm32g4xx_hal.o(.data)
    uwTick                                   0x20000114   Data           4  stm32g4xx_hal.o(.data)
    SystemCoreClock                          0x20000118   Data           4  system_stm32g4xx.o(.data)
    hadc1                                    0x2000011c   Data         108  adc.o(.bss)
    hadc2                                    0x20000188   Data         108  adc.o(.bss)
    hdma_adc2                                0x200001f4   Data          96  adc.o(.bss)
    hcomp1                                   0x20000254   Data          36  comp.o(.bss)
    hcomp4                                   0x20000278   Data          36  comp.o(.bss)
    hdac3                                    0x2000029c   Data          20  dac.o(.bss)
    hhrtim1                                  0x200002b0   Data         252  hrtim.o(.bss)
    hi2c1                                    0x200003ac   Data          76  i2c.o(.bss)
    htim2                                    0x200003f8   Data          76  tim.o(.bss)
    huart2                                   0x20000444   Data         144  usart.o(.bss)
    hdma_usart2_tx                           0x200004d4   Data          96  usart.o(.bss)
    __libspace_start                         0x20000534   Data          96  libspace.o(.bss)
    __temporary_stack_top$libspace           0x20000594   Data           0  libspace.o(.bss)



==============================================================================

Memory Map of the image

  Image Entry point : 0x080001d9

  Load Region LR_IROM1 (Base: 0x08000000, Size: 0x00006d80, Max: 0x00020000, ABSOLUTE)

    Execution Region ER_IROM1 (Exec base: 0x08000000, Load base: 0x08000000, Size: 0x00006c64, Max: 0x00020000, ABSOLUTE)

    Exec Addr    Load Addr    Size         Type   Attr      Idx    E Section Name        Object

    0x08000000   0x08000000   0x000001d8   Data   RO            3    RESET               startup_stm32g474xx.o
    0x080001d8   0x080001d8   0x00000008   Code   RO         6459  * !!!main             c_w.l(__main.o)
    0x080001e0   0x080001e0   0x00000034   Code   RO         6628    !!!scatter          c_w.l(__scatter.o)
    0x08000214   0x08000214   0x0000001a   Code   RO         6630    !!handler_copy      c_w.l(__scatter_copy.o)
    0x0800022e   0x0800022e   0x00000002   PAD
    0x08000230   0x08000230   0x0000001c   Code   RO         6632    !!handler_zi        c_w.l(__scatter_zi.o)
    0x0800024c   0x0800024c   0x00000002   Code   RO         6496    .ARM.Collect$$libinit$$00000000  c_w.l(libinit.o)
    0x0800024e   0x0800024e   0x00000004   Code   RO         6508    .ARM.Collect$$libinit$$00000001  c_w.l(libinit2.o)
    0x08000252   0x08000252   0x00000000   Code   RO         6511    .ARM.Collect$$libinit$$00000004  c_w.l(libinit2.o)
    0x08000252   0x08000252   0x00000000   Code   RO         6514    .ARM.Collect$$libinit$$0000000A  c_w.l(libinit2.o)
    0x08000252   0x08000252   0x00000000   Code   RO         6516    .ARM.Collect$$libinit$$0000000C  c_w.l(libinit2.o)
    0x08000252   0x08000252   0x00000000   Code   RO         6518    .ARM.Collect$$libinit$$0000000E  c_w.l(libinit2.o)
    0x08000252   0x08000252   0x00000000   Code   RO         6521    .ARM.Collect$$libinit$$00000011  c_w.l(libinit2.o)
    0x08000252   0x08000252   0x00000000   Code   RO         6523    .ARM.Collect$$libinit$$00000013  c_w.l(libinit2.o)
    0x08000252   0x08000252   0x00000000   Code   RO         6525    .ARM.Collect$$libinit$$00000015  c_w.l(libinit2.o)
    0x08000252   0x08000252   0x00000000   Code   RO         6527    .ARM.Collect$$libinit$$00000017  c_w.l(libinit2.o)
    0x08000252   0x08000252   0x00000000   Code   RO         6529    .ARM.Collect$$libinit$$00000019  c_w.l(libinit2.o)
    0x08000252   0x08000252   0x00000000   Code   RO         6531    .ARM.Collect$$libinit$$0000001B  c_w.l(libinit2.o)
    0x08000252   0x08000252   0x00000000   Code   RO         6533    .ARM.Collect$$libinit$$0000001D  c_w.l(libinit2.o)
    0x08000252   0x08000252   0x00000000   Code   RO         6535    .ARM.Collect$$libinit$$0000001F  c_w.l(libinit2.o)
    0x08000252   0x08000252   0x00000000   Code   RO         6537    .ARM.Collect$$libinit$$00000021  c_w.l(libinit2.o)
    0x08000252   0x08000252   0x00000000   Code   RO         6539    .ARM.Collect$$libinit$$00000023  c_w.l(libinit2.o)
    0x08000252   0x08000252   0x00000000   Code   RO         6541    .ARM.Collect$$libinit$$00000025  c_w.l(libinit2.o)
    0x08000252   0x08000252   0x00000000   Code   RO         6545    .ARM.Collect$$libinit$$0000002C  c_w.l(libinit2.o)
    0x08000252   0x08000252   0x00000000   Code   RO         6547    .ARM.Collect$$libinit$$0000002E  c_w.l(libinit2.o)
    0x08000252   0x08000252   0x00000000   Code   RO         6549    .ARM.Collect$$libinit$$00000030  c_w.l(libinit2.o)
    0x08000252   0x08000252   0x00000000   Code   RO         6551    .ARM.Collect$$libinit$$00000032  c_w.l(libinit2.o)
    0x08000252   0x08000252   0x00000002   Code   RO         6552    .ARM.Collect$$libinit$$00000033  c_w.l(libinit2.o)
    0x08000254   0x08000254   0x00000002   Code   RO         6583    .ARM.Collect$$libshutdown$$00000000  c_w.l(libshutdown.o)
    0x08000256   0x08000256   0x00000000   Code   RO         6609    .ARM.Collect$$libshutdown$$00000002  c_w.l(libshutdown2.o)
    0x08000256   0x08000256   0x00000000   Code   RO         6611    .ARM.Collect$$libshutdown$$00000004  c_w.l(libshutdown2.o)
    0x08000256   0x08000256   0x00000000   Code   RO         6613    .ARM.Collect$$libshutdown$$00000006  c_w.l(libshutdown2.o)
    0x08000256   0x08000256   0x00000000   Code   RO         6616    .ARM.Collect$$libshutdown$$00000009  c_w.l(libshutdown2.o)
    0x08000256   0x08000256   0x00000000   Code   RO         6619    .ARM.Collect$$libshutdown$$0000000C  c_w.l(libshutdown2.o)
    0x08000256   0x08000256   0x00000000   Code   RO         6621    .ARM.Collect$$libshutdown$$0000000E  c_w.l(libshutdown2.o)
    0x08000256   0x08000256   0x00000000   Code   RO         6624    .ARM.Collect$$libshutdown$$00000011  c_w.l(libshutdown2.o)
    0x08000256   0x08000256   0x00000002   Code   RO         6625    .ARM.Collect$$libshutdown$$00000012  c_w.l(libshutdown2.o)
    0x08000258   0x08000258   0x00000000   Code   RO         6461    .ARM.Collect$$rtentry$$00000000  c_w.l(__rtentry.o)
    0x08000258   0x08000258   0x00000000   Code   RO         6467    .ARM.Collect$$rtentry$$00000002  c_w.l(__rtentry2.o)
    0x08000258   0x08000258   0x00000006   Code   RO         6479    .ARM.Collect$$rtentry$$00000004  c_w.l(__rtentry4.o)
    0x0800025e   0x0800025e   0x00000000   Code   RO         6469    .ARM.Collect$$rtentry$$00000009  c_w.l(__rtentry2.o)
    0x0800025e   0x0800025e   0x00000004   Code   RO         6470    .ARM.Collect$$rtentry$$0000000A  c_w.l(__rtentry2.o)
    0x08000262   0x08000262   0x00000000   Code   RO         6472    .ARM.Collect$$rtentry$$0000000C  c_w.l(__rtentry2.o)
    0x08000262   0x08000262   0x00000008   Code   RO         6473    .ARM.Collect$$rtentry$$0000000D  c_w.l(__rtentry2.o)
    0x0800026a   0x0800026a   0x00000002   Code   RO         6500    .ARM.Collect$$rtexit$$00000000  c_w.l(rtexit.o)
    0x0800026c   0x0800026c   0x00000000   Code   RO         6556    .ARM.Collect$$rtexit$$00000002  c_w.l(rtexit2.o)
    0x0800026c   0x0800026c   0x00000004   Code   RO         6557    .ARM.Collect$$rtexit$$00000003  c_w.l(rtexit2.o)
    0x08000270   0x08000270   0x00000006   Code   RO         6558    .ARM.Collect$$rtexit$$00000004  c_w.l(rtexit2.o)
    0x08000276   0x08000276   0x00000002   PAD
    0x08000278   0x08000278   0x00000040   Code   RO            4    .text               startup_stm32g474xx.o
    0x080002b8   0x080002b8   0x000000ee   Code   RO         6453    .text               c_w.l(lludivv7m.o)
    0x080003a6   0x080003a6   0x0000004e   Code   RO         6455    .text               c_w.l(rt_memclr_w.o)
    0x080003f4   0x080003f4   0x00000006   Code   RO         6457    .text               c_w.l(heapauxi.o)
    0x080003fa   0x080003fa   0x0000004a   Code   RO         6483    .text               c_w.l(sys_stackheap_outer.o)
    0x08000444   0x08000444   0x00000012   Code   RO         6485    .text               c_w.l(exit.o)
    0x08000456   0x08000456   0x00000002   PAD
    0x08000458   0x08000458   0x00000008   Code   RO         6497    .text               c_w.l(libspace.o)
    0x08000460   0x08000460   0x0000000c   Code   RO         6553    .text               c_w.l(sys_exit.o)
    0x0800046c   0x0800046c   0x00000002   Code   RO         6572    .text               c_w.l(use_no_semi.o)
    0x0800046e   0x0800046e   0x00000000   Code   RO         6574    .text               c_w.l(indicate_semi.o)
    0x0800046e   0x0800046e   0x00000068   Code   RO         1057    i.ADC_DMAConvCplt   stm32g4xx_hal_adc.o
    0x080004d6   0x080004d6   0x0000001a   Code   RO         1058    i.ADC_DMAError      stm32g4xx_hal_adc.o
    0x080004f0   0x080004f0   0x0000000a   Code   RO         1059    i.ADC_DMAHalfConvCplt  stm32g4xx_hal_adc.o
    0x080004fa   0x080004fa   0x00000002   PAD
    0x080004fc   0x080004fc   0x00000070   Code   RO         1060    i.ADC_Disable       stm32g4xx_hal_adc.o
    0x0800056c   0x0800056c   0x00000074   Code   RO         1061    i.ADC_Enable        stm32g4xx_hal_adc.o
    0x080005e0   0x080005e0   0x00000028   Code   RO          284    i.Botton_Process    key.o
    0x08000608   0x08000608   0x00000002   Code   RO          932    i.BusFault_Handler  stm32g4xx_it.o
    0x0800060a   0x0800060a   0x00000002   PAD
    0x0800060c   0x0800060c   0x0000000c   Code   RO          933    i.DMA1_Channel1_IRQHandler  stm32g4xx_it.o
    0x08000618   0x08000618   0x0000000c   Code   RO          934    i.DMA1_Channel2_IRQHandler  stm32g4xx_it.o
    0x08000624   0x08000624   0x00000040   Code   RO         2352    i.DMA_CalcDMAMUXChannelBaseAndMask  stm32g4xx_hal_dma.o
    0x08000664   0x08000664   0x00000024   Code   RO         2353    i.DMA_CalcDMAMUXRequestGenBaseAndMask  stm32g4xx_hal_dma.o
    0x08000688   0x08000688   0x0000003e   Code   RO         2354    i.DMA_SetConfig     stm32g4xx_hal_dma.o
    0x080006c6   0x080006c6   0x00000002   Code   RO          935    i.DebugMon_Handler  stm32g4xx_it.o
    0x080006c8   0x080006c8   0x00000004   Code   RO          501    i.Error_Handler     main.o
    0x080006cc   0x080006cc   0x00000094   Code   RO         1294    i.HAL_ADCEx_Calibration_Start  stm32g4xx_hal_adc_ex.o
    0x08000760   0x08000760   0x00000160   Code   RO         1311    i.HAL_ADCEx_MultiModeConfigChannel  stm32g4xx_hal_adc_ex.o
    0x080008c0   0x080008c0   0x00000460   Code   RO         1063    i.HAL_ADC_ConfigChannel  stm32g4xx_hal_adc.o
    0x08000d20   0x08000d20   0x00000002   Code   RO         1064    i.HAL_ADC_ConvCpltCallback  stm32g4xx_hal_adc.o
    0x08000d22   0x08000d22   0x00000002   Code   RO         1065    i.HAL_ADC_ConvHalfCpltCallback  stm32g4xx_hal_adc.o
    0x08000d24   0x08000d24   0x00000002   Code   RO         1067    i.HAL_ADC_ErrorCallback  stm32g4xx_hal_adc.o
    0x08000d26   0x08000d26   0x00000002   PAD
    0x08000d28   0x08000d28   0x00000238   Code   RO         1072    i.HAL_ADC_Init      stm32g4xx_hal_adc.o
    0x08000f60   0x08000f60   0x00000140   Code   RO          596    i.HAL_ADC_MspInit   adc.o
    0x080010a0   0x080010a0   0x0000012c   Code   RO         1080    i.HAL_ADC_Start_DMA  stm32g4xx_hal_adc.o
    0x080011cc   0x080011cc   0x00000240   Code   RO         2999    i.HAL_COMP_Init     stm32g4xx_hal_comp.o
    0x0800140c   0x0800140c   0x00000088   Code   RO          645    i.HAL_COMP_MspInit  comp.o
    0x08001494   0x08001494   0x000001b4   Code   RO         3090    i.HAL_DAC_ConfigChannel  stm32g4xx_hal_dac.o
    0x08001648   0x08001648   0x00000028   Code   RO         3100    i.HAL_DAC_Init      stm32g4xx_hal_dac.o
    0x08001670   0x08001670   0x00000028   Code   RO          693    i.HAL_DAC_MspInit   dac.o
    0x08001698   0x08001698   0x0000001a   Code   RO         3103    i.HAL_DAC_SetValue  stm32g4xx_hal_dac.o
    0x080016b2   0x080016b2   0x00000068   Code   RO         3104    i.HAL_DAC_Start     stm32g4xx_hal_dac.o
    0x0800171a   0x0800171a   0x0000006a   Code   RO         2355    i.HAL_DMA_Abort     stm32g4xx_hal_dma.o
    0x08001784   0x08001784   0x00000078   Code   RO         2356    i.HAL_DMA_Abort_IT  stm32g4xx_hal_dma.o
    0x080017fc   0x080017fc   0x000000ba   Code   RO         2360    i.HAL_DMA_IRQHandler  stm32g4xx_hal_dma.o
    0x080018b6   0x080018b6   0x00000002   PAD
    0x080018b8   0x080018b8   0x000000c0   Code   RO         2361    i.HAL_DMA_Init      stm32g4xx_hal_dma.o
    0x08001978   0x08001978   0x0000008c   Code   RO         2365    i.HAL_DMA_Start_IT  stm32g4xx_hal_dma.o
    0x08001a04   0x08001a04   0x00000024   Code   RO         1510    i.HAL_Delay         stm32g4xx_hal.o
    0x08001a28   0x08001a28   0x00000248   Code   RO         2217    i.HAL_GPIO_Init     stm32g4xx_hal_gpio.o
    0x08001c70   0x08001c70   0x0000000a   Code   RO         2219    i.HAL_GPIO_ReadPin  stm32g4xx_hal_gpio.o
    0x08001c7a   0x08001c7a   0x00000010   Code   RO         2220    i.HAL_GPIO_TogglePin  stm32g4xx_hal_gpio.o
    0x08001c8a   0x08001c8a   0x0000000a   Code   RO         2221    i.HAL_GPIO_WritePin  stm32g4xx_hal_gpio.o
    0x08001c94   0x08001c94   0x0000000c   Code   RO         1514    i.HAL_GetTick       stm32g4xx_hal.o
    0x08001ca0   0x08001ca0   0x00000062   Code   RO         3394    i.HAL_HRTIM_DLLCalibrationStart  stm32g4xx_hal_hrtim.o
    0x08001d02   0x08001d02   0x00000002   PAD
    0x08001d04   0x08001d04   0x0000008c   Code   RO         3397    i.HAL_HRTIM_DeadTimeConfig  stm32g4xx_hal_hrtim.o
    0x08001d90   0x08001d90   0x000000c0   Code   RO         3427    i.HAL_HRTIM_Init    stm32g4xx_hal_hrtim.o
    0x08001e50   0x08001e50   0x00000028   Code   RO          759    i.HAL_HRTIM_MspInit  hrtim.o
    0x08001e78   0x08001e78   0x00000094   Code   RO          760    i.HAL_HRTIM_MspPostInit  hrtim.o
    0x08001f0c   0x08001f0c   0x00000042   Code   RO         3436    i.HAL_HRTIM_PollForDLLCalibration  stm32g4xx_hal_hrtim.o
    0x08001f4e   0x08001f4e   0x0000007a   Code   RO         3478    i.HAL_HRTIM_TimeBaseConfig  stm32g4xx_hal_hrtim.o
    0x08001fc8   0x08001fc8   0x00000134   Code   RO         3484    i.HAL_HRTIM_WaveformCompareConfig  stm32g4xx_hal_hrtim.o
    0x080020fc   0x080020fc   0x0000002c   Code   RO         3485    i.HAL_HRTIM_WaveformCountStart  stm32g4xx_hal_hrtim.o
    0x08002128   0x08002128   0x00000036   Code   RO         3493    i.HAL_HRTIM_WaveformOutputConfig  stm32g4xx_hal_hrtim.o
    0x0800215e   0x0800215e   0x00000030   Code   RO         3494    i.HAL_HRTIM_WaveformOutputStart  stm32g4xx_hal_hrtim.o
    0x0800218e   0x0800218e   0x00000090   Code   RO         3497    i.HAL_HRTIM_WaveformTimerConfig  stm32g4xx_hal_hrtim.o
    0x0800221e   0x0800221e   0x00000084   Code   RO         3498    i.HAL_HRTIM_WaveformTimerControl  stm32g4xx_hal_hrtim.o
    0x080022a2   0x080022a2   0x00000056   Code   RO         4685    i.HAL_I2CEx_ConfigAnalogFilter  stm32g4xx_hal_i2c_ex.o
    0x080022f8   0x080022f8   0x00000052   Code   RO         4686    i.HAL_I2CEx_ConfigDigitalFilter  stm32g4xx_hal_i2c_ex.o
    0x0800234a   0x0800234a   0x00000002   PAD
    0x0800234c   0x0800234c   0x000000b8   Code   RO         4234    i.HAL_I2C_Init      stm32g4xx_hal_i2c.o
    0x08002404   0x08002404   0x00000158   Code   RO         4255    i.HAL_I2C_Mem_Write  stm32g4xx_hal_i2c.o
    0x0800255c   0x0800255c   0x000000a4   Code   RO          807    i.HAL_I2C_MspInit   i2c.o
    0x08002600   0x08002600   0x00000010   Code   RO         1517    i.HAL_IncTick       stm32g4xx_hal.o
    0x08002610   0x08002610   0x0000001e   Code   RO         1518    i.HAL_Init          stm32g4xx_hal.o
    0x0800262e   0x0800262e   0x00000002   PAD
    0x08002630   0x08002630   0x00000044   Code   RO         1519    i.HAL_InitTick      stm32g4xx_hal.o
    0x08002674   0x08002674   0x00000030   Code   RO         1032    i.HAL_MspInit       stm32g4xx_hal_msp.o
    0x080026a4   0x080026a4   0x0000001a   Code   RO         2864    i.HAL_NVIC_EnableIRQ  stm32g4xx_hal_cortex.o
    0x080026be   0x080026be   0x00000002   PAD
    0x080026c0   0x080026c0   0x00000040   Code   RO         2870    i.HAL_NVIC_SetPriority  stm32g4xx_hal_cortex.o
    0x08002700   0x08002700   0x00000024   Code   RO         2871    i.HAL_NVIC_SetPriorityGrouping  stm32g4xx_hal_cortex.o
    0x08002724   0x08002724   0x000000bc   Code   RO         2620    i.HAL_PWREx_ControlVoltageScaling  stm32g4xx_hal_pwr_ex.o
    0x080027e0   0x080027e0   0x00000010   Code   RO         2632    i.HAL_PWREx_DisableUCPDDeadBattery  stm32g4xx_hal_pwr_ex.o
    0x080027f0   0x080027f0   0x00000300   Code   RO         1863    i.HAL_RCCEx_PeriphCLKConfig  stm32g4xx_hal_rcc_ex.o
    0x08002af0   0x08002af0   0x000001dc   Code   RO         1738    i.HAL_RCC_ClockConfig  stm32g4xx_hal_rcc.o
    0x08002ccc   0x08002ccc   0x0000000c   Code   RO         1744    i.HAL_RCC_GetHCLKFreq  stm32g4xx_hal_rcc.o
    0x08002cd8   0x08002cd8   0x00000024   Code   RO         1746    i.HAL_RCC_GetPCLK1Freq  stm32g4xx_hal_rcc.o
    0x08002cfc   0x08002cfc   0x00000024   Code   RO         1747    i.HAL_RCC_GetPCLK2Freq  stm32g4xx_hal_rcc.o
    0x08002d20   0x08002d20   0x00000070   Code   RO         1748    i.HAL_RCC_GetSysClockFreq  stm32g4xx_hal_rcc.o
    0x08002d90   0x08002d90   0x0000040c   Code   RO         1751    i.HAL_RCC_OscConfig  stm32g4xx_hal_rcc.o
    0x0800319c   0x0800319c   0x00000028   Code   RO         2875    i.HAL_SYSTICK_Config  stm32g4xx_hal_cortex.o
    0x080031c4   0x080031c4   0x00000002   Code   RO         5455    i.HAL_TIMEx_Break2Callback  stm32g4xx_hal_tim_ex.o
    0x080031c6   0x080031c6   0x00000002   Code   RO         5456    i.HAL_TIMEx_BreakCallback  stm32g4xx_hal_tim_ex.o
    0x080031c8   0x080031c8   0x00000002   Code   RO         5457    i.HAL_TIMEx_CommutCallback  stm32g4xx_hal_tim_ex.o
    0x080031ca   0x080031ca   0x00000002   Code   RO         5468    i.HAL_TIMEx_DirectionChangeCallback  stm32g4xx_hal_tim_ex.o
    0x080031cc   0x080031cc   0x00000002   Code   RO         5482    i.HAL_TIMEx_EncoderIndexCallback  stm32g4xx_hal_tim_ex.o
    0x080031ce   0x080031ce   0x00000002   Code   RO         5496    i.HAL_TIMEx_IndexErrorCallback  stm32g4xx_hal_tim_ex.o
    0x080031d0   0x080031d0   0x000000b8   Code   RO         5497    i.HAL_TIMEx_MasterConfigSynchronization  stm32g4xx_hal_tim_ex.o
    0x08003288   0x08003288   0x00000002   Code   RO         5518    i.HAL_TIMEx_TransitionErrorCallback  stm32g4xx_hal_tim_ex.o
    0x0800328a   0x0800328a   0x00000062   Code   RO         4741    i.HAL_TIM_Base_Init  stm32g4xx_hal_tim.o
    0x080032ec   0x080032ec   0x00000038   Code   RO          849    i.HAL_TIM_Base_MspInit  tim.o
    0x08003324   0x08003324   0x0000008c   Code   RO         4746    i.HAL_TIM_Base_Start_IT  stm32g4xx_hal_tim.o
    0x080033b0   0x080033b0   0x000000f0   Code   RO         4750    i.HAL_TIM_ConfigClockSource  stm32g4xx_hal_tim.o
    0x080034a0   0x080034a0   0x00000002   Code   RO         4775    i.HAL_TIM_IC_CaptureCallback  stm32g4xx_hal_tim.o
    0x080034a2   0x080034a2   0x000001fc   Code   RO         4789    i.HAL_TIM_IRQHandler  stm32g4xx_hal_tim.o
    0x0800369e   0x0800369e   0x00000002   Code   RO         4792    i.HAL_TIM_OC_DelayElapsedCallback  stm32g4xx_hal_tim.o
    0x080036a0   0x080036a0   0x00000002   Code   RO         4819    i.HAL_TIM_PWM_PulseFinishedCallback  stm32g4xx_hal_tim.o
    0x080036a2   0x080036a2   0x00000002   Code   RO         4827    i.HAL_TIM_PeriodElapsedCallback  stm32g4xx_hal_tim.o
    0x080036a4   0x080036a4   0x00000002   Code   RO         4832    i.HAL_TIM_TriggerCallback  stm32g4xx_hal_tim.o
    0x080036a6   0x080036a6   0x0000003e   Code   RO         6304    i.HAL_UARTEx_DisableFifoMode  stm32g4xx_hal_uart_ex.o
    0x080036e4   0x080036e4   0x00000002   Code   RO         5893    i.HAL_UARTEx_RxEventCallback  stm32g4xx_hal_uart.o
    0x080036e6   0x080036e6   0x00000002   Code   RO         6311    i.HAL_UARTEx_RxFifoFullCallback  stm32g4xx_hal_uart_ex.o
    0x080036e8   0x080036e8   0x0000004c   Code   RO         6312    i.HAL_UARTEx_SetRxFifoThreshold  stm32g4xx_hal_uart_ex.o
    0x08003734   0x08003734   0x0000004c   Code   RO         6313    i.HAL_UARTEx_SetTxFifoThreshold  stm32g4xx_hal_uart_ex.o
    0x08003780   0x08003780   0x00000002   Code   RO         6315    i.HAL_UARTEx_TxFifoEmptyCallback  stm32g4xx_hal_uart_ex.o
    0x08003782   0x08003782   0x00000002   Code   RO         6316    i.HAL_UARTEx_WakeupCallback  stm32g4xx_hal_uart_ex.o
    0x08003784   0x08003784   0x00000002   Code   RO         5909    i.HAL_UART_ErrorCallback  stm32g4xx_hal_uart.o
    0x08003786   0x08003786   0x00000002   PAD
    0x08003788   0x08003788   0x000002e0   Code   RO         5912    i.HAL_UART_IRQHandler  stm32g4xx_hal_uart.o
    0x08003a68   0x08003a68   0x0000006a   Code   RO         5913    i.HAL_UART_Init     stm32g4xx_hal_uart.o
    0x08003ad2   0x08003ad2   0x00000002   PAD
    0x08003ad4   0x08003ad4   0x000000bc   Code   RO          891    i.HAL_UART_MspInit  usart.o
    0x08003b90   0x08003b90   0x00000002   Code   RO         5925    i.HAL_UART_TxCpltCallback  stm32g4xx_hal_uart.o
    0x08003b92   0x08003b92   0x00000068   Code   RO         3505    i.HRTIM_ForceRegistersUpdate  stm32g4xx_hal_hrtim.o
    0x08003bfa   0x08003bfa   0x00000002   PAD
    0x08003bfc   0x08003bfc   0x00000092   Code   RO         3510    i.HRTIM_MasterWaveform_Config  stm32g4xx_hal_hrtim.o
    0x08003c8e   0x08003c8e   0x000000de   Code   RO         3512    i.HRTIM_OutputConfig  stm32g4xx_hal_hrtim.o
    0x08003d6c   0x08003d6c   0x0000019c   Code   RO         3515    i.HRTIM_TimingUnitWaveform_Config  stm32g4xx_hal_hrtim.o
    0x08003f08   0x08003f08   0x00000002   Code   RO          936    i.HardFault_Handler  stm32g4xx_it.o
    0x08003f0a   0x08003f0a   0x00000022   Code   RO         4281    i.I2C_Flush_TXDR    stm32g4xx_hal_i2c.o
    0x08003f2c   0x08003f2c   0x00000120   Code   RO         4289    i.I2C_IsErrorOccurred  stm32g4xx_hal_i2c.o
    0x0800404c   0x0800404c   0x00000064   Code   RO         4293    i.I2C_RequestMemoryWrite  stm32g4xx_hal_i2c.o
    0x080040b0   0x080040b0   0x00000030   Code   RO         4296    i.I2C_TransferConfig  stm32g4xx_hal_i2c.o
    0x080040e0   0x080040e0   0x00000058   Code   RO         4298    i.I2C_WaitOnFlagUntilTimeout  stm32g4xx_hal_i2c.o
    0x08004138   0x08004138   0x0000004c   Code   RO         4300    i.I2C_WaitOnSTOPFlagUntilTimeout  stm32g4xx_hal_i2c.o
    0x08004184   0x08004184   0x00000050   Code   RO         4301    i.I2C_WaitOnTXISFlagUntilTimeout  stm32g4xx_hal_i2c.o
    0x080041d4   0x080041d4   0x0000002c   Code   RO          285    i.KEY_GPIO_DEAL     key.o
    0x08004200   0x08004200   0x0000000c   Code   RO          286    i.KEY_GPIO_Init     key.o
    0x0800420c   0x0800420c   0x000000a8   Code   RO          287    i.KEY_Init          key.o
    0x080042b4   0x080042b4   0x0000000c   Code   RO         1086    i.LL_ADC_GetOffsetChannel  stm32g4xx_hal_adc.o
    0x080042c0   0x080042c0   0x00000008   Code   RO         1087    i.LL_ADC_INJ_IsConversionOngoing  stm32g4xx_hal_adc.o
    0x080042c8   0x080042c8   0x00000008   Code   RO         1088    i.LL_ADC_REG_IsConversionOngoing  stm32g4xx_hal_adc.o
    0x080042d0   0x080042d0   0x00000008   Code   RO         1321    i.LL_ADC_REG_IsConversionOngoing  stm32g4xx_hal_adc_ex.o
    0x080042d8   0x080042d8   0x00000010   Code   RO         1089    i.LL_ADC_REG_IsTriggerSourceSWStart  stm32g4xx_hal_adc.o
    0x080042e8   0x080042e8   0x0000001e   Code   RO         1091    i.LL_ADC_SetChannelSamplingTime  stm32g4xx_hal_adc.o
    0x08004306   0x08004306   0x00000010   Code   RO         1092    i.LL_ADC_SetOffsetState  stm32g4xx_hal_adc.o
    0x08004316   0x08004316   0x00000002   PAD
    0x08004318   0x08004318   0x00000090   Code   RO          597    i.MX_ADC1_Init      adc.o
    0x080043a8   0x080043a8   0x000000b8   Code   RO          598    i.MX_ADC2_Init      adc.o
    0x08004460   0x08004460   0x00000038   Code   RO          646    i.MX_COMP1_Init     comp.o
    0x08004498   0x08004498   0x00000034   Code   RO          647    i.MX_COMP4_Init     comp.o
    0x080044cc   0x080044cc   0x000000ac   Code   RO          694    i.MX_DAC3_Init      dac.o
    0x08004578   0x08004578   0x0000004c   Code   RO          734    i.MX_DMA_Init       dma.o
    0x080045c4   0x080045c4   0x00000090   Code   RO          571    i.MX_GPIO_Init      gpio.o
    0x08004654   0x08004654   0x00000368   Code   RO          761    i.MX_HRTIM1_Init    hrtim.o
    0x080049bc   0x080049bc   0x00000058   Code   RO          808    i.MX_I2C1_Init      i2c.o
    0x08004a14   0x08004a14   0x00000068   Code   RO          850    i.MX_TIM2_Init      tim.o
    0x08004a7c   0x08004a7c   0x00000068   Code   RO          892    i.MX_USART2_UART_Init  usart.o
    0x08004ae4   0x08004ae4   0x00000002   Code   RO          937    i.MemManage_Handler  stm32g4xx_it.o
    0x08004ae6   0x08004ae6   0x00000002   Code   RO          938    i.NMI_Handler       stm32g4xx_it.o
    0x08004ae8   0x08004ae8   0x0000007c   Code   RO           14    i.OLEDShowData      oled.o
    0x08004b64   0x08004b64   0x00000012   Code   RO           15    i.OLED_CLS          oled.o
    0x08004b76   0x08004b76   0x00000002   PAD
    0x08004b78   0x08004b78   0x00000038   Code   RO           17    i.OLED_Fill         oled.o
    0x08004bb0   0x08004bb0   0x000000ba   Code   RO           18    i.OLED_Init         oled.o
    0x08004c6a   0x08004c6a   0x00000018   Code   RO           20    i.OLED_ON           oled.o
    0x08004c82   0x08004c82   0x00000002   PAD
    0x08004c84   0x08004c84   0x000004ba   Code   RO           21    i.OLED_SHOW         oled.o
    0x0800513e   0x0800513e   0x00000026   Code   RO           22    i.OLED_SetPos       oled.o
    0x08005164   0x08005164   0x000000d8   Code   RO           26    i.OLED_ShowStr      oled.o
    0x0800523c   0x0800523c   0x00000002   Code   RO          939    i.PendSV_Handler    stm32g4xx_it.o
    0x0800523e   0x0800523e   0x00000002   Code   RO          940    i.SVC_Handler       stm32g4xx_it.o
    0x08005240   0x08005240   0x00000004   Code   RO          941    i.SysTick_Handler   stm32g4xx_it.o
    0x08005244   0x08005244   0x00000064   Code   RO          502    i.SystemClock_Config  main.o
    0x080052a8   0x080052a8   0x00000010   Code   RO         6417    i.SystemInit        system_stm32g4xx.o
    0x080052b8   0x080052b8   0x0000006c   Code   RO          942    i.TIM2_IRQHandler   stm32g4xx_it.o
    0x08005324   0x08005324   0x000000d4   Code   RO         4834    i.TIM_Base_SetConfig  stm32g4xx_hal_tim.o
    0x080053f8   0x080053f8   0x00000014   Code   RO         4845    i.TIM_ETR_SetConfig  stm32g4xx_hal_tim.o
    0x0800540c   0x0800540c   0x00000014   Code   RO         4846    i.TIM_ITRx_SetConfig  stm32g4xx_hal_tim.o
    0x08005420   0x08005420   0x00000022   Code   RO         4854    i.TIM_TI1_ConfigInputStage  stm32g4xx_hal_tim.o
    0x08005442   0x08005442   0x00000024   Code   RO         4856    i.TIM_TI2_ConfigInputStage  stm32g4xx_hal_tim.o
    0x08005466   0x08005466   0x00000002   PAD
    0x08005468   0x08005468   0x00000044   Code   RO         6317    i.UARTEx_SetNbDataToProcess  stm32g4xx_hal_uart_ex.o
    0x080054ac   0x080054ac   0x000000c8   Code   RO         5927    i.UART_AdvFeatureConfig  stm32g4xx_hal_uart.o
    0x08005574   0x08005574   0x00000060   Code   RO         5928    i.UART_CheckIdleState  stm32g4xx_hal_uart.o
    0x080055d4   0x080055d4   0x00000014   Code   RO         5929    i.UART_DMAAbortOnError  stm32g4xx_hal_uart.o
    0x080055e8   0x080055e8   0x00000054   Code   RO         5939    i.UART_EndRxTransfer  stm32g4xx_hal_uart.o
    0x0800563c   0x0800563c   0x00000298   Code   RO         5945    i.UART_SetConfig    stm32g4xx_hal_uart.o
    0x080058d4   0x080058d4   0x000000c6   Code   RO         5952    i.UART_WaitOnFlagUntilTimeout  stm32g4xx_hal_uart.o
    0x0800599a   0x0800599a   0x00000002   PAD
    0x0800599c   0x0800599c   0x0000000c   Code   RO          943    i.USART2_IRQHandler  stm32g4xx_it.o
    0x080059a8   0x080059a8   0x00000002   Code   RO          944    i.UsageFault_Handler  stm32g4xx_it.o
    0x080059aa   0x080059aa   0x00000002   PAD
    0x080059ac   0x080059ac   0x00000024   Code   RO           27    i.WriteCmd          oled.o
    0x080059d0   0x080059d0   0x00000024   Code   RO           28    i.WriteDat          oled.o
    0x080059f4   0x080059f4   0x00000020   Code   RO         2877    i.__NVIC_SetPriority  stm32g4xx_hal_cortex.o
    0x08005a14   0x08005a14   0x00000006   Code   RO          288    i.act0              key.o
    0x08005a1a   0x08005a1a   0x00000002   PAD
    0x08005a1c   0x08005a1c   0x00000020   Code   RO          289    i.act1              key.o
    0x08005a3c   0x08005a3c   0x00000014   Code   RO          290    i.act2              key.o
    0x08005a50   0x08005a50   0x0000002a   Code   RO          291    i.act3              key.o
    0x08005a7a   0x08005a7a   0x00000002   Code   RO          292    i.callback10        key.o
    0x08005a7c   0x08005a7c   0x0000001c   Code   RO          293    i.callback11        key.o
    0x08005a98   0x08005a98   0x0000000a   Code   RO          294    i.callback12        key.o
    0x08005aa2   0x08005aa2   0x00000002   PAD
    0x08005aa4   0x08005aa4   0x0000000c   Code   RO          295    i.callback13        key.o
    0x08005ab0   0x08005ab0   0x00000002   Code   RO          296    i.callback20        key.o
    0x08005ab2   0x08005ab2   0x00000002   PAD
    0x08005ab4   0x08005ab4   0x0000001c   Code   RO          297    i.callback21        key.o
    0x08005ad0   0x08005ad0   0x0000000c   Code   RO          298    i.callback22        key.o
    0x08005adc   0x08005adc   0x0000000c   Code   RO          299    i.callback23        key.o
    0x08005ae8   0x08005ae8   0x00000002   Code   RO          300    i.callback30        key.o
    0x08005aea   0x08005aea   0x00000002   PAD
    0x08005aec   0x08005aec   0x000000a8   Code   RO          301    i.callback31        key.o
    0x08005b94   0x08005b94   0x0000000c   Code   RO          302    i.callback32        key.o
    0x08005ba0   0x08005ba0   0x000000a4   Code   RO          303    i.callback33        key.o
    0x08005c44   0x08005c44   0x00000002   Code   RO          304    i.callback40        key.o
    0x08005c46   0x08005c46   0x00000002   PAD
    0x08005c48   0x08005c48   0x00000098   Code   RO          305    i.callback41        key.o
    0x08005ce0   0x08005ce0   0x0000000c   Code   RO          306    i.callback42        key.o
    0x08005cec   0x08005cec   0x000000a0   Code   RO          307    i.callback43        key.o
    0x08005d8c   0x08005d8c   0x000000bc   Code   RO          503    i.main              main.o
    0x08005e48   0x08005e48   0x00000108   Code   RO          455    i.signalCal         signalgen.o
    0x08005f50   0x08005f50   0x0000005c   Code   RO          456    i.signalGen         signalgen.o
    0x08005fac   0x08005fac   0x00000034   Code   RO          457    i.signal_init       signalgen.o
    0x08005fe0   0x08005fe0   0x0000000a   Code   RO         6568    x$fpl$fpinit        fz_wm.l(fpinit.o)
    0x08005fea   0x08005fea   0x00000c18   Data   RO           30    .constdata          oled.o
    0x08006c02   0x08006c02   0x00000018   Data   RO         5953    .constdata          stm32g4xx_hal_uart.o
    0x08006c1a   0x08006c1a   0x00000010   Data   RO         6318    .constdata          stm32g4xx_hal_uart_ex.o
    0x08006c2a   0x08006c2a   0x00000010   Data   RO         6418    .constdata          system_stm32g4xx.o
    0x08006c3a   0x08006c3a   0x00000008   Data   RO         6419    .constdata          system_stm32g4xx.o
    0x08006c42   0x08006c42   0x00000002   PAD
    0x08006c44   0x08006c44   0x00000020   Data   RO         6626    Region$$Table       anon$$obj.o


    Execution Region RW_IRAM1 (Exec base: 0x20000000, Load base: 0x08006c64, Size: 0x00000b98, Max: 0x00020000, ABSOLUTE)

    Exec Addr    Load Addr    Size         Type   Attr      Idx    E Section Name        Object

    0x20000000   0x08006c64   0x000000c8   Data   RW          308    .data               key.o
    0x200000c8   0x08006d2c   0x00000034   Data   RW          458    .data               signalgen.o
    0x200000fc   0x08006d60   0x00000006   Data   RW          504    .data               main.o
    0x20000102   0x08006d66   0x00000002   PAD
    0x20000104   0x08006d68   0x00000004   Data   RW          505    .data               main.o
    0x20000108   0x08006d6c   0x00000004   Data   RW          600    .data               adc.o
    0x2000010c   0x08006d70   0x0000000c   Data   RW         1538    .data               stm32g4xx_hal.o
    0x20000118   0x08006d7c   0x00000004   Data   RW         6420    .data               system_stm32g4xx.o
    0x2000011c        -       0x00000138   Zero   RW          599    .bss                adc.o
    0x20000254        -       0x00000048   Zero   RW          648    .bss                comp.o
    0x2000029c        -       0x00000014   Zero   RW          695    .bss                dac.o
    0x200002b0        -       0x000000fc   Zero   RW          762    .bss                hrtim.o
    0x200003ac        -       0x0000004c   Zero   RW          809    .bss                i2c.o
    0x200003f8        -       0x0000004c   Zero   RW          851    .bss                tim.o
    0x20000444        -       0x000000f0   Zero   RW          893    .bss                usart.o
    0x20000534        -       0x00000060   Zero   RW         6498    .bss                c_w.l(libspace.o)
    0x20000594   0x08006d80   0x00000004   PAD
    0x20000598        -       0x00000200   Zero   RW            2    HEAP                startup_stm32g474xx.o
    0x20000798        -       0x00000400   Zero   RW            1    STACK               startup_stm32g474xx.o


==============================================================================

Image component sizes


      Code (inc. data)   RO Data    RW Data    ZI Data      Debug   Object Name

       648         52          0          4        312       2760   adc.o
       244         32          0          0         72       2207   comp.o
       212         20          0          0         20       1573   dac.o
        76          4          0          0          0        778   dma.o
       144         10          0          0          0        927   gpio.o
      1060         30          0          0        252       2935   hrtim.o
       252         26          0          0         76       1725   i2c.o
      1142        294          0        200          0      13196   key.o
       292         18          0         10          0       2354   main.o
      1944        164       3096          0          0    1091795   oled.o
       408         26          0         52          0       2437   signalgen.o
        64         26        472          0       1536        824   startup_stm32g474xx.o
       162         24          0         12          0       4185   stm32g4xx_hal.o
      2452        162          0          0          0      81367   stm32g4xx_hal_adc.o
       508         36          0          0          0      69797   stm32g4xx_hal_adc_ex.o
       576         36          0          0          0       6932   stm32g4xx_hal_comp.o
       198         14          0          0          0      33735   stm32g4xx_hal_cortex.o
       606          8          0          0          0       4038   stm32g4xx_hal_dac.o
       906         30          0          0          0       6390   stm32g4xx_hal_dma.o
       620         34          0          0          0       3548   stm32g4xx_hal_gpio.o
      2232         32          0          0          0      15128   stm32g4xx_hal_hrtim.o
      1242         24          0          0          0       9771   stm32g4xx_hal_i2c.o
       168          0          0          0          0       1851   stm32g4xx_hal_i2c_ex.o
        48          6          0          0          0        822   stm32g4xx_hal_msp.o
       204         18          0          0          0       1365   stm32g4xx_hal_pwr_ex.o
      1708         98          0          0          0       6612   stm32g4xx_hal_rcc.o
       768         10          0          0          0       1920   stm32g4xx_hal_rcc_ex.o
      1318         80          0          0          0      10617   stm32g4xx_hal_tim.o
       198         34          0          0          0       5216   stm32g4xx_hal_tim_ex.o
      2110         90         24          0          0      28940   stm32g4xx_hal_uart.o
       288          6         16          0          0       5198   stm32g4xx_hal_uart_ex.o
       164         60          0          0          0       5850   stm32g4xx_it.o
        16          4         24          4          0       1067   system_stm32g4xx.o
       160         10          0          0         76       1618   tim.o
       292         30          0          0        240       1801   usart.o

    ----------------------------------------------------------------------
     23474       1548       3666        284       2584    1431279   Object Totals
         0          0         32          0          0          0   (incl. Generated)
        44          0          2          2          0          0   (incl. Padding)

    ----------------------------------------------------------------------

      Code (inc. data)   RO Data    RW Data    ZI Data      Debug   Library Member Name

         8          0          0          0          0         68   __main.o
         0          0          0          0          0          0   __rtentry.o
        12          0          0          0          0          0   __rtentry2.o
         6          0          0          0          0          0   __rtentry4.o
        52          8          0          0          0          0   __scatter.o
        26          0          0          0          0          0   __scatter_copy.o
        28          0          0          0          0          0   __scatter_zi.o
        18          0          0          0          0         80   exit.o
         6          0          0          0          0        152   heapauxi.o
         0          0          0          0          0          0   indicate_semi.o
         2          0          0          0          0          0   libinit.o
         6          0          0          0          0          0   libinit2.o
         2          0          0          0          0          0   libshutdown.o
         2          0          0          0          0          0   libshutdown2.o
         8          4          0          0         96         68   libspace.o
       238          0          0          0          0        100   lludivv7m.o
        78          0          0          0          0         80   rt_memclr_w.o
         2          0          0          0          0          0   rtexit.o
        10          0          0          0          0          0   rtexit2.o
        12          4          0          0          0         68   sys_exit.o
        74          0          0          0          0         80   sys_stackheap_outer.o
         2          0          0          0          0         68   use_no_semi.o
        10          0          0          0          0        116   fpinit.o

    ----------------------------------------------------------------------
       608         16          0          0        100        880   Library Totals
         6          0          0          0          4          0   (incl. Padding)

    ----------------------------------------------------------------------

      Code (inc. data)   RO Data    RW Data    ZI Data      Debug   Library Name

       592         16          0          0         96        764   c_w.l
        10          0          0          0          0        116   fz_wm.l

    ----------------------------------------------------------------------
       608         16          0          0        100        880   Library Totals

    ----------------------------------------------------------------------

==============================================================================


      Code (inc. data)   RO Data    RW Data    ZI Data      Debug   

     24082       1564       3666        284       2684    1413199   Grand Totals
     24082       1564       3666        284       2684    1413199   ELF Image Totals
     24082       1564       3666        284          0          0   ROM Totals

==============================================================================

    Total RO  Size (Code + RO Data)                27748 (  27.10kB)
    Total RW  Size (RW Data + ZI Data)              2968 (   2.90kB)
    Total ROM Size (Code + RO Data + RW Data)      28032 (  27.38kB)

==============================================================================

