Component: ARM Compiler 5.06 update 7 (build 960) Tool: armlink [4d3601]

==============================================================================

Section Cross References

    startup_stm32g474xx.o(STACK) refers (Special) to heapauxi.o(.text) for __use_two_region_memory
    startup_stm32g474xx.o(HEAP) refers (Special) to heapauxi.o(.text) for __use_two_region_memory
    startup_stm32g474xx.o(RESET) refers (Special) to heapauxi.o(.text) for __use_two_region_memory
    startup_stm32g474xx.o(RESET) refers to startup_stm32g474xx.o(STACK) for __initial_sp
    startup_stm32g474xx.o(RESET) refers to startup_stm32g474xx.o(.text) for Reset_Handler
    startup_stm32g474xx.o(RESET) refers to stm32g4xx_it.o(i.NMI_Handler) for NMI_Handler
    startup_stm32g474xx.o(RESET) refers to stm32g4xx_it.o(i.HardFault_Handler) for HardFault_Handler
    startup_stm32g474xx.o(RESET) refers to stm32g4xx_it.o(i.MemManage_Handler) for MemManage_Handler
    startup_stm32g474xx.o(RESET) refers to stm32g4xx_it.o(i.BusFault_Handler) for BusFault_Handler
    startup_stm32g474xx.o(RESET) refers to stm32g4xx_it.o(i.UsageFault_Handler) for UsageFault_Handler
    startup_stm32g474xx.o(RESET) refers to stm32g4xx_it.o(i.SVC_Handler) for SVC_Handler
    startup_stm32g474xx.o(RESET) refers to stm32g4xx_it.o(i.DebugMon_Handler) for DebugMon_Handler
    startup_stm32g474xx.o(RESET) refers to stm32g4xx_it.o(i.PendSV_Handler) for PendSV_Handler
    startup_stm32g474xx.o(RESET) refers to stm32g4xx_it.o(i.SysTick_Handler) for SysTick_Handler
    startup_stm32g474xx.o(RESET) refers to stm32g4xx_it.o(i.DMA1_Channel1_IRQHandler) for DMA1_Channel1_IRQHandler
    startup_stm32g474xx.o(RESET) refers to stm32g4xx_it.o(i.DMA1_Channel2_IRQHandler) for DMA1_Channel2_IRQHandler
    startup_stm32g474xx.o(RESET) refers to stm32g4xx_it.o(i.TIM2_IRQHandler) for TIM2_IRQHandler
    startup_stm32g474xx.o(RESET) refers to stm32g4xx_it.o(i.USART2_IRQHandler) for USART2_IRQHandler
    startup_stm32g474xx.o(.text) refers (Special) to heapauxi.o(.text) for __use_two_region_memory
    startup_stm32g474xx.o(.text) refers to system_stm32g4xx.o(i.SystemInit) for SystemInit
    startup_stm32g474xx.o(.text) refers to __main.o(!!!main) for __main
    startup_stm32g474xx.o(.text) refers to startup_stm32g474xx.o(HEAP) for Heap_Mem
    startup_stm32g474xx.o(.text) refers to startup_stm32g474xx.o(STACK) for Stack_Mem
    oled.o(i.Draw_Logo1) refers to oled.o(i.OLED_SetPos) for OLED_SetPos
    oled.o(i.Draw_Logo1) refers to oled.o(i.WriteDat) for WriteDat
    oled.o(i.Draw_Logo1) refers to stm32g4xx_hal.o(i.HAL_Delay) for HAL_Delay
    oled.o(i.Draw_Logo1) refers to oled.o(i.OLED_CLS) for OLED_CLS
    oled.o(i.Draw_Logo1) refers to oled.o(.constdata) for .constdata
    oled.o(i.OLEDShowData) refers to oled.o(i.OLED_ShowStr) for OLED_ShowStr
    oled.o(i.OLED_CLS) refers to oled.o(i.OLED_Fill) for OLED_Fill
    oled.o(i.OLED_CLS) refers to stm32g4xx_hal.o(i.HAL_Delay) for HAL_Delay
    oled.o(i.OLED_DrawBMP) refers to oled.o(i.OLED_SetPos) for OLED_SetPos
    oled.o(i.OLED_DrawBMP) refers to oled.o(i.WriteDat) for WriteDat
    oled.o(i.OLED_Fill) refers to oled.o(i.WriteCmd) for WriteCmd
    oled.o(i.OLED_Fill) refers to oled.o(i.WriteDat) for WriteDat
    oled.o(i.OLED_Init) refers to stm32g4xx_hal.o(i.HAL_Delay) for HAL_Delay
    oled.o(i.OLED_Init) refers to oled.o(i.WriteCmd) for WriteCmd
    oled.o(i.OLED_OFF) refers to oled.o(i.WriteCmd) for WriteCmd
    oled.o(i.OLED_ON) refers to oled.o(i.WriteCmd) for WriteCmd
    oled.o(i.OLED_SHOW) refers to oled.o(i.OLED_ShowStr) for OLED_ShowStr
    oled.o(i.OLED_SHOW) refers to oled.o(i.OLEDShowData) for OLEDShowData
    oled.o(i.OLED_SHOW) refers to signalgen.o(.data) for freq
    oled.o(i.OLED_SHOW) refers to main.o(.data) for ADC_ConvertedValue
    oled.o(i.OLED_SetPos) refers to oled.o(i.WriteCmd) for WriteCmd
    oled.o(i.OLED_ShowCN) refers to oled.o(i.OLED_SetPos) for OLED_SetPos
    oled.o(i.OLED_ShowCN) refers to oled.o(i.WriteDat) for WriteDat
    oled.o(i.OLED_ShowCN) refers to oled.o(.data) for .data
    oled.o(i.OLED_ShowChar) refers to oled.o(i.OLED_SetPos) for OLED_SetPos
    oled.o(i.OLED_ShowChar) refers to oled.o(i.WriteDat) for WriteDat
    oled.o(i.OLED_ShowChar) refers to oled.o(.constdata) for .constdata
    oled.o(i.OLED_ShowNum) refers to oled.o(i.oled_pow) for oled_pow
    oled.o(i.OLED_ShowNum) refers to oled.o(i.OLED_ShowChar) for OLED_ShowChar
    oled.o(i.OLED_ShowStr) refers to oled.o(i.OLED_SetPos) for OLED_SetPos
    oled.o(i.OLED_ShowStr) refers to oled.o(i.WriteDat) for WriteDat
    oled.o(i.OLED_ShowStr) refers to oled.o(.constdata) for .constdata
    oled.o(i.WriteCmd) refers to stm32g4xx_hal_i2c.o(i.HAL_I2C_Mem_Write) for HAL_I2C_Mem_Write
    oled.o(i.WriteCmd) refers to i2c.o(.bss) for hi2c1
    oled.o(i.WriteDat) refers to stm32g4xx_hal_i2c.o(i.HAL_I2C_Mem_Write) for HAL_I2C_Mem_Write
    oled.o(i.WriteDat) refers to i2c.o(.bss) for hi2c1
[...]
    i.I2C_RequestMemoryWrite                 0x08003af0   Section        0  stm32g4xx_hal_i2c.o(i.I2C_RequestMemoryWrite)
    I2C_RequestMemoryWrite                   0x08003af1   Thumb Code    94  stm32g4xx_hal_i2c.o(i.I2C_RequestMemoryWrite)
    i.I2C_TransferConfig                     0x08003b54   Section        0  stm32g4xx_hal_i2c.o(i.I2C_TransferConfig)
    I2C_TransferConfig                       0x08003b55   Thumb Code    44  stm32g4xx_hal_i2c.o(i.I2C_TransferConfig)
    i.I2C_WaitOnFlagUntilTimeout             0x08003b84   Section        0  stm32g4xx_hal_i2c.o(i.I2C_WaitOnFlagUntilTimeout)
    I2C_WaitOnFlagUntilTimeout               0x08003b85   Thumb Code    88  stm32g4xx_hal_i2c.o(i.I2C_WaitOnFlagUntilTimeout)
    i.I2C_WaitOnSTOPFlagUntilTimeout         0x08003bdc   Section        0  stm32g4xx_hal_i2c.o(i.I2C_WaitOnSTOPFlagUntilTimeout)
    I2C_WaitOnSTOPFlagUntilTimeout           0x08003bdd   Thumb Code    76  stm32g4xx_hal_i2c.o(i.I2C_WaitOnSTOPFlagUntilTimeout)
    i.I2C_WaitOnTXISFlagUntilTimeout         0x08003c28   Section        0  stm32g4xx_hal_i2c.o(i.I2C_WaitOnTXISFlagUntilTimeout)
    I2C_WaitOnTXISFlagUntilTimeout           0x08003c29   Thumb Code    80  stm32g4xx_hal_i2c.o(i.I2C_WaitOnTXISFlagUntilTimeout)
    i.KEY_GPIO_DEAL                          0x08003c78   Section        0  key.o(i.KEY_GPIO_DEAL)
    i.KEY_GPIO_Init                          0x08003ca4   Section        0  key.o(i.KEY_GPIO_Init)
    i.KEY_Init                               0x08003cb0   Section        0  key.o(i.KEY_Init)
    i.LL_ADC_GetOffsetChannel                0x08003d58   Section        0  stm32g4xx_hal_adc.o(i.LL_ADC_GetOffsetChannel)
    LL_ADC_GetOffsetChannel                  0x08003d59   Thumb Code    12  stm32g4xx_hal_adc.o(i.LL_ADC_GetOffsetChannel)
    i.LL_ADC_INJ_IsConversionOngoing         0x08003d64   Section        0  stm32g4xx_hal_adc.o(i.LL_ADC_INJ_IsConversionOngoing)
    LL_ADC_INJ_IsConversionOngoing           0x08003d65   Thumb Code     8  stm32g4xx_hal_adc.o(i.LL_ADC_INJ_IsConversionOngoing)
    i.LL_ADC_REG_IsConversionOngoing         0x08003d6c   Section        0  stm32g4xx_hal_adc.o(i.LL_ADC_REG_IsConversionOngoing)
    LL_ADC_REG_IsConversionOngoing           0x08003d6d   Thumb Code     8  stm32g4xx_hal_adc.o(i.LL_ADC_REG_IsConversionOngoing)
    i.LL_ADC_REG_IsConversionOngoing         0x08003d74   Section        0  stm32g4xx_hal_adc_ex.o(i.LL_ADC_REG_IsConversionOngoing)
    LL_ADC_REG_IsConversionOngoing           0x08003d75   Thumb Code     8  stm32g4xx_hal_adc_ex.o(i.LL_ADC_REG_IsConversionOngoing)
    i.LL_ADC_REG_IsTriggerSourceSWStart      0x08003d7c   Section        0  stm32g4xx_hal_adc.o(i.LL_ADC_REG_IsTriggerSourceSWStart)
    LL_ADC_REG_IsTriggerSourceSWStart        0x08003d7d   Thumb Code    16  stm32g4xx_hal_adc.o(i.LL_ADC_REG_IsTriggerSourceSWStart)
    i.LL_ADC_SetChannelSamplingTime          0x08003d8c   Section        0  stm32g4xx_hal_adc.o(i.LL_ADC_SetChannelSamplingTime)
    LL_ADC_SetChannelSamplingTime            0x08003d8d   Thumb Code    30  stm32g4xx_hal_adc.o(i.LL_ADC_SetChannelSamplingTime)
    i.LL_ADC_SetOffsetState                  0x08003daa   Section        0  stm32g4xx_hal_adc.o(i.LL_ADC_SetOffsetState)
    LL_ADC_SetOffsetState                    0x08003dab   Thumb Code    16  stm32g4xx_hal_adc.o(i.LL_ADC_SetOffsetState)
    i.MX_ADC1_Init                           0x08003dbc   Section        0  adc.o(i.MX_ADC1_Init)
    i.MX_ADC2_Init                           0x08003e4c   Section        0  adc.o(i.MX_ADC2_Init)
    i.MX_DMA_Init                            0x08003f04   Section        0  dma.o(i.MX_DMA_Init)
    i.MX_GPIO_Init                           0x08003f50   Section        0  gpio.o(i.MX_GPIO_Init)
    i.MX_HRTIM1_Init                         0x08003fe0   Section        0  hrtim.o(i.MX_HRTIM1_Init)
    i.MX_I2C1_Init                           0x08004348   Section        0  i2c.o(i.MX_I2C1_Init)
    i.MX_TIM2_Init                           0x080043a0   Section        0  tim.o(i.MX_TIM2_Init)
    i.MX_USART2_UART_Init                    0x08004408   Section        0  usart.o(i.MX_USART2_UART_Init)
    i.MemManage_Handler                      0x08004470   Section        0  stm32g4xx_it.o(i.MemManage_Handler)
    i.NMI_Handler                            0x08004472   Section        0  stm32g4xx_it.o(i.NMI_Handler)
    i.OLEDShowData                           0x08004474   Section        0  oled.o(i.OLEDShowData)
    i.OLED_CLS                               0x080044f0   Section        0  oled.o(i.OLED_CLS)
    i.OLED_Fill                              0x08004504   Section        0  oled.o(i.OLED_Fill)
    i.OLED_Init                              0x0800453c   Section        0  oled.o(i.OLED_Init)
    i.OLED_ON                                0x080045f6   Section        0  oled.o(i.OLED_ON)
    i.OLED_SHOW                              0x08004610   Section        0  oled.o(i.OLED_SHOW)
    i.OLED_SetPos                            0x08004aca   Section        0  oled.o(i.OLED_SetPos)
    i.OLED_ShowStr                           0x08004af0   Section        0  oled.o(i.OLED_ShowStr)
    i.PendSV_Handler                         0x08004bc8   Section        0  stm32g4xx_it.o(i.PendSV_Handler)
    i.SVC_Handler                            0x08004bca   Section        0  stm32g4xx_it.o(i.SVC_Handler)
    i.SysTick_Handler                        0x08004bcc   Section        0  stm32g4xx_it.o(i.SysTick_Handler)
    i.SystemClock_Config                     0x08004bd0   Section        0  main.o(i.SystemClock_Config)
    i.SystemInit                             0x08004c34   Section        0  system_stm32g4xx.o(i.SystemInit)
    i.TIM2_IRQHandler                        0x08004c44   Section        0  stm32g4xx_it.o(i.TIM2_IRQHandler)
    i.TIM_Base_SetConfig                     0x08004cb0   Section        0  stm32g4xx_hal_tim.o(i.TIM_Base_SetConfig)
    i.TIM_ETR_SetConfig                      0x08004d84   Section        0  stm32g4xx_hal_tim.o(i.TIM_ETR_SetConfig)
    i.TIM_ITRx_SetConfig                     0x08004d98   Section        0  stm32g4xx_hal_tim.o(i.TIM_ITRx_SetConfig)
    TIM_ITRx_SetConfig                       0x08004d99   Thumb Code    16  stm32g4xx_hal_tim.o(i.TIM_ITRx_SetConfig)
    i.TIM_TI1_ConfigInputStage               0x08004dac   Section        0  stm32g4xx_hal_tim.o(i.TIM_TI1_ConfigInputStage)
    TIM_TI1_ConfigInputStage                 0x08004dad   Thumb Code    34  stm32g4xx_hal_tim.o(i.TIM_TI1_ConfigInputStage)
    i.TIM_TI2_ConfigInputStage               0x08004dce   Section        0  stm32g4xx_hal_tim.o(i.TIM_TI2_ConfigInputStage)
    TIM_TI2_ConfigInputStage                 0x08004dcf   Thumb Code    36  stm32g4xx_hal_tim.o(i.TIM_TI2_ConfigInputStage)
    i.UARTEx_SetNbDataToProcess              0x08004df4   Section        0  stm32g4xx_hal_uart_ex.o(i.UARTEx_SetNbDataToProcess)
    UARTEx_SetNbDataToProcess                0x08004df5   Thumb Code    62  stm32g4xx_hal_uart_ex.o(i.UARTEx_SetNbDataToProcess)
    i.UART_AdvFeatureConfig                  0x08004e38   Section        0  stm32g4xx_hal_uart.o(i.UART_AdvFeatureConfig)
    i.UART_CheckIdleState                    0x08004f00   Section        0  stm32g4xx_hal_uart.o(i.UART_CheckIdleState)
    i.UART_DMAAbortOnError                   0x08004f60   Section        0  stm32g4xx_hal_uart.o(i.UART_DMAAbortOnError)
    UART_DMAAbortOnError                     0x08004f61   Thumb Code    20  stm32g4xx_hal_uart.o(i.UART_DMAAbortOnError)
    i.UART_EndRxTransfer                     0x08004f74   Section        0  stm32g4xx_hal_uart.o(i.UART_EndRxTransfer)
    UART_EndRxTransfer                       0x08004f75   Thumb Code    78  stm32g4xx_hal_uart.o(i.UART_EndRxTransfer)
    i.UART_SetConfig                         0x08004fc8   Section        0  stm32g4xx_hal_uart.o(i.UART_SetConfig)
    i.UART_WaitOnFlagUntilTimeout            0x08005260   Section        0  stm32g4xx_hal_uart.o(i.UART_WaitOnFlagUntilTimeout)
    i.USART2_IRQHandler                      0x08005328   Section        0  stm32g4xx_it.o(i.USART2_IRQHandler)
    i.UsageFault_Handler                     0x08005334   Section        0  stm32g4xx_it.o(i.UsageFault_Handler)
    i.WriteCmd                               0x08005338   Section        0  oled.o(i.WriteCmd)
    i.WriteDat                               0x0800535c   Section        0  oled.o(i.WriteDat)
    i.__NVIC_SetPriority                     0x08005380   Section        0  stm32g4xx_hal_cortex.o(i.__NVIC_SetPriority)
    __NVIC_SetPriority                       0x08005381   Thumb Code    32  stm32g4xx_hal_cortex.o(i.__NVIC_SetPriority)
    i.act0                                   0x080053a0   Section        0  key.o(i.act0)
    i.act1                                   0x080053a8   Section        0  key.o(i.act1)
    i.act2                                   0x080053c8   Section        0  key.o(i.act2)
    i.act3                                   0x080053dc   Section        0  key.o(i.act3)
    i.callback10                             0x08005406   Section        0  key.o(i.callback10)
    i.callback11                             0x08005408   Section        0  key.o(i.callback11)
    i.callback12                             0x08005424   Section        0  key.o(i.callback12)
    i.callback13                             0x08005430   Section        0  key.o(i.callback13)
    i.callback20                             0x0800543c   Section        0  key.o(i.callback20)
    i.callback21                             0x08005440   Section        0  key.o(i.callback21)
    i.callback22                             0x0800545c   Section        0  key.o(i.callback22)
    i.callback23                             0x08005468   Section        0  key.o(i.callback23)
    i.callback30                             0x08005474   Section        0  key.o(i.callback30)
    i.callback31                             0x08005478   Section        0  key.o(i.callback31)
    i.callback32                             0x08005520   Section        0  key.o(i.callback32)
    i.callback33                             0x0800552c   Section        0  key.o(i.callback33)
    i.callback40                             0x080055d0   Section        0  key.o(i.callback40)
    i.callback41                             0x080055d4   Section        0  key.o(i.callback41)
    i.callback42                             0x0800566c   Section        0  key.o(i.callback42)
    i.callback43                             0x08005678   Section        0  key.o(i.callback43)
    i.main                                   0x08005718   Section        0  main.o(i.main)
    i.signalCal                              0x080057c8   Section        0  signalgen.o(i.signalCal)
    i.signalGen                              0x080058d0   Section        0  signalgen.o(i.signalGen)
    i.signal_init                            0x0800592c   Section        0  signalgen.o(i.signal_init)
    x$fpl$fpinit                             0x08005960   Section       10  fpinit.o(x$fpl$fpinit)
    $v0                                      0x08005960   Number         0  fpinit.o(x$fpl$fpinit)
    .constdata                               0x0800596a   Section     3096  oled.o(.constdata)
    .constdata                               0x08006582   Section       24  stm32g4xx_hal_uart.o(.constdata)
    .constdata                               0x0800659a   Section       16  stm32g4xx_hal_uart_ex.o(.constdata)
    numerator                                0x0800659a   Data           8  stm32g4xx_hal_uart_ex.o(.constdata)
    denominator                              0x080065a2   Data           8  stm32g4xx_hal_uart_ex.o(.constdata)
    .constdata                               0x080065aa   Section       16  system_stm32g4xx.o(.constdata)
    .constdata                               0x080065ba   Section        8  system_stm32g4xx.o(.constdata)
    .data                                    0x20000000   Section      200  key.o(.data)
    .data                                    0x200000c8   Section       52  signalgen.o(.data)
    .data                                    0x200000fc   Section        6  main.o(.data)
    .data                                    0x20000104   Section        4  main.o(.data)
    .data                                    0x20000108   Section        4  adc.o(.data)
    HAL_RCC_ADC12_CLK_ENABLED                0x20000108   Data           4  adc.o(.data)
    .data                                    0x2000010c   Section       12  stm32g4xx_hal.o(.data)
    .data                                    0x20000118   Section        4  system_stm32g4xx.o(.data)
    .bss                                     0x2000011c   Section      312  adc.o(.bss)
    .bss                                     0x20000254   Section      252  hrtim.o(.bss)
    .bss                                     0x20000350   Section       76  i2c.o(.bss)
    .bss                                     0x2000039c   Section       76  tim.o(.bss)
    .bss                                     0x200003e8   Section      240  usart.o(.bss)
    .bss                                     0x200004d8   Section       96  libspace.o(.bss)
    HEAP                                     0x20000538   Section      512  startup_stm32g474xx.o(HEAP)
    Heap_Mem                                 0x20000538   Data         512  startup_stm32g474xx.o(HEAP)
    STACK                                    0x20000738   Section     1024  startup_stm32g474xx.o(STACK)
    Stack_Mem                                0x20000738   Data        1024  startup_stm32g474xx.o(STACK)
    __initial_sp                             0x20000b38   Data           0  startup_stm32g474xx.o(STACK)

    Global Symbols

    Symbol Name                              Value     Ov Type        Size  Object(Section)

    BuildAttributes$$THM_ISAv4$E$P$D$K$B$S$7EM$VFPi3$EXTD16$VFPS$VFMA$PE$A:L22UL41UL21$X:L11$S22US41US21$IEEE1$IW$USESV6$~STKCKD$USESV7$~SHL$OSPACE$ROPI$EBA8$UX$STANDARDLIB$REQ8$PRES8$EABIv2 0x00000000   Number         0  anon$$obj.o ABSOLUTE
    __ARM_use_no_argv                        0x00000000   Number         0  main.o ABSOLUTE
    __ARM_exceptions_init                     - Undefined Weak Reference
    __alloca_initialize                       - Undefined Weak Reference
    __arm_fini_                               - Undefined Weak Reference
    __arm_preinit_                            - Undefined Weak Reference
    __cpp_initialize__aeabi_                  - Undefined Weak Reference
    __cxa_finalize                            - Undefined Weak Reference
    __rt_locale                               - Undefined Weak Reference
    __sigvec_lookup                           - Undefined Weak Reference
    _atexit_init                              - Undefined Weak Reference
    _call_atexit_fns                          - Undefined Weak Reference
    _clock_init                               - Undefined Weak Reference
    _fp_trap_init                             - Undefined Weak Reference
    _fp_trap_shutdown                         - Undefined Weak Reference
    _get_lc_collate                           - Undefined Weak Reference
    _get_lc_ctype                             - Undefined Weak Reference
    _get_lc_monetary                          - Undefined Weak Reference
    _get_lc_numeric                           - Undefined Weak Reference
    _get_lc_time                              - Undefined Weak Reference
    _getenv_init                              - Undefined Weak Reference
    _handle_redirection                       - Undefined Weak Reference
    _init_alloc                               - Undefined Weak Reference
    _init_user_alloc                          - Undefined Weak Reference
    _initio                                   - Undefined Weak Reference
    _rand_init                                - Undefined Weak Reference
    _signal_finish                            - Undefined Weak Reference
    _signal_init                              - Undefined Weak Reference
    _terminate_alloc                          - Undefined Weak Reference
    _terminate_user_alloc                     - Undefined Weak Reference
    _terminateio                              - Undefined Weak Reference
    __Vectors_Size                           0x000001d8   Number         0  startup_stm32g474xx.o ABSOLUTE
    __Vectors                                0x08000000   Data           4  startup_stm32g474xx.o(RESET)
    __Vectors_End                            0x080001d8   Data           0  startup_stm32g474xx.o(RESET)
    __main                                   0x080001d9   Thumb Code     8  __main.o(!!!main)
    __scatterload                            0x080001e1   Thumb Code     0  __scatter.o(!!!scatter)
    __scatterload_rt2                        0x080001e1   Thumb Code    44  __scatter.o(!!!scatter)
    __scatterload_rt2_thumb_only             0x080001e1   Thumb Code     0  __scatter.o(!!!scatter)
    __scatterload_null                       0x080001ef   Thumb Code     0  __scatter.o(!!!scatter)
    __scatterload_copy                       0x08000215   Thumb Code    26  __scatter_copy.o(!!handler_copy)
    __scatterload_zeroinit                   0x08000231   Thumb Code    28  __scatter_zi.o(!!handler_zi)
    __rt_lib_init                            0x0800024d   Thumb Code     0  libinit.o(.ARM.Collect$$libinit$$00000000)
    __rt_lib_init_fp_1                       0x0800024f   Thumb Code     0  libinit2.o(.ARM.Collect$$libinit$$00000001)
    __rt_lib_init_alloca_1                   0x08000253   Thumb Code     0  libinit2.o(.ARM.Collect$$libinit$$0000002E)
    __rt_lib_init_argv_1                     0x08000253   Thumb Code     0  libinit2.o(.ARM.Collect$$libinit$$0000002C)
    __rt_lib_init_atexit_1                   0x08000253   Thumb Code     0  libinit2.o(.ARM.Collect$$libinit$$0000001B)
    __rt_lib_init_clock_1                    0x08000253   Thumb Code     0  libinit2.o(.ARM.Collect$$libinit$$00000021)
    __rt_lib_init_cpp_1                      0x08000253   Thumb Code     0  libinit2.o(.ARM.Collect$$libinit$$00000032)
    __rt_lib_init_exceptions_1               0x08000253   Thumb Code     0  libinit2.o(.ARM.Collect$$libinit$$00000030)
    __rt_lib_init_fp_trap_1                  0x08000253   Thumb Code     0  libinit2.o(.ARM.Collect$$libinit$$0000001F)
    __rt_lib_init_getenv_1                   0x08000253   Thumb Code     0  libinit2.o(.ARM.Collect$$libinit$$00000023)
    __rt_lib_init_heap_1                     0x08000253   Thumb Code     0  libinit2.o(.ARM.Collect$$libinit$$0000000A)
    __rt_lib_init_lc_collate_1               0x08000253   Thumb Code     0  libinit2.o(.ARM.Collect$$libinit$$00000011)
    __rt_lib_init_lc_ctype_1                 0x08000253   Thumb Code     0  libinit2.o(.ARM.Collect$$libinit$$00000013)
    __rt_lib_init_lc_monetary_1              0x08000253   Thumb Code     0  libinit2.o(.ARM.Collect$$libinit$$00000015)
    __rt_lib_init_lc_numeric_1               0x08000253   Thumb Code     0  libinit2.o(.ARM.Collect$$libinit$$00000017)
    __rt_lib_init_lc_time_1                  0x08000253   Thumb Code     0  libinit2.o(.ARM.Collect$$libinit$$00000019)
    __rt_lib_init_preinit_1                  0x08000253   Thumb Code     0  libinit2.o(.ARM.Collect$$libinit$$00000004)
    __rt_lib_init_rand_1                     0x08000253   Thumb Code     0  libinit2.o(.ARM.Collect$$libinit$$0000000E)
    __rt_lib_init_return                     0x08000253   Thumb Code     0  libinit2.o(.ARM.Collect$$libinit$$00000033)
    __rt_lib_init_signal_1                   0x08000253   Thumb Code     0  libinit2.o(.ARM.Collect$$libinit$$0000001D)
    __rt_lib_init_stdio_1                    0x08000253   Thumb Code     0  libinit2.o(.ARM.Collect$$libinit$$00000025)
    __rt_lib_init_user_alloc_1               0x08000253   Thumb Code     0  libinit2.o(.ARM.Collect$$libinit$$0000000C)
    __rt_lib_shutdown                        0x08000255   Thumb Code     0  libshutdown.o(.ARM.Collect$$libshutdown$$00000000)
    __rt_lib_shutdown_cpp_1                  0x08000257   Thumb Code     0  libshutdown2.o(.ARM.Collect$$libshutdown$$00000004)
    __rt_lib_shutdown_fini_1                 0x08000257   Thumb Code     0  libshutdown2.o(.ARM.Collect$$libshutdown$$00000002)
    __rt_lib_shutdown_fp_trap_1              0x08000257   Thumb Code     0  libshutdown2.o(.ARM.Collect$$libshutdown$$00000009)
    __rt_lib_shutdown_heap_1                 0x08000257   Thumb Code     0  libshutdown2.o(.ARM.Collect$$libshutdown$$00000011)
    __rt_lib_shutdown_return                 0x08000257   Thumb Code     0  libshutdown2.o(.ARM.Collect$$libshutdown$$00000012)
    __rt_lib_shutdown_signal_1               0x08000257   Thumb Code     0  libshutdown2.o(.ARM.Collect$$libshutdown$$0000000C)
    __rt_lib_shutdown_stdio_1                0x08000257   Thumb Code     0  libshutdown2.o(.ARM.Collect$$libshutdown$$00000006)
    __rt_lib_shutdown_user_alloc_1           0x08000257   Thumb Code     0  libshutdown2.o(.ARM.Collect$$libshutdown$$0000000E)
    __rt_entry                               0x08000259   Thumb Code     0  __rtentry.o(.ARM.Collect$$rtentry$$00000000)
    __rt_entry_presh_1                       0x08000259   Thumb Code     0  __rtentry2.o(.ARM.Collect$$rtentry$$00000002)
    __rt_entry_sh                            0x08000259   Thumb Code     0  __rtentry4.o(.ARM.Collect$$rtentry$$00000004)
    __rt_entry_li                            0x0800025f   Thumb Code     0  __rtentry2.o(.ARM.Collect$$rtentry$$0000000A)
    __rt_entry_postsh_1                      0x0800025f   Thumb Code     0  __rtentry2.o(.ARM.Collect$$rtentry$$00000009)
    __rt_entry_main                          0x08000263   Thumb Code     0  __rtentry2.o(.ARM.Collect$$rtentry$$0000000D)
    __rt_entry_postli_1                      0x08000263   Thumb Code     0  __rtentry2.o(.ARM.Collect$$rtentry$$0000000C)
    __rt_exit                                0x0800026b   Thumb Code     0  rtexit.o(.ARM.Collect$$rtexit$$00000000)
    __rt_exit_ls                             0x0800026d   Thumb Code     0  rtexit2.o(.ARM.Collect$$rtexit$$00000003)
    __rt_exit_prels_1                        0x0800026d   Thumb Code     0  rtexit2.o(.ARM.Collect$$rtexit$$00000002)
    __rt_exit_exit                           0x08000271   Thumb Code     0  rtexit2.o(.ARM.Collect$$rtexit$$00000004)
    Reset_Handler                            0x08000279   Thumb Code     8  startup_stm32g474xx.o(.text)
    ADC1_2_IRQHandler                        0x08000293   Thumb Code     0  startup_stm32g474xx.o(.text)
    ADC3_IRQHandler                          0x08000293   Thumb Code     0  startup_stm32g474xx.o(.text)
    ADC4_IRQHandler                          0x08000293   Thumb Code     0  startup_stm32g474xx.o(.text)
    ADC5_IRQHandler                          0x08000293   Thumb Code     0  startup_stm32g474xx.o(.text)
    COMP1_2_3_IRQHandler                     0x08000293   Thumb Code     0  startup_stm32g474xx.o(.text)
    COMP4_5_6_IRQHandler                     0x08000293   Thumb Code     0  startup_stm32g474xx.o(.text)
    COMP7_IRQHandler                         0x08000293   Thumb Code     0  startup_stm32g474xx.o(.text)
    CORDIC_IRQHandler                        0x08000293   Thumb Code     0  startup_stm32g474xx.o(.text)
    CRS_IRQHandler                           0x08000293   Thumb Code     0  startup_stm32g474xx.o(.text)
    DMA1_Channel3_IRQHandler                 0x08000293   Thumb Code     0  startup_stm32g474xx.o(.text)
    DMA1_Channel4_IRQHandler                 0x08000293   Thumb Code     0  startup_stm32g474xx.o(.text)
    DMA1_Channel5_IRQHandler                 0x08000293   Thumb Code     0  startup_stm32g474xx.o(.text)
    DMA1_Channel6_IRQHandler                 0x08000293   Thumb Code     0  startup_stm32g474xx.o(.text)
    DMA1_Channel7_IRQHandler                 0x08000293   Thumb Code     0  startup_stm32g474xx.o(.text)
    DMA1_Channel8_IRQHandler                 0x08000293   Thumb Code     0  startup_stm32g474xx.o(.text)
    DMA2_Channel1_IRQHandler                 0x08000293   Thumb Code     0  startup_stm32g474xx.o(.text)
    DMA2_Channel2_IRQHandler                 0x08000293   Thumb Code     0  startup_stm32g474xx.o(.text)
    DMA2_Channel3_IRQHandler                 0x08000293   Thumb Code     0  startup_stm32g474xx.o(.text)
    DMA2_Channel4_IRQHandler                 0x08000293   Thumb Code     0  startup_stm32g474xx.o(.text)
    DMA2_Channel5_IRQHandler                 0x08000293   Thumb Code     0  startup_stm32g474xx.o(.text)
    DMA2_Channel6_IRQHandler                 0x08000293   Thumb Code     0  startup_stm32g474xx.o(.text)
    DMA2_Channel7_IRQHandler                 0x08000293   Thumb Code     0  startup_stm32g474xx.o(.text)
    DMA2_Channel8_IRQHandler                 0x08000293   Thumb Code     0  startup_stm32g474xx.o(.text)
    DMAMUX_OVR_IRQHandler                    0x08000293   Thumb Code     0  startup_stm32g474xx.o(.text)
    EXTI0_IRQHandler                         0x08000293   Thumb Code     0  startup_stm32g474xx.o(.text)
    EXTI15_10_IRQHandler                     0x08000293   Thumb Code     0  startup_stm32g474xx.o(.text)
    EXTI1_IRQHandler                         0x08000293   Thumb Code     0  startup_stm32g474xx.o(.text)
    EXTI2_IRQHandler                         0x08000293   Thumb Code     0  startup_stm32g474xx.o(.text)
    EXTI3_IRQHandler                         0x08000293   Thumb Code     0  startup_stm32g474xx.o(.text)
    EXTI4_IRQHandler                         0x08000293   Thumb Code     0  startup_stm32g474xx.o(.text)
    EXTI9_5_IRQHandler                       0x08000293   Thumb Code     0  startup_stm32g474xx.o(.text)
    FDCAN1_IT0_IRQHandler                    0x08000293   Thumb Code     0  startup_stm32g474xx.o(.text)
    FDCAN1_IT1_IRQHandler                    0x08000293   Thumb Code     0  startup_stm32g474xx.o(.text)
    FDCAN2_IT0_IRQHandler                    0x08000293   Thumb Code     0  startup_stm32g474xx.o(.text)
    FDCAN2_IT1_IRQHandler                    0x08000293   Thumb Code     0  startup_stm32g474xx.o(.text)
    FDCAN3_IT0_IRQHandler                    0x08000293   Thumb Code     0  startup_stm32g474xx.o(.text)
    FDCAN3_IT1_IRQHandler                    0x08000293   Thumb Code     0  startup_stm32g474xx.o(.text)
    FLASH_IRQHandler                         0x08000293   Thumb Code     0  startup_stm32g474xx.o(.text)
    FMAC_IRQHandler                          0x08000293   Thumb Code     0  startup_stm32g474xx.o(.text)
    FMC_IRQHandler                           0x08000293   Thumb Code     0  startup_stm32g474xx.o(.text)
    FPU_IRQHandler                           0x08000293   Thumb Code     0  startup_stm32g474xx.o(.text)
    HRTIM1_FLT_IRQHandler                    0x08000293   Thumb Code     0  startup_stm32g474xx.o(.text)
    HRTIM1_Master_IRQHandler                 0x08000293   Thumb Code     0  startup_stm32g474xx.o(.text)
    HRTIM1_TIMA_IRQHandler                   0x08000293   Thumb Code     0  startup_stm32g474xx.o(.text)
    HRTIM1_TIMB_IRQHandler                   0x08000293   Thumb Code     0  startup_stm32g474xx.o(.text)
    HRTIM1_TIMC_IRQHandler                   0x08000293   Thumb Code     0  startup_stm32g474xx.o(.text)
    HRTIM1_TIMD_IRQHandler                   0x08000293   Thumb Code     0  startup_stm32g474xx.o(.text)
    HRTIM1_TIME_IRQHandler                   0x08000293   Thumb Code     0  startup_stm32g474xx.o(.text)
    HRTIM1_TIMF_IRQHandler                   0x08000293   Thumb Code     0  startup_stm32g474xx.o(.text)
    I2C1_ER_IRQHandler                       0x08000293   Thumb Code     0  startup_stm32g474xx.o(.text)
    I2C1_EV_IRQHandler                       0x08000293   Thumb Code     0  startup_stm32g474xx.o(.text)
    I2C2_ER_IRQHandler                       0x08000293   Thumb Code     0  startup_stm32g474xx.o(.text)
    I2C2_EV_IRQHandler                       0x08000293   Thumb Code     0  startup_stm32g474xx.o(.text)
    I2C3_ER_IRQHandler                       0x08000293   Thumb Code     0  startup_stm32g474xx.o(.text)
    I2C3_EV_IRQHandler                       0x08000293   Thumb Code     0  startup_stm32g474xx.o(.text)
    I2C4_ER_IRQHandler                       0x08000293   Thumb Code     0  startup_stm32g474xx.o(.text)
    I2C4_EV_IRQHandler                       0x08000293   Thumb Code     0  startup_stm32g474xx.o(.text)
    LPTIM1_IRQHandler                        0x08000293   Thumb Code     0  startup_stm32g474xx.o(.text)
    LPUART1_IRQHandler                       0x08000293   Thumb Code     0  startup_stm32g474xx.o(.text)
    PVD_PVM_IRQHandler                       0x08000293   Thumb Code     0  startup_stm32g474xx.o(.text)
    QUADSPI_IRQHandler                       0x08000293   Thumb Code     0  startup_stm32g474xx.o(.text)
    RCC_IRQHandler                           0x08000293   Thumb Code     0  startup_stm32g474xx.o(.text)
    RNG_IRQHandler                           0x08000293   Thumb Code     0  startup_stm32g474xx.o(.text)
    RTC_Alarm_IRQHandler                     0x08000293   Thumb Code     0  startup_stm32g474xx.o(.text)
    RTC_TAMP_LSECSS_IRQHandler               0x08000293   Thumb Code     0  startup_stm32g474xx.o(.text)
    RTC_WKUP_IRQHandler                      0x08000293   Thumb Code     0  startup_stm32g474xx.o(.text)
    SAI1_IRQHandler                          0x08000293   Thumb Code     0  startup_stm32g474xx.o(.text)
    SPI1_IRQHandler                          0x08000293   Thumb Code     0  startup_stm32g474xx.o(.text)
    SPI2_IRQHandler                          0x08000293   Thumb Code     0  startup_stm32g474xx.o(.text)
    SPI3_IRQHandler                          0x08000293   Thumb Code     0  startup_stm32g474xx.o(.text)
    SPI4_IRQHandler                          0x08000293   Thumb Code     0  startup_stm32g474xx.o(.text)
    TIM1_BRK_TIM15_IRQHandler                0x08000293   Thumb Code     0  startup_stm32g474xx.o(.text)
    TIM1_CC_IRQHandler                       0x08000293   Thumb Code     0  startup_stm32g474xx.o(.text)
    TIM1_TRG_COM_TIM17_IRQHandler            0x08000293   Thumb Code     0  startup_stm32g474xx.o(.text)
    TIM1_UP_TIM16_IRQHandler                 0x08000293   Thumb Code     0  startup_stm32g474xx.o(.text)
    TIM20_BRK_IRQHandler                     0x08000293   Thumb Code     0  startup_stm32g474xx.o(.text)
    TIM20_CC_IRQHandler                      0x08000293   Thumb Code     0  startup_stm32g474xx.o(.text)
    TIM20_TRG_COM_IRQHandler                 0x08000293   Thumb Code     0  startup_stm32g474xx.o(.text)
    TIM20_UP_IRQHandler                      0x08000293   Thumb Code     0  startup_stm32g474xx.o(.text)
    TIM3_IRQHandler                          0x08000293   Thumb Code     0  startup_stm32g474xx.o(.text)
    TIM4_IRQHandler                          0x08000293   Thumb Code     0  startup_stm32g474xx.o(.text)
    TIM5_IRQHandler                          0x08000293   Thumb Code     0  startup_stm32g474xx.o(.text)
    TIM6_DAC_IRQHandler                      0x08000293   Thumb Code     0  startup_stm32g474xx.o(.text)
    TIM7_DAC_IRQHandler                      0x08000293   Thumb Code     0  startup_stm32g474xx.o(.text)
    TIM8_BRK_IRQHandler                      0x08000293   Thumb Code     0  startup_stm32g474xx.o(.text)
    TIM8_CC_IRQHandler                       0x08000293   Thumb Code     0  startup_stm32g474xx.o(.text)
    TIM8_TRG_COM_IRQHandler                  0x08000293   Thumb Code     0  startup_stm32g474xx.o(.text)
    TIM8_UP_IRQHandler                       0x08000293   Thumb Code     0  startup_stm32g474xx.o(.text)
    UART4_IRQHandler                         0x08000293   Thumb Code     0  startup_stm32g474xx.o(.text)
    UART5_IRQHandler                         0x08000293   Thumb Code     0  startup_stm32g474xx.o(.text)
    UCPD1_IRQHandler                         0x08000293   Thumb Code     0  startup_stm32g474xx.o(.text)
    USART1_IRQHandler                        0x08000293   Thumb Code     0  startup_stm32g474xx.o(.text)
    USART3_IRQHandler                        0x08000293   Thumb Code     0  startup_stm32g474xx.o(.text)
    USBWakeUp_IRQHandler                     0x08000293   Thumb Code     0  startup_stm32g474xx.o(.text)
    USB_HP_IRQHandler                        0x08000293   Thumb Code     0  startup_stm32g474xx.o(.text)
    USB_LP_IRQHandler                        0x08000293   Thumb Code     0  startup_stm32g474xx.o(.text)
    WWDG_IRQHandler                          0x08000293   Thumb Code     0  startup_stm32g474xx.o(.text)
    __user_initial_stackheap                 0x08000295   Thumb Code     0  startup_stm32g474xx.o(.text)
    __aeabi_uldivmod                         0x080002b9   Thumb Code     0  lludivv7m.o(.text)
    _ll_udiv                                 0x080002b9   Thumb Code   238  lludivv7m.o(.text)
    __aeabi_memclr4                          0x080003a7   Thumb Code     0  rt_memclr_w.o(.text)
    __aeabi_memclr8                          0x080003a7   Thumb Code     0  rt_memclr_w.o(.text)
    __rt_memclr_w                            0x080003a7   Thumb Code    78  rt_memclr_w.o(.text)
    _memset_w                                0x080003ab   Thumb Code     0  rt_memclr_w.o(.text)
    __use_two_region_memory                  0x080003f5   Thumb Code     2  heapauxi.o(.text)
    __rt_heap_escrow$2region                 0x080003f7   Thumb Code     2  heapauxi.o(.text)
    __rt_heap_expand$2region                 0x080003f9   Thumb Code     2  heapauxi.o(.text)
    __user_setup_stackheap                   0x080003fb   Thumb Code    74  sys_stackheap_outer.o(.text)
    exit                                     0x08000445   Thumb Code    18  exit.o(.text)
    __user_libspace                          0x08000459   Thumb Code     8  libspace.o(.text)
    __user_perproc_libspace                  0x08000459   Thumb Code     0  libspace.o(.text)
    __user_perthread_libspace                0x08000459   Thumb Code     0  libspace.o(.text)
    _sys_exit                                0x08000461   Thumb Code     8  sys_exit.o(.text)
    __I$use$semihosting                      0x0800046d   Thumb Code     0  use_no_semi.o(.text)
    __use_no_semihosting_swi                 0x0800046d   Thumb Code     2  use_no_semi.o(.text)
    ADC_DMAConvCplt                          0x0800046f   Thumb Code   104  stm32g4xx_hal_adc.o(i.ADC_DMAConvCplt)
    __semihosting_library_function           0x0800046f   Thumb Code     0  indicate_semi.o(.text)
    ADC_DMAError                             0x080004d7   Thumb Code    26  stm32g4xx_hal_adc.o(i.ADC_DMAError)
    ADC_DMAHalfConvCplt                      0x080004f1   Thumb Code    10  stm32g4xx_hal_adc.o(i.ADC_DMAHalfConvCplt)
    ADC_Disable                              0x080004fd   Thumb Code   106  stm32g4xx_hal_adc.o(i.ADC_Disable)
    ADC_Enable                               0x0800056d   Thumb Code   110  stm32g4xx_hal_adc.o(i.ADC_Enable)
    Botton_Process                           0x080005e1   Thumb Code    36  key.o(i.Botton_Process)
    BusFault_Handler                         0x08000609   Thumb Code     2  stm32g4xx_it.o(i.BusFault_Handler)
    DMA1_Channel1_IRQHandler                 0x0800060d   Thumb Code     6  stm32g4xx_it.o(i.DMA1_Channel1_IRQHandler)
    DMA1_Channel2_IRQHandler                 0x08000619   Thumb Code     6  stm32g4xx_it.o(i.DMA1_Channel2_IRQHandler)
    DebugMon_Handler                         0x080006c7   Thumb Code     2  stm32g4xx_it.o(i.DebugMon_Handler)
    Error_Handler                            0x080006c9   Thumb Code     4  main.o(i.Error_Handler)
    HAL_ADCEx_Calibration_Start              0x080006cd   Thumb Code   138  stm32g4xx_hal_adc_ex.o(i.HAL_ADCEx_Calibration_Start)
    HAL_ADCEx_MultiModeConfigChannel         0x08000761   Thumb Code   326  stm32g4xx_hal_adc_ex.o(i.HAL_ADCEx_MultiModeConfigChannel)
    HAL_ADC_ConfigChannel                    0x080008c1   Thumb Code  1058  stm32g4xx_hal_adc.o(i.HAL_ADC_ConfigChannel)
    HAL_ADC_ConvCpltCallback                 0x08000d21   Thumb Code     2  stm32g4xx_hal_adc.o(i.HAL_ADC_ConvCpltCallback)
    HAL_ADC_ConvHalfCpltCallback             0x08000d23   Thumb Code     2  stm32g4xx_hal_adc.o(i.HAL_ADC_ConvHalfCpltCallback)
    HAL_ADC_ErrorCallback                    0x08000d25   Thumb Code     2  stm32g4xx_hal_adc.o(i.HAL_ADC_ErrorCallback)
    HAL_ADC_Init                             0x08000d29   Thumb Code   520  stm32g4xx_hal_adc.o(i.HAL_ADC_Init)
    HAL_ADC_MspInit                          0x08000f61   Thumb Code   296  adc.o(i.HAL_ADC_MspInit)
    HAL_ADC_Start_DMA                        0x080010a1   Thumb Code   260  stm32g4xx_hal_adc.o(i.HAL_ADC_Start_DMA)
    HAL_DMA_Abort                            0x080011cd   Thumb Code   106  stm32g4xx_hal_dma.o(i.HAL_DMA_Abort)
    HAL_DMA_Abort_IT                         0x08001237   Thumb Code   120  stm32g4xx_hal_dma.o(i.HAL_DMA_Abort_IT)
    HAL_DMA_IRQHandler                       0x080012af   Thumb Code   186  stm32g4xx_hal_dma.o(i.HAL_DMA_IRQHandler)
    HAL_DMA_Init                             0x08001369   Thumb Code   178  stm32g4xx_hal_dma.o(i.HAL_DMA_Init)
    HAL_DMA_Start_IT                         0x08001429   Thumb Code   140  stm32g4xx_hal_dma.o(i.HAL_DMA_Start_IT)
    HAL_Delay                                0x080014b5   Thumb Code    32  stm32g4xx_hal.o(i.HAL_Delay)
    HAL_GPIO_Init                            0x080014d9   Thumb Code   550  stm32g4xx_hal_gpio.o(i.HAL_GPIO_Init)
    HAL_GPIO_ReadPin                         0x08001721   Thumb Code    10  stm32g4xx_hal_gpio.o(i.HAL_GPIO_ReadPin)
    HAL_GPIO_TogglePin                       0x0800172b   Thumb Code    16  stm32g4xx_hal_gpio.o(i.HAL_GPIO_TogglePin)
    HAL_GPIO_WritePin                        0x0800173b   Thumb Code    10  stm32g4xx_hal_gpio.o(i.HAL_GPIO_WritePin)
    HAL_GetTick                              0x08001745   Thumb Code     6  stm32g4xx_hal.o(i.HAL_GetTick)
    HAL_HRTIM_DLLCalibrationStart            0x08001751   Thumb Code    98  stm32g4xx_hal_hrtim.o(i.HAL_HRTIM_DLLCalibrationStart)
    HAL_HRTIM_DeadTimeConfig                 0x080017b5   Thumb Code   136  stm32g4xx_hal_hrtim.o(i.HAL_HRTIM_DeadTimeConfig)
    HAL_HRTIM_Init                           0x08001841   Thumb Code   184  stm32g4xx_hal_hrtim.o(i.HAL_HRTIM_Init)
    HAL_HRTIM_MspInit                        0x08001901   Thumb Code    30  hrtim.o(i.HAL_HRTIM_MspInit)
    HAL_HRTIM_MspPostInit                    0x08001929   Thumb Code   136  hrtim.o(i.HAL_HRTIM_MspPostInit)
    HAL_HRTIM_PollForDLLCalibration          0x080019bd   Thumb Code    66  stm32g4xx_hal_hrtim.o(i.HAL_HRTIM_PollForDLLCalibration)
    HAL_HRTIM_TimeBaseConfig                 0x080019ff   Thumb Code   122  stm32g4xx_hal_hrtim.o(i.HAL_HRTIM_TimeBaseConfig)
    HAL_HRTIM_WaveformCompareConfig          0x08001a79   Thumb Code   308  stm32g4xx_hal_hrtim.o(i.HAL_HRTIM_WaveformCompareConfig)
    HAL_HRTIM_WaveformCountStart             0x08001bad   Thumb Code    44  stm32g4xx_hal_hrtim.o(i.HAL_HRTIM_WaveformCountStart)
    HAL_HRTIM_WaveformOutputConfig           0x08001bd9   Thumb Code    54  stm32g4xx_hal_hrtim.o(i.HAL_HRTIM_WaveformOutputConfig)
    HAL_HRTIM_WaveformOutputStart            0x08001c0f   Thumb Code    48  stm32g4xx_hal_hrtim.o(i.HAL_HRTIM_WaveformOutputStart)
    HAL_HRTIM_WaveformTimerConfig            0x08001c3f   Thumb Code   144  stm32g4xx_hal_hrtim.o(i.HAL_HRTIM_WaveformTimerConfig)
    HAL_HRTIM_WaveformTimerControl           0x08001ccf   Thumb Code   132  stm32g4xx_hal_hrtim.o(i.HAL_HRTIM_WaveformTimerControl)
    HAL_I2CEx_ConfigAnalogFilter             0x08001d53   Thumb Code    86  stm32g4xx_hal_i2c_ex.o(i.HAL_I2CEx_ConfigAnalogFilter)
    HAL_I2CEx_ConfigDigitalFilter            0x08001da9   Thumb Code    82  stm32g4xx_hal_i2c_ex.o(i.HAL_I2CEx_ConfigDigitalFilter)
    HAL_I2C_Init                             0x08001dfd   Thumb Code   178  stm32g4xx_hal_i2c.o(i.HAL_I2C_Init)
    HAL_I2C_Mem_Write                        0x08001eb5   Thumb Code   340  stm32g4xx_hal_i2c.o(i.HAL_I2C_Mem_Write)
    HAL_I2C_MspInit                          0x0800200d   Thumb Code   150  i2c.o(i.HAL_I2C_MspInit)
    HAL_IncTick                              0x080020b1   Thumb Code    12  stm32g4xx_hal.o(i.HAL_IncTick)
    HAL_Init                                 0x080020c1   Thumb Code    30  stm32g4xx_hal.o(i.HAL_Init)
    HAL_InitTick                             0x080020e1   Thumb Code    58  stm32g4xx_hal.o(i.HAL_InitTick)
    HAL_MspInit                              0x08002125   Thumb Code    42  stm32g4xx_hal_msp.o(i.HAL_MspInit)
    HAL_NVIC_EnableIRQ                       0x08002155   Thumb Code    26  stm32g4xx_hal_cortex.o(i.HAL_NVIC_EnableIRQ)
    HAL_NVIC_SetPriority                     0x08002171   Thumb Code    60  stm32g4xx_hal_cortex.o(i.HAL_NVIC_SetPriority)
    HAL_NVIC_SetPriorityGrouping             0x080021b1   Thumb Code    26  stm32g4xx_hal_cortex.o(i.HAL_NVIC_SetPriorityGrouping)
    HAL_PWREx_ControlVoltageScaling          0x080021d5   Thumb Code   174  stm32g4xx_hal_pwr_ex.o(i.HAL_PWREx_ControlVoltageScaling)
    HAL_PWREx_DisableUCPDDeadBattery         0x08002291   Thumb Code    12  stm32g4xx_hal_pwr_ex.o(i.HAL_PWREx_DisableUCPDDeadBattery)
    HAL_RCCEx_PeriphCLKConfig                0x080022a1   Thumb Code   758  stm32g4xx_hal_rcc_ex.o(i.HAL_RCCEx_PeriphCLKConfig)
    HAL_RCC_ClockConfig                      0x080025a1   Thumb Code   444  stm32g4xx_hal_rcc.o(i.HAL_RCC_ClockConfig)
    HAL_RCC_GetPCLK1Freq                     0x0800277d   Thumb Code    24  stm32g4xx_hal_rcc.o(i.HAL_RCC_GetPCLK1Freq)
    HAL_RCC_GetPCLK2Freq                     0x080027a1   Thumb Code    24  stm32g4xx_hal_rcc.o(i.HAL_RCC_GetPCLK2Freq)
    HAL_RCC_GetSysClockFreq                  0x080027c5   Thumb Code    98  stm32g4xx_hal_rcc.o(i.HAL_RCC_GetSysClockFreq)
    HAL_RCC_OscConfig                        0x08002835   Thumb Code  1036  stm32g4xx_hal_rcc.o(i.HAL_RCC_OscConfig)
    HAL_SYSTICK_Config                       0x08002c41   Thumb Code    40  stm32g4xx_hal_cortex.o(i.HAL_SYSTICK_Config)
    HAL_TIMEx_Break2Callback                 0x08002c69   Thumb Code     2  stm32g4xx_hal_tim_ex.o(i.HAL_TIMEx_Break2Callback)
    HAL_TIMEx_BreakCallback                  0x08002c6b   Thumb Code     2  stm32g4xx_hal_tim_ex.o(i.HAL_TIMEx_BreakCallback)
    HAL_TIMEx_CommutCallback                 0x08002c6d   Thumb Code     2  stm32g4xx_hal_tim_ex.o(i.HAL_TIMEx_CommutCallback)
    HAL_TIMEx_DirectionChangeCallback        0x08002c6f   Thumb Code     2  stm32g4xx_hal_tim_ex.o(i.HAL_TIMEx_DirectionChangeCallback)
    HAL_TIMEx_EncoderIndexCallback           0x08002c71   Thumb Code     2  stm32g4xx_hal_tim_ex.o(i.HAL_TIMEx_EncoderIndexCallback)
    HAL_TIMEx_IndexErrorCallback             0x08002c73   Thumb Code     2  stm32g4xx_hal_tim_ex.o(i.HAL_TIMEx_IndexErrorCallback)
    HAL_TIMEx_MasterConfigSynchronization    0x08002c75   Thumb Code   150  stm32g4xx_hal_tim_ex.o(i.HAL_TIMEx_MasterConfigSynchronization)
    HAL_TIMEx_TransitionErrorCallback        0x08002d2d   Thumb Code     2  stm32g4xx_hal_tim_ex.o(i.HAL_TIMEx_TransitionErrorCallback)
    HAL_TIM_Base_Init                        0x08002d2f   Thumb Code    98  stm32g4xx_hal_tim.o(i.HAL_TIM_Base_Init)
    HAL_TIM_Base_MspInit                     0x08002d91   Thumb Code    50  tim.o(i.HAL_TIM_Base_MspInit)
    HAL_TIM_Base_Start_IT                    0x08002dc9   Thumb Code   106  stm32g4xx_hal_tim.o(i.HAL_TIM_Base_Start_IT)
    HAL_TIM_ConfigClockSource                0x08002e55   Thumb Code   234  stm32g4xx_hal_tim.o(i.HAL_TIM_ConfigClockSource)
    HAL_TIM_IC_CaptureCallback               0x08002f45   Thumb Code     2  stm32g4xx_hal_tim.o(i.HAL_TIM_IC_CaptureCallback)
    HAL_TIM_IRQHandler                       0x08002f47   Thumb Code   508  stm32g4xx_hal_tim.o(i.HAL_TIM_IRQHandler)
    HAL_TIM_OC_DelayElapsedCallback          0x08003143   Thumb Code     2  stm32g4xx_hal_tim.o(i.HAL_TIM_OC_DelayElapsedCallback)
    HAL_TIM_PWM_PulseFinishedCallback        0x08003145   Thumb Code     2  stm32g4xx_hal_tim.o(i.HAL_TIM_PWM_PulseFinishedCallback)
    HAL_TIM_PeriodElapsedCallback            0x08003147   Thumb Code     2  stm32g4xx_hal_tim.o(i.HAL_TIM_PeriodElapsedCallback)
    HAL_TIM_TriggerCallback                  0x08003149   Thumb Code     2  stm32g4xx_hal_tim.o(i.HAL_TIM_TriggerCallback)
    HAL_UARTEx_DisableFifoMode               0x0800314b   Thumb Code    62  stm32g4xx_hal_uart_ex.o(i.HAL_UARTEx_DisableFifoMode)
    HAL_UARTEx_RxEventCallback               0x08003189   Thumb Code     2  stm32g4xx_hal_uart.o(i.HAL_UARTEx_RxEventCallback)
    HAL_UARTEx_RxFifoFullCallback            0x0800318b   Thumb Code     2  stm32g4xx_hal_uart_ex.o(i.HAL_UARTEx_RxFifoFullCallback)
    HAL_UARTEx_SetRxFifoThreshold            0x0800318d   Thumb Code    76  stm32g4xx_hal_uart_ex.o(i.HAL_UARTEx_SetRxFifoThreshold)
    HAL_UARTEx_SetTxFifoThreshold            0x080031d9   Thumb Code    76  stm32g4xx_hal_uart_ex.o(i.HAL_UARTEx_SetTxFifoThreshold)
    HAL_UARTEx_TxFifoEmptyCallback           0x08003225   Thumb Code     2  stm32g4xx_hal_uart_ex.o(i.HAL_UARTEx_TxFifoEmptyCallback)
    HAL_UARTEx_WakeupCallback                0x08003227   Thumb Code     2  stm32g4xx_hal_uart_ex.o(i.HAL_UARTEx_WakeupCallback)
    HAL_UART_ErrorCallback                   0x08003229   Thumb Code     2  stm32g4xx_hal_uart.o(i.HAL_UART_ErrorCallback)
    HAL_UART_IRQHandler                      0x0800322d   Thumb Code   722  stm32g4xx_hal_uart.o(i.HAL_UART_IRQHandler)
    HAL_UART_Init                            0x0800350d   Thumb Code   106  stm32g4xx_hal_uart.o(i.HAL_UART_Init)
    HAL_UART_MspInit                         0x08003579   Thumb Code   168  usart.o(i.HAL_UART_MspInit)
    HAL_UART_TxCpltCallback                  0x08003635   Thumb Code     2  stm32g4xx_hal_uart.o(i.HAL_UART_TxCpltCallback)
    HardFault_Handler                        0x080039ad   Thumb Code     2  stm32g4xx_it.o(i.HardFault_Handler)
    KEY_GPIO_DEAL                            0x08003c79   Thumb Code    40  key.o(i.KEY_GPIO_DEAL)
    KEY_GPIO_Init                            0x08003ca5   Thumb Code    12  key.o(i.KEY_GPIO_Init)
    KEY_Init                                 0x08003cb1   Thumb Code   100  key.o(i.KEY_Init)
    MX_ADC1_Init                             0x08003dbd   Thumb Code   136  adc.o(i.MX_ADC1_Init)
    MX_ADC2_Init                             0x08003e4d   Thumb Code   164  adc.o(i.MX_ADC2_Init)
    MX_DMA_Init                              0x08003f05   Thumb Code    72  dma.o(i.MX_DMA_Init)
    MX_GPIO_Init                             0x08003f51   Thumb Code   134  gpio.o(i.MX_GPIO_Init)
    MX_HRTIM1_Init                           0x08003fe1   Thumb Code   864  hrtim.o(i.MX_HRTIM1_Init)
    MX_I2C1_Init                             0x08004349   Thumb Code    76  i2c.o(i.MX_I2C1_Init)
    MX_TIM2_Init                             0x080043a1   Thumb Code   100  tim.o(i.MX_TIM2_Init)
    MX_USART2_UART_Init                      0x08004409   Thumb Code    94  usart.o(i.MX_USART2_UART_Init)
    MemManage_Handler                        0x08004471   Thumb Code     2  stm32g4xx_it.o(i.MemManage_Handler)
    NMI_Handler                              0x08004473   Thumb Code     2  stm32g4xx_it.o(i.NMI_Handler)
    OLEDShowData                             0x08004475   Thumb Code    82  oled.o(i.OLEDShowData)
    OLED_CLS                                 0x080044f1   Thumb Code    18  oled.o(i.OLED_CLS)
    OLED_Fill                                0x08004505   Thumb Code    56  oled.o(i.OLED_Fill)
    OLED_Init                                0x0800453d   Thumb Code   186  oled.o(i.OLED_Init)
    OLED_ON                                  0x080045f7   Thumb Code    24  oled.o(i.OLED_ON)
    OLED_SHOW                                0x08004611   Thumb Code  1210  oled.o(i.OLED_SHOW)
    OLED_SetPos                              0x08004acb   Thumb Code    38  oled.o(i.OLED_SetPos)
    OLED_ShowStr                             0x08004af1   Thumb Code   208  oled.o(i.OLED_ShowStr)
    PendSV_Handler                           0x08004bc9   Thumb Code     2  stm32g4xx_it.o(i.PendSV_Handler)
    SVC_Handler                              0x08004bcb   Thumb Code     2  stm32g4xx_it.o(i.SVC_Handler)
    SysTick_Handler                          0x08004bcd   Thumb Code     4  stm32g4xx_it.o(i.SysTick_Handler)
    SystemClock_Config                       0x08004bd1   Thumb Code   100  main.o(i.SystemClock_Config)
    SystemInit                               0x08004c35   Thumb Code    12  system_stm32g4xx.o(i.SystemInit)
    TIM2_IRQHandler                          0x08004c45   Thumb Code    66  stm32g4xx_it.o(i.TIM2_IRQHandler)
    TIM_Base_SetConfig                       0x08004cb1   Thumb Code   176  stm32g4xx_hal_tim.o(i.TIM_Base_SetConfig)
    TIM_ETR_SetConfig                        0x08004d85   Thumb Code    20  stm32g4xx_hal_tim.o(i.TIM_ETR_SetConfig)
    UART_AdvFeatureConfig                    0x08004e39   Thumb Code   200  stm32g4xx_hal_uart.o(i.UART_AdvFeatureConfig)
    UART_CheckIdleState                      0x08004f01   Thumb Code    96  stm32g4xx_hal_uart.o(i.UART_CheckIdleState)
    UART_SetConfig                           0x08004fc9   Thumb Code   614  stm32g4xx_hal_uart.o(i.UART_SetConfig)
    UART_WaitOnFlagUntilTimeout              0x08005261   Thumb Code   198  stm32g4xx_hal_uart.o(i.UART_WaitOnFlagUntilTimeout)
    USART2_IRQHandler                        0x08005329   Thumb Code     6  stm32g4xx_it.o(i.USART2_IRQHandler)
    UsageFault_Handler                       0x08005335   Thumb Code     2  stm32g4xx_it.o(i.UsageFault_Handler)
    WriteCmd                                 0x08005339   Thumb Code    30  oled.o(i.WriteCmd)
    WriteDat                                 0x0800535d   Thumb Code    30  oled.o(i.WriteDat)
    act0                                     0x080053a1   Thumb Code     6  key.o(i.act0)
    act1                                     0x080053a9   Thumb Code    28  key.o(i.act1)
    act2                                     0x080053c9   Thumb Code    20  key.o(i.act2)
    act3                                     0x080053dd   Thumb Code    42  key.o(i.act3)
    callback10                               0x08005407   Thumb Code     2  key.o(i.callback10)
    callback11                               0x08005409   Thumb Code    24  key.o(i.callback11)
    callback12                               0x08005425   Thumb Code    10  key.o(i.callback12)
    callback13                               0x08005431   Thumb Code     8  key.o(i.callback13)
    callback20                               0x0800543d   Thumb Code     2  key.o(i.callback20)
    callback21                               0x08005441   Thumb Code    22  key.o(i.callback21)
    callback22                               0x0800545d   Thumb Code     8  key.o(i.callback22)
    callback23                               0x08005469   Thumb Code     8  key.o(i.callback23)
    callback30                               0x08005475   Thumb Code     2  key.o(i.callback30)
    callback31                               0x08005479   Thumb Code   130  key.o(i.callback31)
    callback32                               0x08005521   Thumb Code     8  key.o(i.callback32)
    callback33                               0x0800552d   Thumb Code   126  key.o(i.callback33)
    callback40                               0x080055d1   Thumb Code     2  key.o(i.callback40)
    callback41                               0x080055d5   Thumb Code   114  key.o(i.callback41)
    callback42                               0x0800566d   Thumb Code     8  key.o(i.callback42)
    callback43                               0x08005679   Thumb Code   122  key.o(i.callback43)
    main                                     0x08005719   Thumb Code   158  main.o(i.main)
    signalCal                                0x080057c9   Thumb Code   252  signalgen.o(i.signalCal)
    signalGen                                0x080058d1   Thumb Code    82  signalgen.o(i.signalGen)
    signal_init                              0x0800592d   Thumb Code    48  signalgen.o(i.signal_init)
    _fp_init                                 0x08005961   Thumb Code    10  fpinit.o(x$fpl$fpinit)
    __fplib_config_fpu_vfp                   0x08005969   Thumb Code     0  fpinit.o(x$fpl$fpinit)
    __fplib_config_pureend_doubles           0x08005969   Thumb Code     0  fpinit.o(x$fpl$fpinit)
    F6x8                                     0x0800596a   Data         552  oled.o(.constdata)
    F8X16                                    0x08005b92   Data        1520  oled.o(.constdata)
    NC_Logo                                  0x08006182   Data        1024  oled.o(.constdata)
    UARTPrescTable                           0x08006582   Data          24  stm32g4xx_hal_uart.o(.constdata)
    AHBPrescTable                            0x080065aa   Data          16  system_stm32g4xx.o(.constdata)
    APBPrescTable                            0x080065ba   Data           8  system_stm32g4xx.o(.constdata)
    Region$$Table$$Base                      0x080065c4   Number         0  anon$$obj.o(Region$$Table)
    Region$$Table$$Limit                     0x080065e4   Number         0  anon$$obj.o(Region$$Table)
    currentMode                              0x20000000   Data           1  key.o(.data)
    addCount                                 0x20000004   Data           4  key.o(.data)
    modeCounter                              0x20000008   Data           4  key.o(.data)
    angUpdateFlag                            0x2000000c   Data           4  key.o(.data)
    angMode                                  0x20000010   Data           8  key.o(.data)
    MYKEY1                                   0x20000018   Data          40  key.o(.data)
    MYKEY2                                   0x20000040   Data          40  key.o(.data)
    MYKEY3                                   0x20000068   Data          40  key.o(.data)
    MYKEY4                                   0x20000090   Data          40  key.o(.data)
    transition_table                         0x200000b8   Data          16  key.o(.data)
    fullperiod                               0x200000c8   Data           4  signalgen.o(.data)
    halfperiod                               0x200000cc   Data           4  signalgen.o(.data)
    freq                                     0x200000d0   Data           4  signalgen.o(.data)
    sita1Deg                                 0x200000d4   Data           4  signalgen.o(.data)
    sita2Deg                                 0x200000d8   Data           4  signalgen.o(.data)
    phiDeg                                   0x200000dc   Data           4  signalgen.o(.data)
    sita1Cmp                                 0x200000e0   Data           4  signalgen.o(.data)
    sita2Cmp                                 0x200000e4   Data           4  signalgen.o(.data)
    phiCmp                                   0x200000e8   Data           4  signalgen.o(.data)
    dt1                                      0x200000ec   Data           4  signalgen.o(.data)
    dt2                                      0x200000f0   Data           4  signalgen.o(.data)
    dt3                                      0x200000f4   Data           4  signalgen.o(.data)
    dt4                                      0x200000f8   Data           4  signalgen.o(.data)
    ADC_ConvertedValue                       0x200000fc   Data           6  main.o(.data)
    oledFlag                                 0x20000104   Data           4  main.o(.data)
    uwTickPrio                               0x2000010c   Data           4  stm32g4xx_hal.o(.data)
    uwTickFreq                               0x20000110   Data           4  stm32g4xx_hal.o(.data)
    uwTick                                   0x20000114   Data           4  stm32g4xx_hal.o(.data)
    SystemCoreClock                          0x20000118   Data           4  system_stm32g4xx.o(.data)
    hadc1                                    0x2000011c   Data         108  adc.o(.bss)
    hadc2                                    0x20000188   Data         108  adc.o(.bss)
    hdma_adc2                                0x200001f4   Data          96  adc.o(.bss)
    hhrtim1                                  0x20000254   Data         252  hrtim.o(.bss)
    hi2c1                                    0x20000350   Data          76  i2c.o(.bss)
    htim2                                    0x2000039c   Data          76  tim.o(.bss)
    huart2                                   0x200003e8   Data         144  usart.o(.bss)
    hdma_usart2_tx                           0x20000478   Data          96  usart.o(.bss)
    __libspace_start                         0x200004d8   Data          96  libspace.o(.bss)
    __temporary_stack_top$libspace           0x20000538   Data           0  libspace.o(.bss)



==============================================================================

Memory Map of the image

  Image Entry point : 0x080001d9

  Load Region LR_IROM1 (Base: 0x08000000, Size: 0x00006700, Max: 0x00020000, ABSOLUTE)

    Execution Region ER_IROM1 (Exec base: 0x08000000, Load base: 0x08000000, Size: 0x000065e4, Max: 0x00020000, ABSOLUTE)

    Exec Addr    Load Addr    Size         Type   Attr      Idx    E Section Name        Object

    0x08000000   0x08000000   0x000001d8   Data   RO            3    RESET               startup_stm32g474xx.o
    0x080001d8   0x080001d8   0x00000008   Code   RO         5968  * !!!main             c_w.l(__main.o)
    0x080001e0   0x080001e0   0x00000034   Code   RO         6137    !!!scatter          c_w.l(__scatter.o)
    0x08000214   0x08000214   0x0000001a   Code   RO         6139    !!handler_copy      c_w.l(__scatter_copy.o)
    0x0800022e   0x0800022e   0x00000002   PAD
    0x08000230   0x08000230   0x0000001c   Code   RO         6141    !!handler_zi        c_w.l(__scatter_zi.o)
    0x0800024c   0x0800024c   0x00000002   Code   RO         6005    .ARM.Collect$$libinit$$00000000  c_w.l(libinit.o)
    0x0800024e   0x0800024e   0x00000004   Code   RO         6017    .ARM.Collect$$libinit$$00000001  c_w.l(libinit2.o)
    0x08000252   0x08000252   0x00000000   Code   RO         6020    .ARM.Collect$$libinit$$00000004  c_w.l(libinit2.o)
    0x08000252   0x08000252   0x00000000   Code   RO         6023    .ARM.Collect$$libinit$$0000000A  c_w.l(libinit2.o)
    0x08000252   0x08000252   0x00000000   Code   RO         6025    .ARM.Collect$$libinit$$0000000C  c_w.l(libinit2.o)
    0x08000252   0x08000252   0x00000000   Code   RO         6027    .ARM.Collect$$libinit$$0000000E  c_w.l(libinit2.o)
    0x08000252   0x08000252   0x00000000   Code   RO         6030    .ARM.Collect$$libinit$$00000011  c_w.l(libinit2.o)
    0x08000252   0x08000252   0x00000000   Code   RO         6032    .ARM.Collect$$libinit$$00000013  c_w.l(libinit2.o)
    0x08000252   0x08000252   0x00000000   Code   RO         6034    .ARM.Collect$$libinit$$00000015  c_w.l(libinit2.o)
    0x08000252   0x08000252   0x00000000   Code   RO         6036    .ARM.Collect$$libinit$$00000017  c_w.l(libinit2.o)
    0x08000252   0x08000252   0x00000000   Code   RO         6038    .ARM.Collect$$libinit$$00000019  c_w.l(libinit2.o)
    0x08000252   0x08000252   0x00000000   Code   RO         6040    .ARM.Collect$$libinit$$0000001B  c_w.l(libinit2.o)
    0x08000252   0x08000252   0x00000000   Code   RO         6042    .ARM.Collect$$libinit$$0000001D  c_w.l(libinit2.o)
    0x08000252   0x08000252   0x00000000   Code   RO         6044    .ARM.Collect$$libinit$$0000001F  c_w.l(libinit2.o)
    0x08000252   0x08000252   0x00000000   Code   RO         6046    .ARM.Collect$$libinit$$00000021  c_w.l(libinit2.o)
    0x08000252   0x08000252   0x00000000   Code   RO         6048    .ARM.Collect$$libinit$$00000023  c_w.l(libinit2.o)
    0x08000252   0x08000252   0x00000000   Code   RO         6050    .ARM.Collect$$libinit$$00000025  c_w.l(libinit2.o)
    0x08000252   0x08000252   0x00000000   Code   RO         6054    .ARM.Collect$$libinit$$0000002C  c_w.l(libinit2.o)
    0x08000252   0x08000252   0x00000000   Code   RO         6056    .ARM.Collect$$libinit$$0000002E  c_w.l(libinit2.o)
    0x08000252   0x08000252   0x00000000   Code   RO         6058    .ARM.Collect$$libinit$$00000030  c_w.l(libinit2.o)
    0x08000252   0x08000252   0x00000000   Code   RO         6060    .ARM.Collect$$libinit$$00000032  c_w.l(libinit2.o)
    0x08000252   0x08000252   0x00000002   Code   RO         6061    .ARM.Collect$$libinit$$00000033  c_w.l(libinit2.o)
    0x08000254   0x08000254   0x00000002   Code   RO         6092    .ARM.Collect$$libshutdown$$00000000  c_w.l(libshutdown.o)
    0x08000256   0x08000256   0x00000000   Code   RO         6118    .ARM.Collect$$libshutdown$$00000002  c_w.l(libshutdown2.o)
    0x08000256   0x08000256   0x00000000   Code   RO         6120    .ARM.Collect$$libshutdown$$00000004  c_w.l(libshutdown2.o)
    0x08000256   0x08000256   0x00000000   Code   RO         6122    .ARM.Collect$$libshutdown$$00000006  c_w.l(libshutdown2.o)
    0x08000256   0x08000256   0x00000000   Code   RO         6125    .ARM.Collect$$libshutdown$$00000009  c_w.l(libshutdown2.o)
    0x08000256   0x08000256   0x00000000   Code   RO         6128    .ARM.Collect$$libshutdown$$0000000C  c_w.l(libshutdown2.o)
    0x08000256   0x08000256   0x00000000   Code   RO         6130    .ARM.Collect$$libshutdown$$0000000E  c_w.l(libshutdown2.o)
    0x08000256   0x08000256   0x00000000   Code   RO         6133    .ARM.Collect$$libshutdown$$00000011  c_w.l(libshutdown2.o)
    0x08000256   0x08000256   0x00000002   Code   RO         6134    .ARM.Collect$$libshutdown$$00000012  c_w.l(libshutdown2.o)
    0x08000258   0x08000258   0x00000000   Code   RO         5970    .ARM.Collect$$rtentry$$00000000  c_w.l(__rtentry.o)
    0x08000258   0x08000258   0x00000000   Code   RO         5976    .ARM.Collect$$rtentry$$00000002  c_w.l(__rtentry2.o)
    0x08000258   0x08000258   0x00000006   Code   RO         5988    .ARM.Collect$$rtentry$$00000004  c_w.l(__rtentry4.o)
    0x0800025e   0x0800025e   0x00000000   Code   RO         5978    .ARM.Collect$$rtentry$$00000009  c_w.l(__rtentry2.o)
    0x0800025e   0x0800025e   0x00000004   Code   RO         5979    .ARM.Collect$$rtentry$$0000000A  c_w.l(__rtentry2.o)
    0x08000262   0x08000262   0x00000000   Code   RO         5981    .ARM.Collect$$rtentry$$0000000C  c_w.l(__rtentry2.o)
    0x08000262   0x08000262   0x00000008   Code   RO         5982    .ARM.Collect$$rtentry$$0000000D  c_w.l(__rtentry2.o)
    0x0800026a   0x0800026a   0x00000002   Code   RO         6009    .ARM.Collect$$rtexit$$00000000  c_w.l(rtexit.o)
    0x0800026c   0x0800026c   0x00000000   Code   RO         6065    .ARM.Collect$$rtexit$$00000002  c_w.l(rtexit2.o)
    0x0800026c   0x0800026c   0x00000004   Code   RO         6066    .ARM.Collect$$rtexit$$00000003  c_w.l(rtexit2.o)
    0x08000270   0x08000270   0x00000006   Code   RO         6067    .ARM.Collect$$rtexit$$00000004  c_w.l(rtexit2.o)
    0x08000276   0x08000276   0x00000002   PAD
    0x08000278   0x08000278   0x00000040   Code   RO            4    .text               startup_stm32g474xx.o
    0x080002b8   0x080002b8   0x000000ee   Code   RO         5962    .text               c_w.l(lludivv7m.o)
    0x080003a6   0x080003a6   0x0000004e   Code   RO         5964    .text               c_w.l(rt_memclr_w.o)
    0x080003f4   0x080003f4   0x00000006   Code   RO         5966    .text               c_w.l(heapauxi.o)
    0x080003fa   0x080003fa   0x0000004a   Code   RO         5992    .text               c_w.l(sys_stackheap_outer.o)
    0x08000444   0x08000444   0x00000012   Code   RO         5994    .text               c_w.l(exit.o)
    0x08000456   0x08000456   0x00000002   PAD
    0x08000458   0x08000458   0x00000008   Code   RO         6006    .text               c_w.l(libspace.o)
    0x08000460   0x08000460   0x0000000c   Code   RO         6062    .text               c_w.l(sys_exit.o)
    0x0800046c   0x0800046c   0x00000002   Code   RO         6081    .text               c_w.l(use_no_semi.o)
    0x0800046e   0x0800046e   0x00000000   Code   RO         6083    .text               c_w.l(indicate_semi.o)
    0x0800046e   0x0800046e   0x00000068   Code   RO          947    i.ADC_DMAConvCplt   stm32g4xx_hal_adc.o
    0x080004d6   0x080004d6   0x0000001a   Code   RO          948    i.ADC_DMAError      stm32g4xx_hal_adc.o
    0x080004f0   0x080004f0   0x0000000a   Code   RO          949    i.ADC_DMAHalfConvCplt  stm32g4xx_hal_adc.o
    0x080004fa   0x080004fa   0x00000002   PAD
    0x080004fc   0x080004fc   0x00000070   Code   RO          950    i.ADC_Disable       stm32g4xx_hal_adc.o
    0x0800056c   0x0800056c   0x00000074   Code   RO          951    i.ADC_Enable        stm32g4xx_hal_adc.o
    0x080005e0   0x080005e0   0x00000028   Code   RO          272    i.Botton_Process    key.o
    0x08000608   0x08000608   0x00000002   Code   RO          822    i.BusFault_Handler  stm32g4xx_it.o
    0x0800060a   0x0800060a   0x00000002   PAD
    0x0800060c   0x0800060c   0x0000000c   Code   RO          823    i.DMA1_Channel1_IRQHandler  stm32g4xx_it.o
    0x08000618   0x08000618   0x0000000c   Code   RO          824    i.DMA1_Channel2_IRQHandler  stm32g4xx_it.o
    0x08000624   0x08000624   0x00000040   Code   RO         2242    i.DMA_CalcDMAMUXChannelBaseAndMask  stm32g4xx_hal_dma.o
    0x08000664   0x08000664   0x00000024   Code   RO         2243    i.DMA_CalcDMAMUXRequestGenBaseAndMask  stm32g4xx_hal_dma.o
    0x08000688   0x08000688   0x0000003e   Code   RO         2244    i.DMA_SetConfig     stm32g4xx_hal_dma.o
    0x080006c6   0x080006c6   0x00000002   Code   RO          825    i.DebugMon_Handler  stm32g4xx_it.o
    0x080006c8   0x080006c8   0x00000004   Code   RO          489    i.Error_Handler     main.o
    0x080006cc   0x080006cc   0x00000094   Code   RO         1184    i.HAL_ADCEx_Calibration_Start  stm32g4xx_hal_adc_ex.o
    0x08000760   0x08000760   0x00000160   Code   RO         1201    i.HAL_ADCEx_MultiModeConfigChannel  stm32g4xx_hal_adc_ex.o
    0x080008c0   0x080008c0   0x00000460   Code   RO          953    i.HAL_ADC_ConfigChannel  stm32g4xx_hal_adc.o
    0x08000d20   0x08000d20   0x00000002   Code   RO          954    i.HAL_ADC_ConvCpltCallback  stm32g4xx_hal_adc.o
    0x08000d22   0x08000d22   0x00000002   Code   RO          955    i.HAL_ADC_ConvHalfCpltCallback  stm32g4xx_hal_adc.o
    0x08000d24   0x08000d24   0x00000002   Code   RO          957    i.HAL_ADC_ErrorCallback  stm32g4xx_hal_adc.o
    0x08000d26   0x08000d26   0x00000002   PAD
    0x08000d28   0x08000d28   0x00000238   Code   RO          962    i.HAL_ADC_Init      stm32g4xx_hal_adc.o
    0x08000f60   0x08000f60   0x00000140   Code   RO          576    i.HAL_ADC_MspInit   adc.o
    0x080010a0   0x080010a0   0x0000012c   Code   RO          970    i.HAL_ADC_Start_DMA  stm32g4xx_hal_adc.o
    0x080011cc   0x080011cc   0x0000006a   Code   RO         2245    i.HAL_DMA_Abort     stm32g4xx_hal_dma.o
    0x08001236   0x08001236   0x00000078   Code   RO         2246    i.HAL_DMA_Abort_IT  stm32g4xx_hal_dma.o
    0x080012ae   0x080012ae   0x000000ba   Code   RO         2250    i.HAL_DMA_IRQHandler  stm32g4xx_hal_dma.o
    0x08001368   0x08001368   0x000000c0   Code   RO         2251    i.HAL_DMA_Init      stm32g4xx_hal_dma.o
    0x08001428   0x08001428   0x0000008c   Code   RO         2255    i.HAL_DMA_Start_IT  stm32g4xx_hal_dma.o
    0x080014b4   0x080014b4   0x00000024   Code   RO         1400    i.HAL_Delay         stm32g4xx_hal.o
    0x080014d8   0x080014d8   0x00000248   Code   RO         2107    i.HAL_GPIO_Init     stm32g4xx_hal_gpio.o
    0x08001720   0x08001720   0x0000000a   Code   RO         2109    i.HAL_GPIO_ReadPin  stm32g4xx_hal_gpio.o
    0x0800172a   0x0800172a   0x00000010   Code   RO         2110    i.HAL_GPIO_TogglePin  stm32g4xx_hal_gpio.o
    0x0800173a   0x0800173a   0x0000000a   Code   RO         2111    i.HAL_GPIO_WritePin  stm32g4xx_hal_gpio.o
    0x08001744   0x08001744   0x0000000c   Code   RO         1404    i.HAL_GetTick       stm32g4xx_hal.o
    0x08001750   0x08001750   0x00000062   Code   RO         2903    i.HAL_HRTIM_DLLCalibrationStart  stm32g4xx_hal_hrtim.o
    0x080017b2   0x080017b2   0x00000002   PAD
    0x080017b4   0x080017b4   0x0000008c   Code   RO         2906    i.HAL_HRTIM_DeadTimeConfig  stm32g4xx_hal_hrtim.o
    0x08001840   0x08001840   0x000000c0   Code   RO         2936    i.HAL_HRTIM_Init    stm32g4xx_hal_hrtim.o
    0x08001900   0x08001900   0x00000028   Code   RO          649    i.HAL_HRTIM_MspInit  hrtim.o
    0x08001928   0x08001928   0x00000094   Code   RO          650    i.HAL_HRTIM_MspPostInit  hrtim.o
    0x080019bc   0x080019bc   0x00000042   Code   RO         2945    i.HAL_HRTIM_PollForDLLCalibration  stm32g4xx_hal_hrtim.o
    0x080019fe   0x080019fe   0x0000007a   Code   RO         2987    i.HAL_HRTIM_TimeBaseConfig  stm32g4xx_hal_hrtim.o
    0x08001a78   0x08001a78   0x00000134   Code   RO         2993    i.HAL_HRTIM_WaveformCompareConfig  stm32g4xx_hal_hrtim.o
    0x08001bac   0x08001bac   0x0000002c   Code   RO         2994    i.HAL_HRTIM_WaveformCountStart  stm32g4xx_hal_hrtim.o
    0x08001bd8   0x08001bd8   0x00000036   Code   RO         3002    i.HAL_HRTIM_WaveformOutputConfig  stm32g4xx_hal_hrtim.o
    0x08001c0e   0x08001c0e   0x00000030   Code   RO         3003    i.HAL_HRTIM_WaveformOutputStart  stm32g4xx_hal_hrtim.o
    0x08001c3e   0x08001c3e   0x00000090   Code   RO         3006    i.HAL_HRTIM_WaveformTimerConfig  stm32g4xx_hal_hrtim.o
    0x08001cce   0x08001cce   0x00000084   Code   RO         3007    i.HAL_HRTIM_WaveformTimerControl  stm32g4xx_hal_hrtim.o
    0x08001d52   0x08001d52   0x00000056   Code   RO         4194    i.HAL_I2CEx_ConfigAnalogFilter  stm32g4xx_hal_i2c_ex.o
    0x08001da8   0x08001da8   0x00000052   Code   RO         4195    i.HAL_I2CEx_ConfigDigitalFilter  stm32g4xx_hal_i2c_ex.o
    0x08001dfa   0x08001dfa   0x00000002   PAD
    0x08001dfc   0x08001dfc   0x000000b8   Code   RO         3743    i.HAL_I2C_Init      stm32g4xx_hal_i2c.o
    0x08001eb4   0x08001eb4   0x00000158   Code   RO         3764    i.HAL_I2C_Mem_Write  stm32g4xx_hal_i2c.o
    0x0800200c   0x0800200c   0x000000a4   Code   RO          697    i.HAL_I2C_MspInit   i2c.o
    0x080020b0   0x080020b0   0x00000010   Code   RO         1407    i.HAL_IncTick       stm32g4xx_hal.o
    0x080020c0   0x080020c0   0x0000001e   Code   RO         1408    i.HAL_Init          stm32g4xx_hal.o
    0x080020de   0x080020de   0x00000002   PAD
    0x080020e0   0x080020e0   0x00000044   Code   RO         1409    i.HAL_InitTick      stm32g4xx_hal.o
    0x08002124   0x08002124   0x00000030   Code   RO          922    i.HAL_MspInit       stm32g4xx_hal_msp.o
    0x08002154   0x08002154   0x0000001a   Code   RO         2754    i.HAL_NVIC_EnableIRQ  stm32g4xx_hal_cortex.o
    0x0800216e   0x0800216e   0x00000002   PAD
    0x08002170   0x08002170   0x00000040   Code   RO         2760    i.HAL_NVIC_SetPriority  stm32g4xx_hal_cortex.o
    0x080021b0   0x080021b0   0x00000024   Code   RO         2761    i.HAL_NVIC_SetPriorityGrouping  stm32g4xx_hal_cortex.o
    0x080021d4   0x080021d4   0x000000bc   Code   RO         2510    i.HAL_PWREx_ControlVoltageScaling  stm32g4xx_hal_pwr_ex.o
    0x08002290   0x08002290   0x00000010   Code   RO         2522    i.HAL_PWREx_DisableUCPDDeadBattery  stm32g4xx_hal_pwr_ex.o
    0x080022a0   0x080022a0   0x00000300   Code   RO         1753    i.HAL_RCCEx_PeriphCLKConfig  stm32g4xx_hal_rcc_ex.o
    0x080025a0   0x080025a0   0x000001dc   Code   RO         1628    i.HAL_RCC_ClockConfig  stm32g4xx_hal_rcc.o
    0x0800277c   0x0800277c   0x00000024   Code   RO         1636    i.HAL_RCC_GetPCLK1Freq  stm32g4xx_hal_rcc.o
    0x080027a0   0x080027a0   0x00000024   Code   RO         1637    i.HAL_RCC_GetPCLK2Freq  stm32g4xx_hal_rcc.o
    0x080027c4   0x080027c4   0x00000070   Code   RO         1638    i.HAL_RCC_GetSysClockFreq  stm32g4xx_hal_rcc.o
    0x08002834   0x08002834   0x0000040c   Code   RO         1641    i.HAL_RCC_OscConfig  stm32g4xx_hal_rcc.o
    0x08002c40   0x08002c40   0x00000028   Code   RO         2765    i.HAL_SYSTICK_Config  stm32g4xx_hal_cortex.o
    0x08002c68   0x08002c68   0x00000002   Code   RO         4964    i.HAL_TIMEx_Break2Callback  stm32g4xx_hal_tim_ex.o
    0x08002c6a   0x08002c6a   0x00000002   Code   RO         4965    i.HAL_TIMEx_BreakCallback  stm32g4xx_hal_tim_ex.o
    0x08002c6c   0x08002c6c   0x00000002   Code   RO         4966    i.HAL_TIMEx_CommutCallback  stm32g4xx_hal_tim_ex.o
    0x08002c6e   0x08002c6e   0x00000002   Code   RO         4977    i.HAL_TIMEx_DirectionChangeCallback  stm32g4xx_hal_tim_ex.o
    0x08002c70   0x08002c70   0x00000002   Code   RO         4991    i.HAL_TIMEx_EncoderIndexCallback  stm32g4xx_hal_tim_ex.o
    0x08002c72   0x08002c72   0x00000002   Code   RO         5005    i.HAL_TIMEx_IndexErrorCallback  stm32g4xx_hal_tim_ex.o
    0x08002c74   0x08002c74   0x000000b8   Code   RO         5006    i.HAL_TIMEx_MasterConfigSynchronization  stm32g4xx_hal_tim_ex.o
    0x08002d2c   0x08002d2c   0x00000002   Code   RO         5027    i.HAL_TIMEx_TransitionErrorCallback  stm32g4xx_hal_tim_ex.o
    0x08002d2e   0x08002d2e   0x00000062   Code   RO         4250    i.HAL_TIM_Base_Init  stm32g4xx_hal_tim.o
    0x08002d90   0x08002d90   0x00000038   Code   RO          739    i.HAL_TIM_Base_MspInit  tim.o
    0x08002dc8   0x08002dc8   0x0000008c   Code   RO         4255    i.HAL_TIM_Base_Start_IT  stm32g4xx_hal_tim.o
    0x08002e54   0x08002e54   0x000000f0   Code   RO         4259    i.HAL_TIM_ConfigClockSource  stm32g4xx_hal_tim.o
    0x08002f44   0x08002f44   0x00000002   Code   RO         4284    i.HAL_TIM_IC_CaptureCallback  stm32g4xx_hal_tim.o
    0x08002f46   0x08002f46   0x000001fc   Code   RO         4298    i.HAL_TIM_IRQHandler  stm32g4xx_hal_tim.o
    0x08003142   0x08003142   0x00000002   Code   RO         4301    i.HAL_TIM_OC_DelayElapsedCallback  stm32g4xx_hal_tim.o
    0x08003144   0x08003144   0x00000002   Code   RO         4328    i.HAL_TIM_PWM_PulseFinishedCallback  stm32g4xx_hal_tim.o
    0x08003146   0x08003146   0x00000002   Code   RO         4336    i.HAL_TIM_PeriodElapsedCallback  stm32g4xx_hal_tim.o
    0x08003148   0x08003148   0x00000002   Code   RO         4341    i.HAL_TIM_TriggerCallback  stm32g4xx_hal_tim.o
    0x0800314a   0x0800314a   0x0000003e   Code   RO         5813    i.HAL_UARTEx_DisableFifoMode  stm32g4xx_hal_uart_ex.o
    0x08003188   0x08003188   0x00000002   Code   RO         5402    i.HAL_UARTEx_RxEventCallback  stm32g4xx_hal_uart.o
    0x0800318a   0x0800318a   0x00000002   Code   RO         5820    i.HAL_UARTEx_RxFifoFullCallback  stm32g4xx_hal_uart_ex.o
    0x0800318c   0x0800318c   0x0000004c   Code   RO         5821    i.HAL_UARTEx_SetRxFifoThreshold  stm32g4xx_hal_uart_ex.o
    0x080031d8   0x080031d8   0x0000004c   Code   RO         5822    i.HAL_UARTEx_SetTxFifoThreshold  stm32g4xx_hal_uart_ex.o
    0x08003224   0x08003224   0x00000002   Code   RO         5824    i.HAL_UARTEx_TxFifoEmptyCallback  stm32g4xx_hal_uart_ex.o
    0x08003226   0x08003226   0x00000002   Code   RO         5825    i.HAL_UARTEx_WakeupCallback  stm32g4xx_hal_uart_ex.o
    0x08003228   0x08003228   0x00000002   Code   RO         5418    i.HAL_UART_ErrorCallback  stm32g4xx_hal_uart.o
    0x0800322a   0x0800322a   0x00000002   PAD
    0x0800322c   0x0800322c   0x000002e0   Code   RO         5421    i.HAL_UART_IRQHandler  stm32g4xx_hal_uart.o
    0x0800350c   0x0800350c   0x0000006a   Code   RO         5422    i.HAL_UART_Init     stm32g4xx_hal_uart.o
    0x08003576   0x08003576   0x00000002   PAD
    0x08003578   0x08003578   0x000000bc   Code   RO          781    i.HAL_UART_MspInit  usart.o
    0x08003634   0x08003634   0x00000002   Code   RO         5434    i.HAL_UART_TxCpltCallback  stm32g4xx_hal_uart.o
    0x08003636   0x08003636   0x00000068   Code   RO         3014    i.HRTIM_ForceRegistersUpdate  stm32g4xx_hal_hrtim.o
    0x0800369e   0x0800369e   0x00000002   PAD
    0x080036a0   0x080036a0   0x00000092   Code   RO         3019    i.HRTIM_MasterWaveform_Config  stm32g4xx_hal_hrtim.o
    0x08003732   0x08003732   0x000000de   Code   RO         3021    i.HRTIM_OutputConfig  stm32g4xx_hal_hrtim.o
    0x08003810   0x08003810   0x0000019c   Code   RO         3024    i.HRTIM_TimingUnitWaveform_Config  stm32g4xx_hal_hrtim.o
    0x080039ac   0x080039ac   0x00000002   Code   RO          826    i.HardFault_Handler  stm32g4xx_it.o
    0x080039ae   0x080039ae   0x00000022   Code   RO         3790    i.I2C_Flush_TXDR    stm32g4xx_hal_i2c.o
    0x080039d0   0x080039d0   0x00000120   Code   RO         3798    i.I2C_IsErrorOccurred  stm32g4xx_hal_i2c.o
    0x08003af0   0x08003af0   0x00000064   Code   RO         3802    i.I2C_RequestMemoryWrite  stm32g4xx_hal_i2c.o
    0x08003b54   0x08003b54   0x00000030   Code   RO         3805    i.I2C_TransferConfig  stm32g4xx_hal_i2c.o
    0x08003b84   0x08003b84   0x00000058   Code   RO         3807    i.I2C_WaitOnFlagUntilTimeout  stm32g4xx_hal_i2c.o
    0x08003bdc   0x08003bdc   0x0000004c   Code   RO         3809    i.I2C_WaitOnSTOPFlagUntilTimeout  stm32g4xx_hal_i2c.o
    0x08003c28   0x08003c28   0x00000050   Code   RO         3810    i.I2C_WaitOnTXISFlagUntilTimeout  stm32g4xx_hal_i2c.o
    0x08003c78   0x08003c78   0x0000002c   Code   RO          273    i.KEY_GPIO_DEAL     key.o
    0x08003ca4   0x08003ca4   0x0000000c   Code   RO          274    i.KEY_GPIO_Init     key.o
    0x08003cb0   0x08003cb0   0x000000a8   Code   RO          275    i.KEY_Init          key.o
    0x08003d58   0x08003d58   0x0000000c   Code   RO          976    i.LL_ADC_GetOffsetChannel  stm32g4xx_hal_adc.o
    0x08003d64   0x08003d64   0x00000008   Code   RO          977    i.LL_ADC_INJ_IsConversionOngoing  stm32g4xx_hal_adc.o
    0x08003d6c   0x08003d6c   0x00000008   Code   RO          978    i.LL_ADC_REG_IsConversionOngoing  stm32g4xx_hal_adc.o
    0x08003d74   0x08003d74   0x00000008   Code   RO         1211    i.LL_ADC_REG_IsConversionOngoing  stm32g4xx_hal_adc_ex.o
    0x08003d7c   0x08003d7c   0x00000010   Code   RO          979    i.LL_ADC_REG_IsTriggerSourceSWStart  stm32g4xx_hal_adc.o
    0x08003d8c   0x08003d8c   0x0000001e   Code   RO          981    i.LL_ADC_SetChannelSamplingTime  stm32g4xx_hal_adc.o
    0x08003daa   0x08003daa   0x00000010   Code   RO          982    i.LL_ADC_SetOffsetState  stm32g4xx_hal_adc.o
    0x08003dba   0x08003dba   0x00000002   PAD
    0x08003dbc   0x08003dbc   0x00000090   Code   RO          577    i.MX_ADC1_Init      adc.o
    0x08003e4c   0x08003e4c   0x000000b8   Code   RO          578    i.MX_ADC2_Init      adc.o
    0x08003f04   0x08003f04   0x0000004c   Code   RO          624    i.MX_DMA_Init       dma.o
    0x08003f50   0x08003f50   0x00000090   Code   RO          551    i.MX_GPIO_Init      gpio.o
    0x08003fe0   0x08003fe0   0x00000368   Code   RO          651    i.MX_HRTIM1_Init    hrtim.o
    0x08004348   0x08004348   0x00000058   Code   RO          698    i.MX_I2C1_Init      i2c.o
    0x080043a0   0x080043a0   0x00000068   Code   RO          740    i.MX_TIM2_Init      tim.o
    0x08004408   0x08004408   0x00000068   Code   RO          782    i.MX_USART2_UART_Init  usart.o
    0x08004470   0x08004470   0x00000002   Code   RO          827    i.MemManage_Handler  stm32g4xx_it.o
    0x08004472   0x08004472   0x00000002   Code   RO          828    i.NMI_Handler       stm32g4xx_it.o
    0x08004474   0x08004474   0x0000007c   Code   RO           14    i.OLEDShowData      oled.o
    0x080044f0   0x080044f0   0x00000012   Code   RO           15    i.OLED_CLS          oled.o
    0x08004502   0x08004502   0x00000002   PAD
    0x08004504   0x08004504   0x00000038   Code   RO           17    i.OLED_Fill         oled.o
    0x0800453c   0x0800453c   0x000000ba   Code   RO           18    i.OLED_Init         oled.o
    0x080045f6   0x080045f6   0x00000018   Code   RO           20    i.OLED_ON           oled.o
    0x0800460e   0x0800460e   0x00000002   PAD
    0x08004610   0x08004610   0x000004ba   Code   RO           21    i.OLED_SHOW         oled.o
    0x08004aca   0x08004aca   0x00000026   Code   RO           22    i.OLED_SetPos       oled.o
    0x08004af0   0x08004af0   0x000000d8   Code   RO           26    i.OLED_ShowStr      oled.o
    0x08004bc8   0x08004bc8   0x00000002   Code   RO          829    i.PendSV_Handler    stm32g4xx_it.o
    0x08004bca   0x08004bca   0x00000002   Code   RO          830    i.SVC_Handler       stm32g4xx_it.o
    0x08004bcc   0x08004bcc   0x00000004   Code   RO          831    i.SysTick_Handler   stm32g4xx_it.o
    0x08004bd0   0x08004bd0   0x00000064   Code   RO          490    i.SystemClock_Config  main.o
    0x08004c34   0x08004c34   0x00000010   Code   RO         5926    i.SystemInit        system_stm32g4xx.o
    0x08004c44   0x08004c44   0x0000006c   Code   RO          832    i.TIM2_IRQHandler   stm32g4xx_it.o
    0x08004cb0   0x08004cb0   0x000000d4   Code   RO         4343    i.TIM_Base_SetConfig  stm32g4xx_hal_tim.o
    0x08004d84   0x08004d84   0x00000014   Code   RO         4354    i.TIM_ETR_SetConfig  stm32g4xx_hal_tim.o
    0x08004d98   0x08004d98   0x00000014   Code   RO         4355    i.TIM_ITRx_SetConfig  stm32g4xx_hal_tim.o
    0x08004dac   0x08004dac   0x00000022   Code   RO         4363    i.TIM_TI1_ConfigInputStage  stm32g4xx_hal_tim.o
    0x08004dce   0x08004dce   0x00000024   Code   RO         4365    i.TIM_TI2_ConfigInputStage  stm32g4xx_hal_tim.o
    0x08004df2   0x08004df2   0x00000002   PAD
    0x08004df4   0x08004df4   0x00000044   Code   RO         5826    i.UARTEx_SetNbDataToProcess  stm32g4xx_hal_uart_ex.o
    0x08004e38   0x08004e38   0x000000c8   Code   RO         5436    i.UART_AdvFeatureConfig  stm32g4xx_hal_uart.o
    0x08004f00   0x08004f00   0x00000060   Code   RO         5437    i.UART_CheckIdleState  stm32g4xx_hal_uart.o
    0x08004f60   0x08004f60   0x00000014   Code   RO         5438    i.UART_DMAAbortOnError  stm32g4xx_hal_uart.o
    0x08004f74   0x08004f74   0x00000054   Code   RO         5448    i.UART_EndRxTransfer  stm32g4xx_hal_uart.o
    0x08004fc8   0x08004fc8   0x00000298   Code   RO         5454    i.UART_SetConfig    stm32g4xx_hal_uart.o
    0x08005260   0x08005260   0x000000c6   Code   RO         5461    i.UART_WaitOnFlagUntilTimeout  stm32g4xx_hal_uart.o
    0x08005326   0x08005326   0x00000002   PAD
    0x08005328   0x08005328   0x0000000c   Code   RO          833    i.USART2_IRQHandler  stm32g4xx_it.o
    0x08005334   0x08005334   0x00000002   Code   RO          834    i.UsageFault_Handler  stm32g4xx_it.o
    0x08005336   0x08005336   0x00000002   PAD
    0x08005338   0x08005338   0x00000024   Code   RO           27    i.WriteCmd          oled.o
    0x0800535c   0x0800535c   0x00000024   Code   RO           28    i.WriteDat          oled.o
    0x08005380   0x08005380   0x00000020   Code   RO         2767    i.__NVIC_SetPriority  stm32g4xx_hal_cortex.o
    0x080053a0   0x080053a0   0x00000006   Code   RO          276    i.act0              key.o
    0x080053a6   0x080053a6   0x00000002   PAD
    0x080053a8   0x080053a8   0x00000020   Code   RO          277    i.act1              key.o
    0x080053c8   0x080053c8   0x00000014   Code   RO          278    i.act2              key.o
    0x080053dc   0x080053dc   0x0000002a   Code   RO          279    i.act3              key.o
    0x08005406   0x08005406   0x00000002   Code   RO          280    i.callback10        key.o
    0x08005408   0x08005408   0x0000001c   Code   RO          281    i.callback11        key.o
    0x08005424   0x08005424   0x0000000a   Code   RO          282    i.callback12        key.o
    0x0800542e   0x0800542e   0x00000002   PAD
    0x08005430   0x08005430   0x0000000c   Code   RO          283    i.callback13        key.o
    0x0800543c   0x0800543c   0x00000002   Code   RO          284    i.callback20        key.o
    0x0800543e   0x0800543e   0x00000002   PAD
    0x08005440   0x08005440   0x0000001c   Code   RO          285    i.callback21        key.o
    0x0800545c   0x0800545c   0x0000000c   Code   RO          286    i.callback22        key.o
    0x08005468   0x08005468   0x0000000c   Code   RO          287    i.callback23        key.o
    0x08005474   0x08005474   0x00000002   Code   RO          288    i.callback30        key.o
    0x08005476   0x08005476   0x00000002   PAD
    0x08005478   0x08005478   0x000000a8   Code   RO          289    i.callback31        key.o
    0x08005520   0x08005520   0x0000000c   Code   RO          290    i.callback32        key.o
    0x0800552c   0x0800552c   0x000000a4   Code   RO          291    i.callback33        key.o
    0x080055d0   0x080055d0   0x00000002   Code   RO          292    i.callback40        key.o
    0x080055d2   0x080055d2   0x00000002   PAD
    0x080055d4   0x080055d4   0x00000098   Code   RO          293    i.callback41        key.o
    0x0800566c   0x0800566c   0x0000000c   Code   RO          294    i.callback42        key.o
    0x08005678   0x08005678   0x000000a0   Code   RO          295    i.callback43        key.o
    0x08005718   0x08005718   0x000000b0   Code   RO          491    i.main              main.o
    0x080057c8   0x080057c8   0x00000108   Code   RO          443    i.signalCal         signalgen.o
    0x080058d0   0x080058d0   0x0000005c   Code   RO          444    i.signalGen         signalgen.o
    0x0800592c   0x0800592c   0x00000034   Code   RO          445    i.signal_init       signalgen.o
    0x08005960   0x08005960   0x0000000a   Code   RO         6077    x$fpl$fpinit        fz_wm.l(fpinit.o)
    0x0800596a   0x0800596a   0x00000c18   Data   RO           30    .constdata          oled.o
    0x08006582   0x08006582   0x00000018   Data   RO         5462    .constdata          stm32g4xx_hal_uart.o
    0x0800659a   0x0800659a   0x00000010   Data   RO         5827    .constdata          stm32g4xx_hal_uart_ex.o
    0x080065aa   0x080065aa   0x00000010   Data   RO         5927    .constdata          system_stm32g4xx.o
    0x080065ba   0x080065ba   0x00000008   Data   RO         5928    .constdata          system_stm32g4xx.o
    0x080065c2   0x080065c2   0x00000002   PAD
    0x080065c4   0x080065c4   0x00000020   Data   RO         6135    Region$$Table       anon$$obj.o


    Execution Region RW_IRAM1 (Exec base: 0x20000000, Load base: 0x080065e4, Size: 0x00000b38, Max: 0x00020000, ABSOLUTE)

    Exec Addr    Load Addr    Size         Type   Attr      Idx    E Section Name        Object

    0x20000000   0x080065e4   0x000000c8   Data   RW          296    .data               key.o
    0x200000c8   0x080066ac   0x00000034   Data   RW          446    .data               signalgen.o
    0x200000fc   0x080066e0   0x00000006   Data   RW          492    .data               main.o
    0x20000102   0x080066e6   0x00000002   PAD
    0x20000104   0x080066e8   0x00000004   Data   RW          493    .data               main.o
    0x20000108   0x080066ec   0x00000004   Data   RW          580    .data               adc.o
    0x2000010c   0x080066f0   0x0000000c   Data   RW         1428    .data               stm32g4xx_hal.o
    0x20000118   0x080066fc   0x00000004   Data   RW         5929    .data               system_stm32g4xx.o
    0x2000011c        -       0x00000138   Zero   RW          579    .bss                adc.o
    0x20000254        -       0x000000fc   Zero   RW          652    .bss                hrtim.o
    0x20000350        -       0x0000004c   Zero   RW          699    .bss                i2c.o
    0x2000039c        -       0x0000004c   Zero   RW          741    .bss                tim.o
    0x200003e8        -       0x000000f0   Zero   RW          783    .bss                usart.o
    0x200004d8        -       0x00000060   Zero   RW         6007    .bss                c_w.l(libspace.o)
    0x20000538        -       0x00000200   Zero   RW            2    HEAP                startup_stm32g474xx.o
    0x20000738        -       0x00000400   Zero   RW            1    STACK               startup_stm32g474xx.o


==============================================================================

Image component sizes


      Code (inc. data)   RO Data    RW Data    ZI Data      Debug   Object Name

       648         52          0          4        312       2760   adc.o
        76          4          0          0          0        778   dma.o
       144         10          0          0          0        927   gpio.o
      1060         30          0          0        252       2935   hrtim.o
       252         26          0          0         76       1725   i2c.o
      1142        294          0        200          0      13196   key.o
       280         18          0         10          0       2314   main.o
      1944        164       3096          0          0    1062147   oled.o
       408         26          0         52          0       2437   signalgen.o
        64         26        472          0       1536        824   startup_stm32g474xx.o
       162         24          0         12          0       4185   stm32g4xx_hal.o
      2452        162          0          0          0      81367   stm32g4xx_hal_adc.o
       508         36          0          0          0      69797   stm32g4xx_hal_adc_ex.o
       198         14          0          0          0      33735   stm32g4xx_hal_cortex.o
       906         30          0          0          0       6390   stm32g4xx_hal_dma.o
       620         34          0          0          0       3548   stm32g4xx_hal_gpio.o
      2232         32          0          0          0      15128   stm32g4xx_hal_hrtim.o
      1242         24          0          0          0       9771   stm32g4xx_hal_i2c.o
       168          0          0          0          0       1851   stm32g4xx_hal_i2c_ex.o
        48          6          0          0          0        822   stm32g4xx_hal_msp.o
       204         18          0          0          0       1365   stm32g4xx_hal_pwr_ex.o
      1696         92          0          0          0       6152   stm32g4xx_hal_rcc.o
       768         10          0          0          0       1920   stm32g4xx_hal_rcc_ex.o
      1318         80          0          0          0      10617   stm32g4xx_hal_tim.o
       198         34          0          0          0       5216   stm32g4xx_hal_tim_ex.o
      2110         90         24          0          0      28940   stm32g4xx_hal_uart.o
       288          6         16          0          0       5198   stm32g4xx_hal_uart_ex.o
       164         60          0          0          0       5850   stm32g4xx_it.o
        16          4         24          4          0       1067   system_stm32g4xx.o
       160         10          0          0         76       1618   tim.o
       292         30          0          0        240       1801   usart.o

    ----------------------------------------------------------------------
     21810       1446       3666        284       2492    1386381   Object Totals
         0          0         32          0          0          0   (incl. Generated)
        42          0          2          2          0          0   (incl. Padding)

    ----------------------------------------------------------------------

      Code (inc. data)   RO Data    RW Data    ZI Data      Debug   Library Member Name

         8          0          0          0          0         68   __main.o
         0          0          0          0          0          0   __rtentry.o
        12          0          0          0          0          0   __rtentry2.o
         6          0          0          0          0          0   __rtentry4.o
        52          8          0          0          0          0   __scatter.o
        26          0          0          0          0          0   __scatter_copy.o
        28          0          0          0          0          0   __scatter_zi.o
        18          0          0          0          0         80   exit.o
         6          0          0          0          0        152   heapauxi.o
         0          0          0          0          0          0   indicate_semi.o
         2          0          0          0          0          0   libinit.o
         6          0          0          0          0          0   libinit2.o
         2          0          0          0          0          0   libshutdown.o
         2          0          0          0          0          0   libshutdown2.o
         8          4          0          0         96         68   libspace.o
       238          0          0          0          0        100   lludivv7m.o
        78          0          0          0          0         80   rt_memclr_w.o
         2          0          0          0          0          0   rtexit.o
        10          0          0          0          0          0   rtexit2.o
        12          4          0          0          0         68   sys_exit.o
        74          0          0          0          0         80   sys_stackheap_outer.o
         2          0          0          0          0         68   use_no_semi.o
        10          0          0          0          0        116   fpinit.o

    ----------------------------------------------------------------------
       608         16          0          0         96        880   Library Totals
         6          0          0          0          0          0   (incl. Padding)

    ----------------------------------------------------------------------

      Code (inc. data)   RO Data    RW Data    ZI Data      Debug   Library Name

       592         16          0          0         96        764   c_w.l
        10          0          0          0          0        116   fz_wm.l

    ----------------------------------------------------------------------
       608         16          0          0         96        880   Library Totals

    ----------------------------------------------------------------------

==============================================================================


      Code (inc. data)   RO Data    RW Data    ZI Data      Debug   

     22418       1462       3666        284       2588    1369301   Grand Totals
     22418       1462       3666        284       2588    1369301   ELF Image Totals
     22418       1462       3666        284          0          0   ROM Totals

==============================================================================

    Total RO  Size (Code + RO Data)                26084 (  25.47kB)
    Total RW  Size (RW Data + ZI Data)              2872 (   2.80kB)
    Total ROM Size (Code + RO Data + RW Data)      26368 (  25.75kB)

==============================================================================

